Archive member included because of file (symbol)

c:/altera/12.1sp1/nios2eds/bin/gnu/h-i686-mingw32/bin/../lib/gcc/nios2-elf/4.1.2/../../../../nios2-elf/lib/mno-hw-mul\libc.a(lib_a-puts.o)
                              obj/default/MIDISynthesizer.o (puts)
c:/altera/12.1sp1/nios2eds/bin/gnu/h-i686-mingw32/bin/../lib/gcc/nios2-elf/4.1.2/../../../../nios2-elf/lib/mno-hw-mul\libc.a(lib_a-strlen.o)
                              c:/altera/12.1sp1/nios2eds/bin/gnu/h-i686-mingw32/bin/../lib/gcc/nios2-elf/4.1.2/../../../../nios2-elf/lib/mno-hw-mul\libc.a(lib_a-puts.o) (strlen)
c:/altera/12.1sp1/nios2eds/bin/gnu/h-i686-mingw32/bin/../lib/gcc/nios2-elf/4.1.2/../../../../nios2-elf/lib/mno-hw-mul\libc.a(lib_a-fvwrite.o)
                              c:/altera/12.1sp1/nios2eds/bin/gnu/h-i686-mingw32/bin/../lib/gcc/nios2-elf/4.1.2/../../../../nios2-elf/lib/mno-hw-mul\libc.a(lib_a-puts.o) (__sfvwrite_r)
c:/altera/12.1sp1/nios2eds/bin/gnu/h-i686-mingw32/bin/../lib/gcc/nios2-elf/4.1.2/../../../../nios2-elf/lib/mno-hw-mul\libc.a(lib_a-impure.o)
                              c:/altera/12.1sp1/nios2eds/bin/gnu/h-i686-mingw32/bin/../lib/gcc/nios2-elf/4.1.2/../../../../nios2-elf/lib/mno-hw-mul\libc.a(lib_a-puts.o) (_impure_ptr)
c:/altera/12.1sp1/nios2eds/bin/gnu/h-i686-mingw32/bin/../lib/gcc/nios2-elf/4.1.2/../../../../nios2-elf/lib/mno-hw-mul\libc.a(lib_a-mallocr.o)
                              c:/altera/12.1sp1/nios2eds/bin/gnu/h-i686-mingw32/bin/../lib/gcc/nios2-elf/4.1.2/../../../../nios2-elf/lib/mno-hw-mul\libc.a(lib_a-fvwrite.o) (_malloc_r)
c:/altera/12.1sp1/nios2eds/bin/gnu/h-i686-mingw32/bin/../lib/gcc/nios2-elf/4.1.2/../../../../nios2-elf/lib/mno-hw-mul\libc.a(lib_a-memchr.o)
                              c:/altera/12.1sp1/nios2eds/bin/gnu/h-i686-mingw32/bin/../lib/gcc/nios2-elf/4.1.2/../../../../nios2-elf/lib/mno-hw-mul\libc.a(lib_a-fvwrite.o) (memchr)
c:/altera/12.1sp1/nios2eds/bin/gnu/h-i686-mingw32/bin/../lib/gcc/nios2-elf/4.1.2/../../../../nios2-elf/lib/mno-hw-mul\libc.a(lib_a-memcpy.o)
                              c:/altera/12.1sp1/nios2eds/bin/gnu/h-i686-mingw32/bin/../lib/gcc/nios2-elf/4.1.2/../../../../nios2-elf/lib/mno-hw-mul\libc.a(lib_a-fvwrite.o) (memcpy)
c:/altera/12.1sp1/nios2eds/bin/gnu/h-i686-mingw32/bin/../lib/gcc/nios2-elf/4.1.2/../../../../nios2-elf/lib/mno-hw-mul\libc.a(lib_a-memmove.o)
                              c:/altera/12.1sp1/nios2eds/bin/gnu/h-i686-mingw32/bin/../lib/gcc/nios2-elf/4.1.2/../../../../nios2-elf/lib/mno-hw-mul\libc.a(lib_a-fvwrite.o) (memmove)
c:/altera/12.1sp1/nios2eds/bin/gnu/h-i686-mingw32/bin/../lib/gcc/nios2-elf/4.1.2/../../../../nios2-elf/lib/mno-hw-mul\libc.a(lib_a-reallocr.o)
                              c:/altera/12.1sp1/nios2eds/bin/gnu/h-i686-mingw32/bin/../lib/gcc/nios2-elf/4.1.2/../../../../nios2-elf/lib/mno-hw-mul\libc.a(lib_a-fvwrite.o) (_realloc_r)
c:/altera/12.1sp1/nios2eds/bin/gnu/h-i686-mingw32/bin/../lib/gcc/nios2-elf/4.1.2/../../../../nios2-elf/lib/mno-hw-mul\libc.a(lib_a-sbrkr.o)
                              c:/altera/12.1sp1/nios2eds/bin/gnu/h-i686-mingw32/bin/../lib/gcc/nios2-elf/4.1.2/../../../../nios2-elf/lib/mno-hw-mul\libc.a(lib_a-mallocr.o) (_sbrk_r)
c:/altera/12.1sp1/nios2eds/bin/gnu/h-i686-mingw32/bin/../lib/gcc/nios2-elf/4.1.2/../../../../nios2-elf/lib/mno-hw-mul\libc.a(lib_a-wsetup.o)
                              c:/altera/12.1sp1/nios2eds/bin/gnu/h-i686-mingw32/bin/../lib/gcc/nios2-elf/4.1.2/../../../../nios2-elf/lib/mno-hw-mul\libc.a(lib_a-fvwrite.o) (__swsetup_r)
c:/altera/12.1sp1/nios2eds/bin/gnu/h-i686-mingw32/bin/../lib/gcc/nios2-elf/4.1.2/../../../../nios2-elf/lib/mno-hw-mul\libc.a(lib_a-fflush.o)
                              c:/altera/12.1sp1/nios2eds/bin/gnu/h-i686-mingw32/bin/../lib/gcc/nios2-elf/4.1.2/../../../../nios2-elf/lib/mno-hw-mul\libc.a(lib_a-fvwrite.o) (_fflush_r)
c:/altera/12.1sp1/nios2eds/bin/gnu/h-i686-mingw32/bin/../lib/gcc/nios2-elf/4.1.2/../../../../nios2-elf/lib/mno-hw-mul\libc.a(lib_a-findfp.o)
                              c:/altera/12.1sp1/nios2eds/bin/gnu/h-i686-mingw32/bin/../lib/gcc/nios2-elf/4.1.2/../../../../nios2-elf/lib/mno-hw-mul\libc.a(lib_a-wsetup.o) (__sinit)
c:/altera/12.1sp1/nios2eds/bin/gnu/h-i686-mingw32/bin/../lib/gcc/nios2-elf/4.1.2/../../../../nios2-elf/lib/mno-hw-mul\libc.a(lib_a-freer.o)
                              c:/altera/12.1sp1/nios2eds/bin/gnu/h-i686-mingw32/bin/../lib/gcc/nios2-elf/4.1.2/../../../../nios2-elf/lib/mno-hw-mul\libc.a(lib_a-fvwrite.o) (_free_r)
c:/altera/12.1sp1/nios2eds/bin/gnu/h-i686-mingw32/bin/../lib/gcc/nios2-elf/4.1.2/../../../../nios2-elf/lib/mno-hw-mul\libc.a(lib_a-fwalk.o)
                              c:/altera/12.1sp1/nios2eds/bin/gnu/h-i686-mingw32/bin/../lib/gcc/nios2-elf/4.1.2/../../../../nios2-elf/lib/mno-hw-mul\libc.a(lib_a-fflush.o) (_fwalk_reent)
c:/altera/12.1sp1/nios2eds/bin/gnu/h-i686-mingw32/bin/../lib/gcc/nios2-elf/4.1.2/../../../../nios2-elf/lib/mno-hw-mul\libc.a(lib_a-int_errno.o)
[...]
Memory Configuration

Name             Origin             Length             Attributes
sram_0           0x00080000         0x00080000
reset            0x00104000         0x00000020
onchip_memory2_0 0x00104020         0x00003fe0
*default*        0x00000000         0xffffffff

Linker script and memory map

LOAD ../SynthesizerSoftware_bsp//obj/HAL/src/crt0.o
LOAD obj/default/MIDISynthesizer.o
LOAD c:/altera/12.1sp1/nios2eds/bin/gnu/h-i686-mingw32/bin/../lib/gcc/nios2-elf/4.1.2/../../../../nios2-elf/lib/mno-hw-mul\libstdc++.a
LOAD c:/altera/12.1sp1/nios2eds/bin/gnu/h-i686-mingw32/bin/../lib/gcc/nios2-elf/4.1.2/../../../../nios2-elf/lib/mno-hw-mul\libm.a
LOAD c:/altera/12.1sp1/nios2eds/bin/gnu/h-i686-mingw32/bin/../lib/gcc/nios2-elf/4.1.2/mno-hw-mul\libgcc.a
START GROUP
LOAD c:/altera/12.1sp1/nios2eds/bin/gnu/h-i686-mingw32/bin/../lib/gcc/nios2-elf/4.1.2/../../../../nios2-elf/lib/mno-hw-mul\libc.a
LOAD c:/altera/12.1sp1/nios2eds/bin/gnu/h-i686-mingw32/bin/../lib/gcc/nios2-elf/4.1.2/mno-hw-mul\libgcc.a
LOAD ../SynthesizerSoftware_bsp/\libucosii_bsp.a
END GROUP
LOAD c:/altera/12.1sp1/nios2eds/bin/gnu/h-i686-mingw32/bin/../lib/gcc/nios2-elf/4.1.2/mno-hw-mul\libgcc.a
                0x00080000                __alt_mem_sram_0 = 0x80000
                0x00104000                __alt_mem_onchip_memory2_0 = 0x104000

.entry          0x00104000       0x20
 *(.entry)
 .entry         0x00104000       0x20 ../SynthesizerSoftware_bsp//obj/HAL/src/crt0.o
                0x00104000                __reset

.exceptions     0x00104020      0x19c load address 0x00080000
                0x00104020                PROVIDE (__ram_exceptions_start, ABSOLUTE (.))
                0x00104020                . = ALIGN (0x20)
 *(.irq)
 *(.exceptions.entry.label)
 .exceptions.entry.label
                0x00104020        0x0 ../SynthesizerSoftware_bsp/\libucosii_bsp.a(alt_irq_entry.o)
                0x00104020                alt_irq_entry
 .exceptions.entry.label
                0x00104020        0x0 ../SynthesizerSoftware_bsp/\libucosii_bsp.a(alt_exception_entry.o)
                0x00104020                alt_exception
 *(.exceptions.entry.user)
 *(.exceptions.entry)
 .exceptions.entry
                0x00104020       0x54 ../SynthesizerSoftware_bsp/\libucosii_bsp.a(alt_exception_entry.o)
 *(.exceptions.irqtest.user)
 *(.exceptions.irqtest)
 .exceptions.irqtest
                0x00104074       0x10 ../SynthesizerSoftware_bsp/\libucosii_bsp.a(alt_irq_entry.o)
 *(.exceptions.irqhandler.user)
 *(.exceptions.irqhandler)
 .exceptions.irqhandler
                0x00104084        0x4 ../SynthesizerSoftware_bsp/\libucosii_bsp.a(alt_irq_entry.o)
 *(.exceptions.irqreturn.user)
 *(.exceptions.irqreturn)
 .exceptions.irqreturn
                0x00104088        0x4 ../SynthesizerSoftware_bsp/\libucosii_bsp.a(alt_irq_entry.o)
 *(.exceptions.notirq.label)
 .exceptions.notirq.label
                0x0010408c        0x0 ../SynthesizerSoftware_bsp/\libucosii_bsp.a(alt_irq_entry.o)
 *(.exceptions.notirq.user)
 *(.exceptions.notirq)
 .exceptions.notirq
                0x0010408c        0x8 ../SynthesizerSoftware_bsp/\libucosii_bsp.a(alt_exception_entry.o)
 *(.exceptions.soft.user)
 *(.exceptions.soft)
 *(.exceptions.unknown.user)
 *(.exceptions.unknown)
 .exceptions.unknown
                0x00104094        0x4 ../SynthesizerSoftware_bsp/\libucosii_bsp.a(alt_exception_entry.o)
 *(.exceptions.exit.label)
 .exceptions.exit.label
                0x00104098        0x0 ../SynthesizerSoftware_bsp/\libucosii_bsp.a(alt_irq_entry.o)
 .exceptions.exit.label
                0x00104098        0x0 ../SynthesizerSoftware_bsp/\libucosii_bsp.a(alt_exception_entry.o)
 *(.exceptions.exit.user)
 *(.exceptions.exit)
 .exceptions.exit
                0x00104098       0x54 ../SynthesizerSoftware_bsp/\libucosii_bsp.a(alt_exception_entry.o)
 *(.exceptions)
 .exceptions    0x001040ec       0xd0 ../SynthesizerSoftware_bsp/\libucosii_bsp.a(alt_irq_handler.o)
                0x001040ec                alt_irq_handler
                0x001041bc                PROVIDE (__ram_exceptions_end, ABSOLUTE (.))
                0x00080000                PROVIDE (__flash_exceptions_start, LOADADDR (.exceptions))

.text           0x0008019c     0xecac
                0x0008019c                PROVIDE (stext, ABSOLUTE (.))
 *(.interp)
 *(.hash)
 *(.dynsym)
 *(.dynstr)
 *(.gnu.version)
 *(.gnu.version_d)
 *(.gnu.version_r)
 *(.rel.init)
 *(.rela.init)
 *(.rel.text .rel.text.* .rel.gnu.linkonce.t.*)
 *(.rela.text .rela.text.* .rela.gnu.linkonce.t.*)
 *(.rel.fini)
 *(.rela.fini)
 *(.rel.rodata .rel.rodata.* .rel.gnu.linkonce.r.*)
 *(.rela.rodata .rela.rodata.* .rela.gnu.linkonce.r.*)
 *(.rel.data .rel.data.* .rel.gnu.linkonce.d.*)
 *(.rela.data .rela.data.* .rela.gnu.linkonce.d.*)
 *(.rel.tdata .rel.tdata.* .rel.gnu.linkonce.td.*)
 *(.rela.tdata .rela.tdata.* .rela.gnu.linkonce.td.*)
 *(.rel.tbss .rel.tbss.* .rel.gnu.linkonce.tb.*)
 *(.rela.tbss .rela.tbss.* .rela.gnu.linkonce.tb.*)
 *(.rel.ctors)
 *(.rela.ctors)
 *(.rel.dtors)
 *(.rela.dtors)
 *(.rel.got)
 *(.rela.got)
 *(.rel.sdata .rel.sdata.* .rel.gnu.linkonce.s.*)
 *(.rela.sdata .rela.sdata.* .rela.gnu.linkonce.s.*)
 *(.rel.sbss .rel.sbss.* .rel.gnu.linkonce.sb.*)
 *(.rela.sbss .rela.sbss.* .rela.gnu.linkonce.sb.*)
 *(.rel.sdata2 .rel.sdata2.* .rel.gnu.linkonce.s2.*)
 *(.rela.sdata2 .rela.sdata2.* .rela.gnu.linkonce.s2.*)
 *(.rel.sbss2 .rel.sbss2.* .rel.gnu.linkonce.sb2.*)
 *(.rela.sbss2 .rela.sbss2.* .rela.gnu.linkonce.sb2.*)
 *(.rel.bss .rel.bss.* .rel.gnu.linkonce.b.*)
 *(.rela.bss .rela.bss.* .rela.gnu.linkonce.b.*)
 *(.rel.plt)
 *(.rela.plt)
 *(.rel.dyn)
 *(.init)
 *(.plt)
 *(.text .stub .text.* .gnu.linkonce.t.*)
 .text          0x0008019c       0x3c ../SynthesizerSoftware_bsp//obj/HAL/src/crt0.o
                0x0008019c                _start
 .text          0x000801d8      0x210 obj/default/MIDISynthesizer.o
                0x000801d8                task1
                0x00080304                task2
                0x0008033c                main
 .text          0x000803e8       0xb4 c:/altera/12.1sp1/nios2eds/bin/gnu/h-i686-mingw32/bin/../lib/gcc/nios2-elf/4.1.2/../../../../nios2-elf/lib/mno-hw-mul\libc.a(lib_a-puts.o)
                0x000803e8                _puts_r
                0x00080488                puts
 .text          0x0008049c       0x74 c:/altera/12.1sp1/nios2eds/bin/gnu/h-i686-mingw32/bin/../lib/gcc/nios2-elf/4.1.2/../../../../nios2-elf/lib/mno-hw-mul\libc.a(lib_a-strlen.o)
                0x0008049c                strlen
 .text          0x00080510      0x49c c:/altera/12.1sp1/nios2eds/bin/gnu/h-i686-mingw32/bin/../lib/gcc/nios2-elf/4.1.2/../../../../nios2-elf/lib/mno-hw-mul\libc.a(lib_a-fvwrite.o)
                0x00080510                __sfvwrite_r
 .text          0x000809ac        0x0 c:/altera/12.1sp1/nios2eds/bin/gnu/h-i686-mingw32/bin/../lib/gcc/nios2-elf/4.1.2/../../../../nios2-elf/lib/mno-hw-mul\libc.a(lib_a-impure.o)
 .text          0x000809ac      0x740 c:/altera/12.1sp1/nios2eds/bin/gnu/h-i686-mingw32/bin/../lib/gcc/nios2-elf/4.1.2/../../../../nios2-elf/lib/mno-hw-mul\libc.a(lib_a-mallocr.o)
                0x000809ac                _malloc_r
 .text          0x000810ec       0xe4 c:/altera/12.1sp1/nios2eds/bin/gnu/h-i686-mingw32/bin/../lib/gcc/nios2-elf/4.1.2/../../../../nios2-elf/lib/mno-hw-mul\libc.a(lib_a-memchr.o)
                0x000810ec                memchr
 .text          0x000811d0       0xa0 c:/altera/12.1sp1/nios2eds/bin/gnu/h-i686-mingw32/bin/../lib/gcc/nios2-elf/4.1.2/../../../../nios2-elf/lib/mno-hw-mul\libc.a(lib_a-memcpy.o)
                0x000811d0                memcpy
 .text          0x00081270       0xe0 c:/altera/12.1sp1/nios2eds/bin/gnu/h-i686-mingw32/bin/../lib/gcc/nios2-elf/4.1.2/../../../../nios2-elf/lib/mno-hw-mul\libc.a(lib_a-memmove.o)
                0x00081270                memmove
 .text          0x00081350      0x5f4 c:/altera/12.1sp1/nios2eds/bin/gnu/h-i686-mingw32/bin/../lib/gcc/nios2-elf/4.1.2/../../../../nios2-elf/lib/mno-hw-mul\libc.a(lib_a-reallocr.o)
                0x00081350                _realloc_r
 .text          0x00081944       0x70 c:/altera/12.1sp1/nios2eds/bin/gnu/h-i686-mingw32/bin/../lib/gcc/nios2-elf/4.1.2/../../../../nios2-elf/lib/mno-hw-mul\libc.a(lib_a-sbrkr.o)
                0x00081944                _sbrk_r
 .text          0x000819b4      0x13c c:/altera/12.1sp1/nios2eds/bin/gnu/h-i686-mingw32/bin/../lib/gcc/nios2-elf/4.1.2/../../../../nios2-elf/lib/mno-hw-mul\libc.a(lib_a-wsetup.o)
                0x000819b4                __swsetup_r
 .text          0x00081af0      0x230 c:/altera/12.1sp1/nios2eds/bin/gnu/h-i686-mingw32/bin/../lib/gcc/nios2-elf/4.1.2/../../../../nios2-elf/lib/mno-hw-mul\libc.a(lib_a-fflush.o)
                0x00081af0                _fflush_r
                0x00081cec                fflush
 .text          0x00081d20      0x2f4 c:/altera/12.1sp1/nios2eds/bin/gnu/h-i686-mingw32/bin/../lib/gcc/nios2-elf/4.1.2/../../../../nios2-elf/lib/mno-hw-mul\libc.a(lib_a-findfp.o)
                0x00081d78                __sfp_lock_acquire
                0x00081d7c                __sfp_lock_release
                0x00081d80                __sinit_lock_acquire
                0x00081d84                __sinit_lock_release
                0x00081d88                __sinit
                0x00081e3c                __fp_unlock_all
                0x00081e54                __fp_lock_all
                0x00081e6c                _cleanup_r
                0x00081e78                _cleanup
                0x00081e88                __sfmoreglue
                0x00081f24                __sfp
 .text          0x00082014      0x440 c:/altera/12.1sp1/nios2eds/bin/gnu/h-i686-mingw32/bin/../lib/gcc/nios2-elf/4.1.2/../../../../nios2-elf/lib/mno-hw-mul\libc.a(lib_a-freer.o)
                0x00082014                _malloc_trim_r
                0x00082140                _free_r
 .text          0x00082454      0x180 c:/altera/12.1sp1/nios2eds/bin/gnu/h-i686-mingw32/bin/../lib/gcc/nios2-elf/4.1.2/../../../../nios2-elf/lib/mno-hw-mul\libc.a(lib_a-fwalk.o)
                0x00082454                _fwalk_reent
                0x0008251c                _fwalk
 .text          0x000825d4        0x0 c:/altera/12.1sp1/nios2eds/bin/gnu/h-i686-mingw32/bin/../lib/gcc/nios2-elf/4.1.2/../../../../nios2-elf/lib/mno-hw-mul\libc.a(lib_a-int_errno.o)
 .text          0x000825d4      0x194 c:/altera/12.1sp1/nios2eds/bin/gnu/h-i686-mingw32/bin/../lib/gcc/nios2-elf/4.1.2/../../../../nios2-elf/lib/mno-hw-mul\libc.a(lib_a-makebuf.o)
                0x000825d4                __smakebuf_r
 .text          0x00082768       0x98 c:/altera/12.1sp1/nios2eds/bin/gnu/h-i686-mingw32/bin/../lib/gcc/nios2-elf/4.1.2/../../../../nios2-elf/lib/mno-hw-mul\libc.a(lib_a-memset.o)
                0x00082768                memset
 .text          0x00082800      0x14c c:/altera/12.1sp1/nios2eds/bin/gnu/h-i686-mingw32/bin/../lib/gcc/nios2-elf/4.1.2/../../../../nios2-elf/lib/mno-hw-mul\libc.a(lib_a-stdio.o)
                0x00082800                __sclose
                0x00082808                __sseek
                0x00082870                __swrite
                0x000828ec                __sread
 .text          0x0008294c       0x78 c:/altera/12.1sp1/nios2eds/bin/gnu/h-i686-mingw32/bin/../lib/gcc/nios2-elf/4.1.2/../../../../nios2-elf/lib/mno-hw-mul\libc.a(lib_a-writer.o)
                0x0008294c                _write_r
 .text          0x000829c4       0x70 c:/altera/12.1sp1/nios2eds/bin/gnu/h-i686-mingw32/bin/../lib/gcc/nios2-elf/4.1.2/../../../../nios2-elf/lib/mno-hw-mul\libc.a(lib_a-closer.o)
                0x000829c4                _close_r
 .text          0x00082a34      0x124 c:/altera/12.1sp1/nios2eds/bin/gnu/h-i686-mingw32/bin/../lib/gcc/nios2-elf/4.1.2/../../../../nios2-elf/lib/mno-hw-mul\libc.a(lib_a-fclose.o)
                0x00082a34                _fclose_r
                0x00082b44                fclose
 .text          0x00082b58       0x74 c:/altera/12.1sp1/nios2eds/bin/gnu/h-i686-mingw32/bin/../lib/gcc/nios2-elf/4.1.2/../../../../nios2-elf/lib/mno-hw-mul\libc.a(lib_a-fstatr.o)
                0x00082b58                _fstat_r
 .text          0x00082bcc       0x70 c:/altera/12.1sp1/nios2eds/bin/gnu/h-i686-mingw32/bin/../lib/gcc/nios2-elf/4.1.2/../../../../nios2-elf/lib/mno-hw-mul\libc.a(lib_a-isattyr.o)
                0x00082bcc                _isatty_r
 .text          0x00082c3c       0x78 c:/altera/12.1sp1/nios2eds/bin/gnu/h-i686-mingw32/bin/../lib/gcc/nios2-elf/4.1.2/../../../../nios2-elf/lib/mno-hw-mul\libc.a(lib_a-lseekr.o)
                0x00082c3c                _lseek_r
 .text          0x00082cb4       0x78 c:/altera/12.1sp1/nios2eds/bin/gnu/h-i686-mingw32/bin/../lib/gcc/nios2-elf/4.1.2/../../../../nios2-elf/lib/mno-hw-mul\libc.a(lib_a-readr.o)
                0x00082cb4                _read_r
 .text          0x00082d2c       0x38 c:/altera/12.1sp1/nios2eds/bin/gnu/h-i686-mingw32/bin/../lib/gcc/nios2-elf/4.1.2/mno-hw-mul\libgcc.a(lib2-mul.o)
                0x00082d2c                __mulsi3
 .text          0x00082d64      0x160 ../SynthesizerSoftware_bsp/\libucosii_bsp.a(alt_close.o)
                0x00082d64                close
 .text          0x00082ec4       0x2c ../SynthesizerSoftware_bsp/\libucosii_bsp.a(alt_dev.o)
 .text          0x00082ef0        0x0 ../SynthesizerSoftware_bsp/\libucosii_bsp.a(alt_errno.o)
 .text          0x00082ef0      0x138 ../SynthesizerSoftware_bsp/\libucosii_bsp.a(alt_fstat.o)
                0x00082ef0                fstat
 .text          0x00083028      0x124 ../SynthesizerSoftware_bsp/\libucosii_bsp.a(alt_isatty.o)
                0x00083028                isatty
 .text          0x0008314c       0xec ../SynthesizerSoftware_bsp/\libucosii_bsp.a(alt_load.o)
                0x0008314c                alt_load
 .text          0x00083238      0x154 ../SynthesizerSoftware_bsp/\libucosii_bsp.a(alt_lseek.o)
                0x00083238                lseek
 .text          0x0008338c       0xc8 ../SynthesizerSoftware_bsp/\libucosii_bsp.a(alt_main.o)
                0x0008338c                alt_main
 .text          0x00083454      0x184 ../SynthesizerSoftware_bsp/\libucosii_bsp.a(alt_read.o)
                0x00083454                read
 .text          0x000835d8       0x78 ../SynthesizerSoftware_bsp/\libucosii_bsp.a(alt_release_fd.o)
                0x000835d8                alt_release_fd
 .text          0x00083650       0xbc ../SynthesizerSoftware_bsp/\libucosii_bsp.a(alt_sbrk.o)
                0x00083650                sbrk
 .text          0x0008370c      0x184 ../SynthesizerSoftware_bsp/\libucosii_bsp.a(alt_write.o)
                0x0008370c                write
 .text          0x00083890      0x108 ../SynthesizerSoftware_bsp/\libucosii_bsp.a(alt_env_lock.o)
                0x00083890                __env_lock
                0x0008393c                __env_unlock
 .text          0x00083998      0x1d8 ../SynthesizerSoftware_bsp/\libucosii_bsp.a(alt_malloc_lock.o)
                0x00083998                __malloc_lock
                0x00083aa0                __malloc_unlock
 .text          0x00083b70     0x2128 ../SynthesizerSoftware_bsp/\libucosii_bsp.a(os_core.o)
                0x00083b70                OSEventNameGet
                0x00083ca0                OSEventNameSet
                0x00083de4                OSEventPendMulti
                0x00084498                OSInit
                0x000844ec                OSIntEnter
                0x00084568                OSIntExit
                0x00084668                OSSchedLock
                0x000846f4                OSSchedUnlock
                0x000847d8                OSStart
                0x00084848                OSStatInit
                0x000848f4                OSTimeTick
                0x00084b34                OSVersion
                0x00084b54                OS_Dummy
                0x00084b70                OS_EventTaskRdy
                0x00084d04                OS_EventTaskWait
                0x00084e14                OS_EventTaskWaitMulti
                0x00084f68                OS_EventTaskRemove
                0x00085020                OS_EventTaskRemoveMulti
                0x00085124                OS_EventWaitListInit
                0x000854f0                OS_MemClr
                0x00085544                OS_MemCopy
                0x000855b0                OS_Sched
                0x000856f4                OS_StrCopy
                0x00085774                OS_StrLen
                0x000857cc                OS_TaskIdle
                0x00085828                OS_TaskStat
                0x000858f0                OS_TaskStatStkChk
                0x000859b8                OS_TCBInit
 .text          0x00085c98      0x18c ../SynthesizerSoftware_bsp/\libucosii_bsp.a(os_dbg.o)
                0x00085c98                OSDebugInit
 .text          0x00085e24     0x193c ../SynthesizerSoftware_bsp/\libucosii_bsp.a(os_flag.o)
                0x00085e24                OSFlagAccept
                0x00086158                OSFlagCreate
                0x00086294                OSFlagDel
                0x0008653c                OSFlagNameGet
                0x00086680                OSFlagNameSet
                0x000867d4                OSFlagPend
                0x00086e18                OSFlagPendGetFlagsRdy
                0x00086e80                OSFlagPost
                0x00087228                OSFlagQuery
                0x000874c0                OS_FlagInit
                0x000876b4                OS_FlagUnlink
 .text          0x00087760      0x80c ../SynthesizerSoftware_bsp/\libucosii_bsp.a(os_mem.o)
                0x00087760                OSMemCreate
                0x0008797c                OSMemGet
                0x00087a80                OSMemNameGet
                0x00087b8c                OSMemNameSet
                0x00087cac                OSMemPut
                0x00087d9c                OSMemQuery
                0x00087e98                OS_MemInit
 .text          0x00087f6c     0x1334 ../SynthesizerSoftware_bsp/\libucosii_bsp.a(os_q.o)
                0x00087f6c                OSQAccept
                0x000880c0                OSQCreate
                0x000882d4                OSQDel
                0x000885d4                OSQFlush
                0x0008869c                OSQPend
                0x000889bc                OSQPendAbort
                0x00088b38                OSQPost
                0x00088cb8                OSQPostFront
                0x00088e40                OSQPostOpt
                0x00089074                OSQQuery
                0x000891f4                OS_QInit
 .text          0x000892a0      0xbc8 ../SynthesizerSoftware_bsp/\libucosii_bsp.a(os_sem.o)
                0x000892a0                OSSemAccept
                0x00089360                OSSemCreate
                0x00089474                OSSemDel
                0x00089714                OSSemPend
                0x00089990                OSSemPendAbort
                0x00089b0c                OSSemPost
                0x00089c34                OSSemQuery
                0x00089d64                OSSemSet
 .text          0x00089e68     0x1a40 ../SynthesizerSoftware_bsp/\libucosii_bsp.a(os_task.o)
                0x00089e68                OSTaskChangePrio
                0x0008a3dc                OSTaskCreate
                0x0008a5b0                OSTaskCreateExt
                0x0008a7b0                OSTaskDel
                0x0008abbc                OSTaskDelReq
                0x0008ad2c                OSTaskNameGet
                0x0008aee4                OSTaskNameSet
                0x0008b0a8                OSTaskResume
                0x0008b2c0                OSTaskStkChk
                0x0008b4bc                OSTaskSuspend
                0x0008b6e8                OSTaskQuery
                0x0008b82c                OS_TaskStkClr
 .text          0x0008b8a8      0x5b4 ../SynthesizerSoftware_bsp/\libucosii_bsp.a(os_time.o)
                0x0008b8a8                OSTimeDly
                0x0008b9f4                OSTimeDlyHMSM
                0x0008bb84                OSTimeDlyResume
                0x0008bd94                OSTimeGet
                0x0008bdf8                OSTimeSet
 .text          0x0008be5c       0xd4 ../SynthesizerSoftware_bsp/\libucosii_bsp.a(alt_sys_init.o)
                0x0008be5c                alt_irq_init
                0x0008be90                alt_sys_init
 .text          0x0008bf30      0x148 ../SynthesizerSoftware_bsp/\libucosii_bsp.a(altera_avalon_jtag_uart_fd.o)
                0x0008bf30                altera_avalon_jtag_uart_read_fd
                0x0008bf88                altera_avalon_jtag_uart_write_fd
                0x0008bfe0                altera_avalon_jtag_uart_close_fd
                0x0008c028                altera_avalon_jtag_uart_ioctl_fd
 .text          0x0008c078      0x584 ../SynthesizerSoftware_bsp/\libucosii_bsp.a(altera_avalon_jtag_uart_init.o)
                0x0008c078                altera_avalon_jtag_uart_init
                0x0008c588                altera_avalon_jtag_uart_close
 .text          0x0008c5fc       0xf4 ../SynthesizerSoftware_bsp/\libucosii_bsp.a(altera_avalon_jtag_uart_ioctl.o)
                0x0008c5fc                altera_avalon_jtag_uart_ioctl
 .text          0x0008c6f0      0x2c0 ../SynthesizerSoftware_bsp/\libucosii_bsp.a(altera_avalon_jtag_uart_read.o)
                0x0008c6f0                altera_avalon_jtag_uart_read
 .text          0x0008c9b0      0x2dc ../SynthesizerSoftware_bsp/\libucosii_bsp.a(altera_avalon_jtag_uart_write.o)
                0x0008c9b0                altera_avalon_jtag_uart_write
 .text          0x0008cc8c      0x100 ../SynthesizerSoftware_bsp/\libucosii_bsp.a(altera_avalon_timer_sc.o)
                0x0008ccfc                alt_avalon_timer_sc_init
 .text          0x0008cd8c      0x788 ../SynthesizerSoftware_bsp/\libucosii_bsp.a(altera_up_avalon_audio_and_video_config.o)
                0x0008cd8c                alt_up_av_config_open_dev
                0x0008cdf0                alt_up_av_config_write_data
                0x0008ce54                alt_up_av_config_read_data
                0x0008cee0                alt_up_av_config_reset
                0x0008cf18                alt_up_av_config_enable_interrupt
                0x0008cf50                alt_up_av_config_disable_interrupt
                0x0008cf80                alt_up_av_config_read_acknowledge
                0x0008cfe8                alt_up_av_config_read_ready
                0x0008d020                alt_up_av_config_write_audio_cfg_register
                0x0008d0cc                alt_up_av_config_read_video_cfg_register
                0x0008d1c4                alt_up_av_config_write_video_cfg_register
                0x0008d2bc                alt_up_av_config_read_DC2_cfg_register
                0x0008d320                alt_up_av_config_write_DC2_cfg_register
                0x0008d384                alt_up_av_config_read_D5M_cfg_register
                0x0008d3e8                alt_up_av_config_write_D5M_cfg_register
                0x0008d44c                alt_up_av_config_read_LTM_cfg_register
                0x0008d4b0                alt_up_av_config_write_LTM_cfg_register
 .text          0x0008d514      0x154 ../SynthesizerSoftware_bsp/\libucosii_bsp.a(alt_alarm_start.o)
                0x0008d514                alt_alarm_start
 .text          0x0008d668       0x1c ../SynthesizerSoftware_bsp/\libucosii_bsp.a(alt_dcache_flush_all.o)
                0x0008d668                alt_dcache_flush_all
 .text          0x0008d684      0x114 ../SynthesizerSoftware_bsp/\libucosii_bsp.a(alt_dev_llist_insert.o)
                0x0008d684                alt_dev_llist_insert
 .text          0x0008d798       0x64 ../SynthesizerSoftware_bsp/\libucosii_bsp.a(alt_do_ctors.o)
                0x0008d798                _do_ctors
 .text          0x0008d7fc       0x64 ../SynthesizerSoftware_bsp/\libucosii_bsp.a(alt_do_dtors.o)
                0x0008d7fc                _do_dtors
 .text          0x0008d860       0x94 ../SynthesizerSoftware_bsp/\libucosii_bsp.a(alt_find_dev.o)
                0x0008d860                alt_find_dev
 .text          0x0008d8f4       0x1c ../SynthesizerSoftware_bsp/\libucosii_bsp.a(alt_icache_flush_all.o)
                0x0008d8f4                alt_icache_flush_all
 .text          0x0008d910      0x1d4 ../SynthesizerSoftware_bsp/\libucosii_bsp.a(alt_iic.o)
                0x0008d910                alt_ic_isr_register
                0x0008d960                alt_ic_irq_enable
                0x0008d9fc                alt_ic_irq_disable
                0x0008da9c                alt_ic_irq_enabled
 .text          0x0008dae4       0xf8 ../SynthesizerSoftware_bsp/\libucosii_bsp.a(alt_iic_isr_register.o)
                0x0008dae4                alt_iic_isr_register
 .text          0x0008dbdc      0x150 ../SynthesizerSoftware_bsp/\libucosii_bsp.a(alt_io_redirect.o)
                0x0008dcb4                alt_io_redirect
 .text          0x0008dd2c        0x0 ../SynthesizerSoftware_bsp/\libucosii_bsp.a(alt_irq_entry.o)
 .text          0x0008dd2c        0x0 ../SynthesizerSoftware_bsp/\libucosii_bsp.a(alt_irq_handler.o)
 .text          0x0008dd2c        0x0 ../SynthesizerSoftware_bsp/\libucosii_bsp.a(alt_irq_vars.o)
 .text          0x0008dd2c      0x2e4 ../SynthesizerSoftware_bsp/\libucosii_bsp.a(alt_open.o)
                0x0008de24                open
 .text          0x0008e010      0x1a8 ../SynthesizerSoftware_bsp/\libucosii_bsp.a(alt_tick.o)
                0x0008e010                alt_alarm_stop
                0x0008e0a8                alt_tick
 .text          0x0008e1b8       0x20 ../SynthesizerSoftware_bsp/\libucosii_bsp.a(altera_nios2_qsys_irq.o)
                0x0008e1b8                altera_nios2_qsys_irq_init
 .text          0x0008e1d8       0xd0 ../SynthesizerSoftware_bsp/\libucosii_bsp.a(os_cpu_a.o)
                0x0008e1d8                OSCtxSw
                0x0008e1d8                OSIntCtxSw
                0x0008e264                OSStartHighRdy
                0x0008e284                OSStartTsk
 .text          0x0008e2a8      0x418 ../SynthesizerSoftware_bsp/\libucosii_bsp.a(os_cpu_c.o)
                0x0008e2a8                OSTaskStkInit
                0x0008e5b8                OSTaskCreateHook
                0x0008e5d8                OSTaskDelHook
                0x0008e5f8                OSTaskSwHook
                0x0008e614                OSTaskStatHook
                0x0008e630                OSTimeTickHook
                0x0008e64c                OSInitHookBegin
                0x0008e668                OSInitHookEnd
                0x0008e684                OSTaskIdleHook
                0x0008e6a0                OSTCBInitHook
 .text          0x0008e6c0        0x0 ../SynthesizerSoftware_bsp/\libucosii_bsp.a(alt_exception_entry.o)
 .text          0x0008e6c0      0x120 ../SynthesizerSoftware_bsp/\libucosii_bsp.a(alt_find_file.o)
                0x0008e6c0                alt_find_file
 .text          0x0008e7e0      0x104 ../SynthesizerSoftware_bsp/\libucosii_bsp.a(alt_get_fd.o)
                0x0008e7e0                alt_get_fd
 .text          0x0008e8e4       0x14 c:/altera/12.1sp1/nios2eds/bin/gnu/h-i686-mingw32/bin/../lib/gcc/nios2-elf/4.1.2/../../../../nios2-elf/lib/mno-hw-mul\libc.a(lib_a-atexit.o)
                0x0008e8e4                atexit
 .text          0x0008e8f8       0x38 c:/altera/12.1sp1/nios2eds/bin/gnu/h-i686-mingw32/bin/../lib/gcc/nios2-elf/4.1.2/../../../../nios2-elf/lib/mno-hw-mul\libc.a(lib_a-exit.o)
                0x0008e8f8                exit
 .text          0x0008e930       0x74 c:/altera/12.1sp1/nios2eds/bin/gnu/h-i686-mingw32/bin/../lib/gcc/nios2-elf/4.1.2/../../../../nios2-elf/lib/mno-hw-mul\libc.a(lib_a-memcmp.o)
                0x0008e930                memcmp
 .text          0x0008e9a4      0x134 c:/altera/12.1sp1/nios2eds/bin/gnu/h-i686-mingw32/bin/../lib/gcc/nios2-elf/4.1.2/../../../../nios2-elf/lib/mno-hw-mul\libc.a(lib_a-__atexit.o)
                0x0008e9a4                __register_exitproc
 .text          0x0008ead8      0x1b4 c:/altera/12.1sp1/nios2eds/bin/gnu/h-i686-mingw32/bin/../lib/gcc/nios2-elf/4.1.2/../../../../nios2-elf/lib/mno-hw-mul\libc.a(lib_a-__call_atexit.o)
                0x0008eadc                __call_exitprocs
 .text          0x0008ec8c      0x14c c:/altera/12.1sp1/nios2eds/bin/gnu/h-i686-mingw32/bin/../lib/gcc/nios2-elf/4.1.2/mno-hw-mul\libgcc.a(lib2-divmod.o)
                0x0008ed08                __divsi3
                0x0008ed68                __modsi3
                0x0008edc8                __udivsi3
                0x0008edd0                __umodsi3
 .text          0x0008edd8       0x6c ../SynthesizerSoftware_bsp/\libucosii_bsp.a(alt_exit.o)
                0x0008ee18                _exit
 *(.gnu.warning.*)
 *(.fini)
                0x0008ee44                PROVIDE (__etext, ABSOLUTE (.))
                0x0008ee44                PROVIDE (_etext, ABSOLUTE (.))
                0x0008ee44                PROVIDE (etext, ABSOLUTE (.))
 *(.eh_frame_hdr)
                0x0008ee44                . = ALIGN (0x4)
                0x0008ee44                PROVIDE (__preinit_array_start, ABSOLUTE (.))
 *(.preinit_array)
                0x0008ee44                PROVIDE (__preinit_array_end, ABSOLUTE (.))
                0x0008ee44                PROVIDE (__init_array_start, ABSOLUTE (.))
 *(.init_array)
                0x0008ee44                PROVIDE (__init_array_end, ABSOLUTE (.))
                0x0008ee44                PROVIDE (__fini_array_start, ABSOLUTE (.))
 *(.fini_array)
                0x0008ee44                PROVIDE (__fini_array_end, ABSOLUTE (.))
 *(.eh_frame)
 *(.gcc_except_table)
 *(.dynamic)
                0x0008ee44                PROVIDE (__CTOR_LIST__, ABSOLUTE (.))
 *(.ctors)
 *(SORT(.ctors.*))
 .ctors.65535   0x0008ee44        0x4 c:/altera/12.1sp1/nios2eds/bin/gnu/h-i686-mingw32/bin/../lib/gcc/nios2-elf/4.1.2/../../../../nios2-elf/lib/mno-hw-mul\libc.a(lib_a-__call_atexit.o)
                0x0008ee48                PROVIDE (__CTOR_END__, ABSOLUTE (.))
                0x0008ee48                PROVIDE (__DTOR_LIST__, ABSOLUTE (.))
 *(.dtors)
 *(SORT(.dtors.*))
                0x0008ee48                PROVIDE (__DTOR_END__, ABSOLUTE (.))
 *(.jcr)
                0x0008ee48                . = ALIGN (0x4)

.rodata         0x0008ee48      0x1fc
                0x0008ee48                PROVIDE (__ram_rodata_start, ABSOLUTE (.))
                0x0008ee48                . = ALIGN (0x4)
 *(.rodata .rodata.* .gnu.linkonce.r.*)
 .rodata        0x0008ee48       0x7c obj/default/MIDISynthesizer.o
 .rodata.str1.4
                0x0008eec4        0x2 c:/altera/12.1sp1/nios2eds/bin/gnu/h-i686-mingw32/bin/../lib/gcc/nios2-elf/4.1.2/../../../../nios2-elf/lib/mno-hw-mul\libc.a(lib_a-puts.o)
                                  0x4 (size before relaxing)
 *fill*         0x0008eec6        0x2 00
 .rodata.str1.4
                0x0008eec8        0x4 c:/altera/12.1sp1/nios2eds/bin/gnu/h-i686-mingw32/bin/../lib/gcc/nios2-elf/4.1.2/../../../../nios2-elf/lib/mno-hw-mul\libc.a(lib_a-impure.o)
 .rodata        0x0008eecc        0xc ../SynthesizerSoftware_bsp/\libucosii_bsp.a(alt_dev.o)
 .rodata        0x0008eed8       0x14 ../SynthesizerSoftware_bsp/\libucosii_bsp.a(alt_main.o)
 .rodata        0x0008eeec      0x120 ../SynthesizerSoftware_bsp/\libucosii_bsp.a(os_core.o)
                0x0008eeec                OSUnMapTbl
 .rodata        0x0008f00c       0x34 ../SynthesizerSoftware_bsp/\libucosii_bsp.a(alt_sys_init.o)
 .rodata        0x0008f040        0x4 ../SynthesizerSoftware_bsp/\libucosii_bsp.a(os_cpu_c.o)
 *(.rodata1)
                0x0008f044                . = ALIGN (0x4)
                0x0008f044                PROVIDE (__ram_rodata_end, ABSOLUTE (.))
                0x0008ee48                PROVIDE (__flash_rodata_start, LOADADDR (.rodata))

.rwdata         0x0008f044     0x1b00 load address 0x00090b44
                0x0008f044                PROVIDE (__ram_rwdata_start, ABSOLUTE (.))
                0x0008f044                . = ALIGN (0x4)
 *(.got.plt)
 *(.got)
 *(.data1)
 *(.data .data.* .gnu.linkonce.d.*)
 .data          0x0008f044        0x0 ../SynthesizerSoftware_bsp//obj/HAL/src/crt0.o
 .data          0x0008f044        0x0 obj/default/MIDISynthesizer.o
 .data          0x0008f044        0x0 c:/altera/12.1sp1/nios2eds/bin/gnu/h-i686-mingw32/bin/../lib/gcc/nios2-elf/4.1.2/../../../../nios2-elf/lib/mno-hw-mul\libc.a(lib_a-puts.o)
 .data          0x0008f044        0x0 c:/altera/12.1sp1/nios2eds/bin/gnu/h-i686-mingw32/bin/../lib/gcc/nios2-elf/4.1.2/../../../../nios2-elf/lib/mno-hw-mul\libc.a(lib_a-strlen.o)
 .data          0x0008f044        0x0 c:/altera/12.1sp1/nios2eds/bin/gnu/h-i686-mingw32/bin/../lib/gcc/nios2-elf/4.1.2/../../../../nios2-elf/lib/mno-hw-mul\libc.a(lib_a-fvwrite.o)
 .data          0x0008f044      0x400 c:/altera/12.1sp1/nios2eds/bin/gnu/h-i686-mingw32/bin/../lib/gcc/nios2-elf/4.1.2/../../../../nios2-elf/lib/mno-hw-mul\libc.a(lib_a-impure.o)
 .data          0x0008f444      0x408 c:/altera/12.1sp1/nios2eds/bin/gnu/h-i686-mingw32/bin/../lib/gcc/nios2-elf/4.1.2/../../../../nios2-elf/lib/mno-hw-mul\libc.a(lib_a-mallocr.o)
                0x0008f444                __malloc_av_
 .data          0x0008f84c        0x0 c:/altera/12.1sp1/nios2eds/bin/gnu/h-i686-mingw32/bin/../lib/gcc/nios2-elf/4.1.2/../../../../nios2-elf/lib/mno-hw-mul\libc.a(lib_a-memchr.o)
 .data          0x0008f84c        0x0 c:/altera/12.1sp1/nios2eds/bin/gnu/h-i686-mingw32/bin/../lib/gcc/nios2-elf/4.1.2/../../../../nios2-elf/lib/mno-hw-mul\libc.a(lib_a-memcpy.o)
 .data          0x0008f84c        0x0 c:/altera/12.1sp1/nios2eds/bin/gnu/h-i686-mingw32/bin/../lib/gcc/nios2-elf/4.1.2/../../../../nios2-elf/lib/mno-hw-mul\libc.a(lib_a-memmove.o)
 .data          0x0008f84c        0x0 c:/altera/12.1sp1/nios2eds/bin/gnu/h-i686-mingw32/bin/../lib/gcc/nios2-elf/4.1.2/../../../../nios2-elf/lib/mno-hw-mul\libc.a(lib_a-reallocr.o)
 .data          0x0008f84c        0x0 c:/altera/12.1sp1/nios2eds/bin/gnu/h-i686-mingw32/bin/../lib/gcc/nios2-elf/4.1.2/../../../../nios2-elf/lib/mno-hw-mul\libc.a(lib_a-sbrkr.o)
 .data          0x0008f84c        0x0 c:/altera/12.1sp1/nios2eds/bin/gnu/h-i686-mingw32/bin/../lib/gcc/nios2-elf/4.1.2/../../../../nios2-elf/lib/mno-hw-mul\libc.a(lib_a-wsetup.o)
 .data          0x0008f84c        0x0 c:/altera/12.1sp1/nios2eds/bin/gnu/h-i686-mingw32/bin/../lib/gcc/nios2-elf/4.1.2/../../../../nios2-elf/lib/mno-hw-mul\libc.a(lib_a-fflush.o)
 .data          0x0008f84c        0x0 c:/altera/12.1sp1/nios2eds/bin/gnu/h-i686-mingw32/bin/../lib/gcc/nios2-elf/4.1.2/../../../../nios2-elf/lib/mno-hw-mul\libc.a(lib_a-findfp.o)
 .data          0x0008f84c        0x0 c:/altera/12.1sp1/nios2eds/bin/gnu/h-i686-mingw32/bin/../lib/gcc/nios2-elf/4.1.2/../../../../nios2-elf/lib/mno-hw-mul\libc.a(lib_a-freer.o)
 .data          0x0008f84c        0x0 c:/altera/12.1sp1/nios2eds/bin/gnu/h-i686-mingw32/bin/../lib/gcc/nios2-elf/4.1.2/../../../../nios2-elf/lib/mno-hw-mul\libc.a(lib_a-fwalk.o)
 .data          0x0008f84c        0x0 c:/altera/12.1sp1/nios2eds/bin/gnu/h-i686-mingw32/bin/../lib/gcc/nios2-elf/4.1.2/../../../../nios2-elf/lib/mno-hw-mul\libc.a(lib_a-int_errno.o)
 .data          0x0008f84c        0x0 c:/altera/12.1sp1/nios2eds/bin/gnu/h-i686-mingw32/bin/../lib/gcc/nios2-elf/4.1.2/../../../../nios2-elf/lib/mno-hw-mul\libc.a(lib_a-makebuf.o)
 .data          0x0008f84c        0x0 c:/altera/12.1sp1/nios2eds/bin/gnu/h-i686-mingw32/bin/../lib/gcc/nios2-elf/4.1.2/../../../../nios2-elf/lib/mno-hw-mul\libc.a(lib_a-memset.o)
 .data          0x0008f84c        0x0 c:/altera/12.1sp1/nios2eds/bin/gnu/h-i686-mingw32/bin/../lib/gcc/nios2-elf/4.1.2/../../../../nios2-elf/lib/mno-hw-mul\libc.a(lib_a-stdio.o)
 .data          0x0008f84c        0x0 c:/altera/12.1sp1/nios2eds/bin/gnu/h-i686-mingw32/bin/../lib/gcc/nios2-elf/4.1.2/../../../../nios2-elf/lib/mno-hw-mul\libc.a(lib_a-writer.o)
 .data          0x0008f84c        0x0 c:/altera/12.1sp1/nios2eds/bin/gnu/h-i686-mingw32/bin/../lib/gcc/nios2-elf/4.1.2/../../../../nios2-elf/lib/mno-hw-mul\libc.a(lib_a-closer.o)
 .data          0x0008f84c        0x0 c:/altera/12.1sp1/nios2eds/bin/gnu/h-i686-mingw32/bin/../lib/gcc/nios2-elf/4.1.2/../../../../nios2-elf/lib/mno-hw-mul\libc.a(lib_a-fclose.o)
 .data          0x0008f84c        0x0 c:/altera/12.1sp1/nios2eds/bin/gnu/h-i686-mingw32/bin/../lib/gcc/nios2-elf/4.1.2/../../../../nios2-elf/lib/mno-hw-mul\libc.a(lib_a-fstatr.o)
 .data          0x0008f84c        0x0 c:/altera/12.1sp1/nios2eds/bin/gnu/h-i686-mingw32/bin/../lib/gcc/nios2-elf/4.1.2/../../../../nios2-elf/lib/mno-hw-mul\libc.a(lib_a-isattyr.o)
 .data          0x0008f84c        0x0 c:/altera/12.1sp1/nios2eds/bin/gnu/h-i686-mingw32/bin/../lib/gcc/nios2-elf/4.1.2/../../../../nios2-elf/lib/mno-hw-mul\libc.a(lib_a-lseekr.o)
 .data          0x0008f84c        0x0 c:/altera/12.1sp1/nios2eds/bin/gnu/h-i686-mingw32/bin/../lib/gcc/nios2-elf/4.1.2/../../../../nios2-elf/lib/mno-hw-mul\libc.a(lib_a-readr.o)
 .data          0x0008f84c        0x0 c:/altera/12.1sp1/nios2eds/bin/gnu/h-i686-mingw32/bin/../lib/gcc/nios2-elf/4.1.2/mno-hw-mul\libgcc.a(lib2-mul.o)
 .data          0x0008f84c        0x0 ../SynthesizerSoftware_bsp/\libucosii_bsp.a(alt_close.o)
 .data          0x0008f84c      0x1a8 ../SynthesizerSoftware_bsp/\libucosii_bsp.a(alt_dev.o)
                0x0008f84c                alt_dev_null
                0x0008f874                alt_fd_list
 .data          0x0008f9f4        0x0 ../SynthesizerSoftware_bsp/\libucosii_bsp.a(alt_errno.o)
 .data          0x0008f9f4        0x0 ../SynthesizerSoftware_bsp/\libucosii_bsp.a(alt_fstat.o)
 .data          0x0008f9f4        0x0 ../SynthesizerSoftware_bsp/\libucosii_bsp.a(alt_isatty.o)
 .data          0x0008f9f4        0x0 ../SynthesizerSoftware_bsp/\libucosii_bsp.a(alt_load.o)
 .data          0x0008f9f4        0x0 ../SynthesizerSoftware_bsp/\libucosii_bsp.a(alt_lseek.o)
 .data          0x0008f9f4        0x0 ../SynthesizerSoftware_bsp/\libucosii_bsp.a(alt_main.o)
 .data          0x0008f9f4        0x0 ../SynthesizerSoftware_bsp/\libucosii_bsp.a(alt_read.o)
 .data          0x0008f9f4        0x0 ../SynthesizerSoftware_bsp/\libucosii_bsp.a(alt_release_fd.o)
 .data          0x0008f9f4        0x0 ../SynthesizerSoftware_bsp/\libucosii_bsp.a(alt_sbrk.o)
 .data          0x0008f9f4        0x0 ../SynthesizerSoftware_bsp/\libucosii_bsp.a(alt_write.o)
 .data          0x0008f9f4        0x0 ../SynthesizerSoftware_bsp/\libucosii_bsp.a(alt_env_lock.o)
 .data          0x0008f9f4        0x0 ../SynthesizerSoftware_bsp/\libucosii_bsp.a(alt_malloc_lock.o)
 .data          0x0008f9f4        0x0 ../SynthesizerSoftware_bsp/\libucosii_bsp.a(os_core.o)
 .data          0x0008f9f4        0x0 ../SynthesizerSoftware_bsp/\libucosii_bsp.a(os_dbg.o)
 .data          0x0008f9f4        0x0 ../SynthesizerSoftware_bsp/\libucosii_bsp.a(os_flag.o)
 .data          0x0008f9f4        0x0 ../SynthesizerSoftware_bsp/\libucosii_bsp.a(os_mem.o)
 .data          0x0008f9f4        0x0 ../SynthesizerSoftware_bsp/\libucosii_bsp.a(os_q.o)
 .data          0x0008f9f4        0x0 ../SynthesizerSoftware_bsp/\libucosii_bsp.a(os_sem.o)
 .data          0x0008f9f4        0x0 ../SynthesizerSoftware_bsp/\libucosii_bsp.a(os_task.o)
 .data          0x0008f9f4        0x0 ../SynthesizerSoftware_bsp/\libucosii_bsp.a(os_time.o)
 .data          0x0008f9f4     0x109c ../SynthesizerSoftware_bsp/\libucosii_bsp.a(alt_sys_init.o)
 .data          0x00090a90        0x0 ../SynthesizerSoftware_bsp/\libucosii_bsp.a(altera_avalon_jtag_uart_fd.o)
 .data          0x00090a90        0x0 ../SynthesizerSoftware_bsp/\libucosii_bsp.a(altera_avalon_jtag_uart_init.o)
 .data          0x00090a90        0x0 ../SynthesizerSoftware_bsp/\libucosii_bsp.a(altera_avalon_jtag_uart_ioctl.o)
 .data          0x00090a90        0x0 ../SynthesizerSoftware_bsp/\libucosii_bsp.a(altera_avalon_jtag_uart_read.o)
 .data          0x00090a90        0x0 ../SynthesizerSoftware_bsp/\libucosii_bsp.a(altera_avalon_jtag_uart_write.o)
 .data          0x00090a90        0x0 ../SynthesizerSoftware_bsp/\libucosii_bsp.a(altera_avalon_timer_sc.o)
 .data          0x00090a90        0x0 ../SynthesizerSoftware_bsp/\libucosii_bsp.a(altera_up_avalon_audio_and_video_config.o)
 .data          0x00090a90        0x0 ../SynthesizerSoftware_bsp/\libucosii_bsp.a(alt_alarm_start.o)
 .data          0x00090a90        0x0 ../SynthesizerSoftware_bsp/\libucosii_bsp.a(alt_dcache_flush_all.o)
 .data          0x00090a90        0x0 ../SynthesizerSoftware_bsp/\libucosii_bsp.a(alt_dev_llist_insert.o)
 .data          0x00090a90        0x0 ../SynthesizerSoftware_bsp/\libucosii_bsp.a(alt_do_ctors.o)
 .data          0x00090a90        0x0 ../SynthesizerSoftware_bsp/\libucosii_bsp.a(alt_do_dtors.o)
 .data          0x00090a90        0x0 ../SynthesizerSoftware_bsp/\libucosii_bsp.a(alt_find_dev.o)
 .data          0x00090a90        0x0 ../SynthesizerSoftware_bsp/\libucosii_bsp.a(alt_icache_flush_all.o)
 .data          0x00090a90        0x0 ../SynthesizerSoftware_bsp/\libucosii_bsp.a(alt_iic.o)
 .data          0x00090a90        0x0 ../SynthesizerSoftware_bsp/\libucosii_bsp.a(alt_iic_isr_register.o)
 .data          0x00090a90        0x0 ../SynthesizerSoftware_bsp/\libucosii_bsp.a(alt_io_redirect.o)
 .data          0x00090a90        0x0 ../SynthesizerSoftware_bsp/\libucosii_bsp.a(alt_irq_entry.o)
 .data          0x00090a90        0x0 ../SynthesizerSoftware_bsp/\libucosii_bsp.a(alt_irq_handler.o)
 .data          0x00090a90        0x0 ../SynthesizerSoftware_bsp/\libucosii_bsp.a(alt_irq_vars.o)
 .data          0x00090a90        0x0 ../SynthesizerSoftware_bsp/\libucosii_bsp.a(alt_open.o)
 .data          0x00090a90        0x0 ../SynthesizerSoftware_bsp/\libucosii_bsp.a(alt_tick.o)
 .data          0x00090a90        0x0 ../SynthesizerSoftware_bsp/\libucosii_bsp.a(altera_nios2_qsys_irq.o)
 .data          0x00090a90        0x0 ../SynthesizerSoftware_bsp/\libucosii_bsp.a(os_cpu_a.o)
 .data          0x00090a90        0x0 ../SynthesizerSoftware_bsp/\libucosii_bsp.a(os_cpu_c.o)
 .data          0x00090a90        0x0 ../SynthesizerSoftware_bsp/\libucosii_bsp.a(alt_exception_entry.o)
 .data          0x00090a90        0x0 ../SynthesizerSoftware_bsp/\libucosii_bsp.a(alt_find_file.o)
 .data          0x00090a90        0x0 ../SynthesizerSoftware_bsp/\libucosii_bsp.a(alt_get_fd.o)
 .data          0x00090a90        0x0 c:/altera/12.1sp1/nios2eds/bin/gnu/h-i686-mingw32/bin/../lib/gcc/nios2-elf/4.1.2/../../../../nios2-elf/lib/mno-hw-mul\libc.a(lib_a-atexit.o)
 .data          0x00090a90        0x0 c:/altera/12.1sp1/nios2eds/bin/gnu/h-i686-mingw32/bin/../lib/gcc/nios2-elf/4.1.2/../../../../nios2-elf/lib/mno-hw-mul\libc.a(lib_a-exit.o)
 .data          0x00090a90        0x0 c:/altera/12.1sp1/nios2eds/bin/gnu/h-i686-mingw32/bin/../lib/gcc/nios2-elf/4.1.2/../../../../nios2-elf/lib/mno-hw-mul\libc.a(lib_a-memcmp.o)
 .data          0x00090a90        0x0 c:/altera/12.1sp1/nios2eds/bin/gnu/h-i686-mingw32/bin/../lib/gcc/nios2-elf/4.1.2/../../../../nios2-elf/lib/mno-hw-mul\libc.a(lib_a-__atexit.o)
 .data          0x00090a90        0x0 c:/altera/12.1sp1/nios2eds/bin/gnu/h-i686-mingw32/bin/../lib/gcc/nios2-elf/4.1.2/../../../../nios2-elf/lib/mno-hw-mul\libc.a(lib_a-__call_atexit.o)
 .data          0x00090a90        0x0 c:/altera/12.1sp1/nios2eds/bin/gnu/h-i686-mingw32/bin/../lib/gcc/nios2-elf/4.1.2/mno-hw-mul\libgcc.a(lib2-divmod.o)
 .data          0x00090a90        0x0 ../SynthesizerSoftware_bsp/\libucosii_bsp.a(alt_exit.o)
                0x00098a90                _gp = ABSOLUTE ((. + 0x8000))
                0x00098a90                PROVIDE (gp, _gp)
 *(.rwdata .rwdata.*)
 *(.sdata .sdata.* .gnu.linkonce.s.*)
 .sdata         0x00090a90        0x8 c:/altera/12.1sp1/nios2eds/bin/gnu/h-i686-mingw32/bin/../lib/gcc/nios2-elf/4.1.2/../../../../nios2-elf/lib/mno-hw-mul\libc.a(lib_a-impure.o)
                0x00090a90                _impure_ptr
                0x00090a94                _global_impure_ptr
 .sdata         0x00090a98        0x8 c:/altera/12.1sp1/nios2eds/bin/gnu/h-i686-mingw32/bin/../lib/gcc/nios2-elf/4.1.2/../../../../nios2-elf/lib/mno-hw-mul\libc.a(lib_a-mallocr.o)
                0x00090a98                __malloc_trim_threshold
                0x00090a9c                __malloc_sbrk_base
 .sdata         0x00090aa0       0x14 ../SynthesizerSoftware_bsp/\libucosii_bsp.a(alt_dev.o)
                0x00090aa0                alt_fs_list
                0x00090aa8                alt_dev_list
                0x00090ab0                alt_max_fd
 .sdata         0x00090ab4        0x4 ../SynthesizerSoftware_bsp/\libucosii_bsp.a(alt_errno.o)
                0x00090ab4                alt_errno
 .sdata         0x00090ab8        0x4 ../SynthesizerSoftware_bsp/\libucosii_bsp.a(alt_sbrk.o)
 .sdata         0x00090abc        0x4 ../SynthesizerSoftware_bsp/\libucosii_bsp.a(alt_env_lock.o)
 .sdata         0x00090ac0        0x4 ../SynthesizerSoftware_bsp/\libucosii_bsp.a(alt_malloc_lock.o)
 .sdata         0x00090ac4       0x74 ../SynthesizerSoftware_bsp/\libucosii_bsp.a(os_dbg.o)
                0x00090ac4                OSDebugEn
                0x00090ac8                OSEndiannessTest
                0x00090acc                OSEventEn
                0x00090ace                OSEventMax
                0x00090ad0                OSEventNameSize
                0x00090ad2                OSEventSize
                0x00090ad4                OSEventTblSize
                0x00090ad6                OSEventMultiEn
                0x00090ad8                OSFlagEn
                0x00090ada                OSFlagGrpSize
                0x00090adc                OSFlagNodeSize
                0x00090ade                OSFlagWidth
                0x00090ae0                OSFlagMax
                0x00090ae2                OSFlagNameSize
                0x00090ae4                OSLowestPrio
                0x00090ae6                OSMboxEn
                0x00090ae8                OSMemEn
                0x00090aea                OSMemMax
                0x00090aec                OSMemNameSize
                0x00090aee                OSMemSize
                0x00090af0                OSMemTblSize
                0x00090af2                OSMutexEn
                0x00090af4                OSPtrSize
                0x00090af6                OSQEn
                0x00090af8                OSQMax
                0x00090afa                OSQSize
                0x00090afc                OSRdyTblSize
                0x00090afe                OSSemEn
                0x00090b00                OSStkWidth
                0x00090b02                OSTaskCreateEn
                0x00090b04                OSTaskCreateExtEn
                0x00090b06                OSTaskDelEn
                0x00090b08                OSTaskIdleStkSize
                0x00090b0a                OSTaskProfileEn
                0x00090b0c                OSTaskMax
                0x00090b0e                OSTaskNameSize
                0x00090b10                OSTaskStatEn
                0x00090b12                OSTaskStatStkSize
                0x00090b14                OSTaskStatStkChkEn
                0x00090b16                OSTaskSwHookEn
                0x00090b18                OSTCBPrioTblMax
                0x00090b1a                OSTCBSize
                0x00090b1c                OSTicksPerSec
                0x00090b1e                OSTimeTickHookEn
                0x00090b20                OSVersionNbr
                0x00090b22                OSTmrEn
                0x00090b24                OSTmrCfgMax
                0x00090b26                OSTmrCfgNameSize
                0x00090b28                OSTmrCfgWheelSize
                0x00090b2a                OSTmrCfgTicksPerSec
                0x00090b2c                OSTmrSize
                0x00090b2e                OSTmrTblSize
                0x00090b30                OSTmrWheelSize
                0x00090b32                OSTmrWheelTblSize
                0x00090b34                OSDataSize
 .sdata         0x00090b38        0x4 ../SynthesizerSoftware_bsp/\libucosii_bsp.a(alt_irq_vars.o)
                0x00090b38                alt_priority_mask
 .sdata         0x00090b3c        0x8 ../SynthesizerSoftware_bsp/\libucosii_bsp.a(alt_tick.o)
                0x00090b3c                alt_alarm_list
 *(.sdata2 .sdata2.* .gnu.linkonce.s2.*)
                0x00090b44                . = ALIGN (0x4)
                0x00090b44                _edata = ABSOLUTE (.)
                0x00090b44                PROVIDE (edata, ABSOLUTE (.))
                0x00090b44                PROVIDE (__ram_rwdata_end, ABSOLUTE (.))
                0x00090b44                PROVIDE (__flash_rwdata_start, LOADADDR (.rwdata))

.bss            0x00092644     0x7568
                0x00092644                __bss_start = ABSOLUTE (.)
                0x00092644                PROVIDE (__sbss_start, ABSOLUTE (.))
                0x00092644                PROVIDE (___sbss_start, ABSOLUTE (.))
 *(.dynsbss)
 *(.sbss .sbss.* .gnu.linkonce.sb.*)
 .sbss          0x00092644        0xc c:/altera/12.1sp1/nios2eds/bin/gnu/h-i686-mingw32/bin/../lib/gcc/nios2-elf/4.1.2/../../../../nios2-elf/lib/mno-hw-mul\libc.a(lib_a-mallocr.o)
                0x00092644                __malloc_top_pad
                0x00092648                __malloc_max_sbrked_mem
                0x0009264c                __malloc_max_total_mem
 .sbss          0x00092650        0x4 c:/altera/12.1sp1/nios2eds/bin/gnu/h-i686-mingw32/bin/../lib/gcc/nios2-elf/4.1.2/../../../../nios2-elf/lib/mno-hw-mul\libc.a(lib_a-int_errno.o)
                0x00092650                errno
 .sbss          0x00092654        0x4 ../SynthesizerSoftware_bsp/\libucosii_bsp.a(alt_dev.o)
                0x00092654                alt_fd_list_lock
 .sbss          0x00092658        0xc ../SynthesizerSoftware_bsp/\libucosii_bsp.a(alt_main.o)
                0x00092658                alt_argc
                0x0009265c                alt_argv
                0x00092660                alt_envp
 .sbss          0x00092664        0x8 ../SynthesizerSoftware_bsp/\libucosii_bsp.a(alt_env_lock.o)
                0x00092668                alt_envsem
 .sbss          0x0009266c        0x8 ../SynthesizerSoftware_bsp/\libucosii_bsp.a(alt_malloc_lock.o)
                0x00092670                alt_heapsem
 .sbss          0x00092674       0x50 ../SynthesizerSoftware_bsp/\libucosii_bsp.a(os_core.o)
                0x00092674                OSLockNesting
                0x00092675                OSRunning
                0x00092678                OSIdleCtr
                0x0009267c                OSPrioHighRdy
                0x0009267d                OSPrioCur
                0x00092680                OSTCBList
                0x00092684                OSTickStepState
                0x00092688                OSCtxSwCtr
                0x0009268c                OSIdleCtrMax
                0x00092690                OSTCBFreeList
                0x00092694                OSCPUUsage
                0x00092695                OSTaskCtr
                0x00092698                OSMemFreeList
                0x0009269c                OSTCBHighRdy
                0x000926a0                OSQFreeList
                0x000926a4                OSRdyGrp
                0x000926a5                OSRdyTbl
                0x000926a8                OSEventFreeList
                0x000926ac                OSIntNesting
                0x000926b0                OSTCBCur
                0x000926b4                OSTime
                0x000926b8                OSFlagFreeList
                0x000926bc                OSStatRdy
                0x000926c0                OSIdleCtrRun
 .sbss          0x000926c4        0x4 ../SynthesizerSoftware_bsp/\libucosii_bsp.a(alt_irq_vars.o)
                0x000926c4                alt_irq_active
 .sbss          0x000926c8        0x8 ../SynthesizerSoftware_bsp/\libucosii_bsp.a(alt_tick.o)
                0x000926c8                _alt_tick_rate
                0x000926cc                _alt_nticks
 *(.sbss2 .sbss2.* .gnu.linkonce.sb2.*)
 *(.scommon)
                0x000926d0                PROVIDE (__sbss_end, ABSOLUTE (.))
                0x000926d0                PROVIDE (___sbss_end, ABSOLUTE (.))
 *(.dynbss)
 *(.bss .bss.* .gnu.linkonce.b.*)
 .bss           0x000926d0        0x0 ../SynthesizerSoftware_bsp//obj/HAL/src/crt0.o
 .bss           0x000926d0        0x0 obj/default/MIDISynthesizer.o
 .bss           0x000926d0        0x0 c:/altera/12.1sp1/nios2eds/bin/gnu/h-i686-mingw32/bin/../lib/gcc/nios2-elf/4.1.2/../../../../nios2-elf/lib/mno-hw-mul\libc.a(lib_a-puts.o)
 .bss           0x000926d0        0x0 c:/altera/12.1sp1/nios2eds/bin/gnu/h-i686-mingw32/bin/../lib/gcc/nios2-elf/4.1.2/../../../../nios2-elf/lib/mno-hw-mul\libc.a(lib_a-strlen.o)
 .bss           0x000926d0        0x0 c:/altera/12.1sp1/nios2eds/bin/gnu/h-i686-mingw32/bin/../lib/gcc/nios2-elf/4.1.2/../../../../nios2-elf/lib/mno-hw-mul\libc.a(lib_a-fvwrite.o)
 .bss           0x000926d0        0x0 c:/altera/12.1sp1/nios2eds/bin/gnu/h-i686-mingw32/bin/../lib/gcc/nios2-elf/4.1.2/../../../../nios2-elf/lib/mno-hw-mul\libc.a(lib_a-impure.o)
 .bss           0x000926d0       0x28 c:/altera/12.1sp1/nios2eds/bin/gnu/h-i686-mingw32/bin/../lib/gcc/nios2-elf/4.1.2/../../../../nios2-elf/lib/mno-hw-mul\libc.a(lib_a-mallocr.o)
                0x000926d0                __malloc_current_mallinfo
 .bss           0x000926f8        0x0 c:/altera/12.1sp1/nios2eds/bin/gnu/h-i686-mingw32/bin/../lib/gcc/nios2-elf/4.1.2/../../../../nios2-elf/lib/mno-hw-mul\libc.a(lib_a-memchr.o)
 .bss           0x000926f8        0x0 c:/altera/12.1sp1/nios2eds/bin/gnu/h-i686-mingw32/bin/../lib/gcc/nios2-elf/4.1.2/../../../../nios2-elf/lib/mno-hw-mul\libc.a(lib_a-memcpy.o)
 .bss           0x000926f8        0x0 c:/altera/12.1sp1/nios2eds/bin/gnu/h-i686-mingw32/bin/../lib/gcc/nios2-elf/4.1.2/../../../../nios2-elf/lib/mno-hw-mul\libc.a(lib_a-memmove.o)
 .bss           0x000926f8        0x0 c:/altera/12.1sp1/nios2eds/bin/gnu/h-i686-mingw32/bin/../lib/gcc/nios2-elf/4.1.2/../../../../nios2-elf/lib/mno-hw-mul\libc.a(lib_a-reallocr.o)
 .bss           0x000926f8        0x0 c:/altera/12.1sp1/nios2eds/bin/gnu/h-i686-mingw32/bin/../lib/gcc/nios2-elf/4.1.2/../../../../nios2-elf/lib/mno-hw-mul\libc.a(lib_a-sbrkr.o)
 .bss           0x000926f8        0x0 c:/altera/12.1sp1/nios2eds/bin/gnu/h-i686-mingw32/bin/../lib/gcc/nios2-elf/4.1.2/../../../../nios2-elf/lib/mno-hw-mul\libc.a(lib_a-wsetup.o)
 .bss           0x000926f8        0x0 c:/altera/12.1sp1/nios2eds/bin/gnu/h-i686-mingw32/bin/../lib/gcc/nios2-elf/4.1.2/../../../../nios2-elf/lib/mno-hw-mul\libc.a(lib_a-fflush.o)
 .bss           0x000926f8        0x0 c:/altera/12.1sp1/nios2eds/bin/gnu/h-i686-mingw32/bin/../lib/gcc/nios2-elf/4.1.2/../../../../nios2-elf/lib/mno-hw-mul\libc.a(lib_a-findfp.o)
 .bss           0x000926f8        0x0 c:/altera/12.1sp1/nios2eds/bin/gnu/h-i686-mingw32/bin/../lib/gcc/nios2-elf/4.1.2/../../../../nios2-elf/lib/mno-hw-mul\libc.a(lib_a-freer.o)
 .bss           0x000926f8        0x0 c:/altera/12.1sp1/nios2eds/bin/gnu/h-i686-mingw32/bin/../lib/gcc/nios2-elf/4.1.2/../../../../nios2-elf/lib/mno-hw-mul\libc.a(lib_a-fwalk.o)
 .bss           0x000926f8        0x0 c:/altera/12.1sp1/nios2eds/bin/gnu/h-i686-mingw32/bin/../lib/gcc/nios2-elf/4.1.2/../../../../nios2-elf/lib/mno-hw-mul\libc.a(lib_a-int_errno.o)
 .bss           0x000926f8        0x0 c:/altera/12.1sp1/nios2eds/bin/gnu/h-i686-mingw32/bin/../lib/gcc/nios2-elf/4.1.2/../../../../nios2-elf/lib/mno-hw-mul\libc.a(lib_a-makebuf.o)
 .bss           0x000926f8        0x0 c:/altera/12.1sp1/nios2eds/bin/gnu/h-i686-mingw32/bin/../lib/gcc/nios2-elf/4.1.2/../../../../nios2-elf/lib/mno-hw-mul\libc.a(lib_a-memset.o)
 .bss           0x000926f8        0x0 c:/altera/12.1sp1/nios2eds/bin/gnu/h-i686-mingw32/bin/../lib/gcc/nios2-elf/4.1.2/../../../../nios2-elf/lib/mno-hw-mul\libc.a(lib_a-stdio.o)
 .bss           0x000926f8        0x0 c:/altera/12.1sp1/nios2eds/bin/gnu/h-i686-mingw32/bin/../lib/gcc/nios2-elf/4.1.2/../../../../nios2-elf/lib/mno-hw-mul\libc.a(lib_a-writer.o)
 .bss           0x000926f8        0x0 c:/altera/12.1sp1/nios2eds/bin/gnu/h-i686-mingw32/bin/../lib/gcc/nios2-elf/4.1.2/../../../../nios2-elf/lib/mno-hw-mul\libc.a(lib_a-closer.o)
 .bss           0x000926f8        0x0 c:/altera/12.1sp1/nios2eds/bin/gnu/h-i686-mingw32/bin/../lib/gcc/nios2-elf/4.1.2/../../../../nios2-elf/lib/mno-hw-mul\libc.a(lib_a-fclose.o)
 .bss           0x000926f8        0x0 c:/altera/12.1sp1/nios2eds/bin/gnu/h-i686-mingw32/bin/../lib/gcc/nios2-elf/4.1.2/../../../../nios2-elf/lib/mno-hw-mul\libc.a(lib_a-fstatr.o)
 .bss           0x000926f8        0x0 c:/altera/12.1sp1/nios2eds/bin/gnu/h-i686-mingw32/bin/../lib/gcc/nios2-elf/4.1.2/../../../../nios2-elf/lib/mno-hw-mul\libc.a(lib_a-isattyr.o)
 .bss           0x000926f8        0x0 c:/altera/12.1sp1/nios2eds/bin/gnu/h-i686-mingw32/bin/../lib/gcc/nios2-elf/4.1.2/../../../../nios2-elf/lib/mno-hw-mul\libc.a(lib_a-lseekr.o)
 .bss           0x000926f8        0x0 c:/altera/12.1sp1/nios2eds/bin/gnu/h-i686-mingw32/bin/../lib/gcc/nios2-elf/4.1.2/../../../../nios2-elf/lib/mno-hw-mul\libc.a(lib_a-readr.o)
 .bss           0x000926f8        0x0 c:/altera/12.1sp1/nios2eds/bin/gnu/h-i686-mingw32/bin/../lib/gcc/nios2-elf/4.1.2/mno-hw-mul\libgcc.a(lib2-mul.o)
 .bss           0x000926f8        0x0 ../SynthesizerSoftware_bsp/\libucosii_bsp.a(alt_close.o)
 .bss           0x000926f8        0x0 ../SynthesizerSoftware_bsp/\libucosii_bsp.a(alt_dev.o)
 .bss           0x000926f8        0x0 ../SynthesizerSoftware_bsp/\libucosii_bsp.a(alt_errno.o)
 .bss           0x000926f8        0x0 ../SynthesizerSoftware_bsp/\libucosii_bsp.a(alt_fstat.o)
 .bss           0x000926f8        0x0 ../SynthesizerSoftware_bsp/\libucosii_bsp.a(alt_isatty.o)
 .bss           0x000926f8        0x0 ../SynthesizerSoftware_bsp/\libucosii_bsp.a(alt_load.o)
 .bss           0x000926f8        0x0 ../SynthesizerSoftware_bsp/\libucosii_bsp.a(alt_lseek.o)
 .bss           0x000926f8        0x0 ../SynthesizerSoftware_bsp/\libucosii_bsp.a(alt_main.o)
 .bss           0x000926f8        0x0 ../SynthesizerSoftware_bsp/\libucosii_bsp.a(alt_read.o)
 .bss           0x000926f8        0x0 ../SynthesizerSoftware_bsp/\libucosii_bsp.a(alt_release_fd.o)
 .bss           0x000926f8        0x0 ../SynthesizerSoftware_bsp/\libucosii_bsp.a(alt_sbrk.o)
 .bss           0x000926f8        0x0 ../SynthesizerSoftware_bsp/\libucosii_bsp.a(alt_write.o)
 .bss           0x000926f8        0x0 ../SynthesizerSoftware_bsp/\libucosii_bsp.a(alt_env_lock.o)
 .bss           0x000926f8        0x0 ../SynthesizerSoftware_bsp/\libucosii_bsp.a(alt_malloc_lock.o)
 .bss           0x000926f8        0x0 ../SynthesizerSoftware_bsp/\libucosii_bsp.a(os_core.o)
 .bss           0x000926f8        0x0 ../SynthesizerSoftware_bsp/\libucosii_bsp.a(os_dbg.o)
 .bss           0x000926f8        0x0 ../SynthesizerSoftware_bsp/\libucosii_bsp.a(os_flag.o)
 .bss           0x000926f8        0x0 ../SynthesizerSoftware_bsp/\libucosii_bsp.a(os_mem.o)
 .bss           0x000926f8        0x0 ../SynthesizerSoftware_bsp/\libucosii_bsp.a(os_q.o)
 .bss           0x000926f8        0x0 ../SynthesizerSoftware_bsp/\libucosii_bsp.a(os_sem.o)
 .bss           0x000926f8        0x0 ../SynthesizerSoftware_bsp/\libucosii_bsp.a(os_task.o)
 .bss           0x000926f8        0x0 ../SynthesizerSoftware_bsp/\libucosii_bsp.a(os_time.o)
 .bss           0x000926f8        0x0 ../SynthesizerSoftware_bsp/\libucosii_bsp.a(alt_sys_init.o)
 .bss           0x000926f8        0x0 ../SynthesizerSoftware_bsp/\libucosii_bsp.a(altera_avalon_jtag_uart_fd.o)
 .bss           0x000926f8        0x0 ../SynthesizerSoftware_bsp/\libucosii_bsp.a(altera_avalon_jtag_uart_init.o)
 .bss           0x000926f8        0x0 ../SynthesizerSoftware_bsp/\libucosii_bsp.a(altera_avalon_jtag_uart_ioctl.o)
 .bss           0x000926f8        0x0 ../SynthesizerSoftware_bsp/\libucosii_bsp.a(altera_avalon_jtag_uart_read.o)
 .bss           0x000926f8        0x0 ../SynthesizerSoftware_bsp/\libucosii_bsp.a(altera_avalon_jtag_uart_write.o)
 .bss           0x000926f8        0x0 ../SynthesizerSoftware_bsp/\libucosii_bsp.a(altera_avalon_timer_sc.o)
 .bss           0x000926f8        0x0 ../SynthesizerSoftware_bsp/\libucosii_bsp.a(altera_up_avalon_audio_and_video_config.o)
 .bss           0x000926f8        0x0 ../SynthesizerSoftware_bsp/\libucosii_bsp.a(alt_alarm_start.o)
 .bss           0x000926f8        0x0 ../SynthesizerSoftware_bsp/\libucosii_bsp.a(alt_dcache_flush_all.o)
 .bss           0x000926f8        0x0 ../SynthesizerSoftware_bsp/\libucosii_bsp.a(alt_dev_llist_insert.o)
 .bss           0x000926f8        0x0 ../SynthesizerSoftware_bsp/\libucosii_bsp.a(alt_do_ctors.o)
 .bss           0x000926f8        0x0 ../SynthesizerSoftware_bsp/\libucosii_bsp.a(alt_do_dtors.o)
 .bss           0x000926f8        0x0 ../SynthesizerSoftware_bsp/\libucosii_bsp.a(alt_find_dev.o)
 .bss           0x000926f8        0x0 ../SynthesizerSoftware_bsp/\libucosii_bsp.a(alt_icache_flush_all.o)
 .bss           0x000926f8        0x0 ../SynthesizerSoftware_bsp/\libucosii_bsp.a(alt_iic.o)
 .bss           0x000926f8        0x0 ../SynthesizerSoftware_bsp/\libucosii_bsp.a(alt_iic_isr_register.o)
 .bss           0x000926f8        0x0 ../SynthesizerSoftware_bsp/\libucosii_bsp.a(alt_io_redirect.o)
 .bss           0x000926f8        0x0 ../SynthesizerSoftware_bsp/\libucosii_bsp.a(alt_irq_entry.o)
 .bss           0x000926f8        0x0 ../SynthesizerSoftware_bsp/\libucosii_bsp.a(alt_irq_handler.o)
 .bss           0x000926f8        0x0 ../SynthesizerSoftware_bsp/\libucosii_bsp.a(alt_irq_vars.o)
 .bss           0x000926f8        0x0 ../SynthesizerSoftware_bsp/\libucosii_bsp.a(alt_open.o)
 .bss           0x000926f8        0x0 ../SynthesizerSoftware_bsp/\libucosii_bsp.a(alt_tick.o)
 .bss           0x000926f8        0x0 ../SynthesizerSoftware_bsp/\libucosii_bsp.a(altera_nios2_qsys_irq.o)
 .bss           0x000926f8        0x0 ../SynthesizerSoftware_bsp/\libucosii_bsp.a(os_cpu_a.o)
 .bss           0x000926f8        0x0 ../SynthesizerSoftware_bsp/\libucosii_bsp.a(os_cpu_c.o)
 .bss           0x000926f8        0x0 ../SynthesizerSoftware_bsp/\libucosii_bsp.a(alt_exception_entry.o)
 .bss           0x000926f8        0x0 ../SynthesizerSoftware_bsp/\libucosii_bsp.a(alt_find_file.o)
 .bss           0x000926f8        0x0 ../SynthesizerSoftware_bsp/\libucosii_bsp.a(alt_get_fd.o)
 .bss           0x000926f8        0x0 c:/altera/12.1sp1/nios2eds/bin/gnu/h-i686-mingw32/bin/../lib/gcc/nios2-elf/4.1.2/../../../../nios2-elf/lib/mno-hw-mul\libc.a(lib_a-atexit.o)
 .bss           0x000926f8        0x0 c:/altera/12.1sp1/nios2eds/bin/gnu/h-i686-mingw32/bin/../lib/gcc/nios2-elf/4.1.2/../../../../nios2-elf/lib/mno-hw-mul\libc.a(lib_a-exit.o)
 .bss           0x000926f8        0x0 c:/altera/12.1sp1/nios2eds/bin/gnu/h-i686-mingw32/bin/../lib/gcc/nios2-elf/4.1.2/../../../../nios2-elf/lib/mno-hw-mul\libc.a(lib_a-memcmp.o)
 .bss           0x000926f8        0x0 c:/altera/12.1sp1/nios2eds/bin/gnu/h-i686-mingw32/bin/../lib/gcc/nios2-elf/4.1.2/../../../../nios2-elf/lib/mno-hw-mul\libc.a(lib_a-__atexit.o)
 .bss           0x000926f8        0x0 c:/altera/12.1sp1/nios2eds/bin/gnu/h-i686-mingw32/bin/../lib/gcc/nios2-elf/4.1.2/../../../../nios2-elf/lib/mno-hw-mul\libc.a(lib_a-__call_atexit.o)
 .bss           0x000926f8        0x0 c:/altera/12.1sp1/nios2eds/bin/gnu/h-i686-mingw32/bin/../lib/gcc/nios2-elf/4.1.2/mno-hw-mul\libgcc.a(lib2-divmod.o)
 .bss           0x000926f8        0x0 ../SynthesizerSoftware_bsp/\libucosii_bsp.a(alt_exit.o)
 *(COMMON)
 COMMON         0x000926f8     0x4000 obj/default/MIDISynthesizer.o
                0x000926f8                task1_stk
                0x000946f8                task2_stk
 COMMON         0x000966f8     0x3224 ../SynthesizerSoftware_bsp/\libucosii_bsp.a(os_core.o)
                0x000966f8                OSFlagTbl
                0x00096a68                OSMemTbl
                0x00097698                OSTaskStatStk
                0x00097e98                OSQTbl
                0x00098078                OSTaskIdleStk
                0x00098878                OSEventTbl
                0x000993b8                OSTCBTbl
                0x000998c8                OSTCBPrioTbl
 COMMON         0x0009991c      0x100 ../SynthesizerSoftware_bsp/\libucosii_bsp.a(alt_irq_handler.o)
                0x0009991c                alt_irq
 COMMON         0x00099a1c      0x190 c:/altera/12.1sp1/nios2eds/bin/gnu/h-i686-mingw32/bin/../lib/gcc/nios2-elf/4.1.2/../../../../nios2-elf/lib/mno-hw-mul\libc.a(lib_a-atexit.o)
                0x00099a1c                _atexit0
                0x00099bac                . = ALIGN (0x4)
                0x00099bac                __bss_end = ABSOLUTE (.)

.sram_0         0x00099bac        0x0
                0x00099bac                PROVIDE (_alt_partition_sram_0_start, ABSOLUTE (.))
 *(.sram_0. sram_0.*)
                0x00099bac                . = ALIGN (0x4)
                0x00099bac                PROVIDE (_alt_partition_sram_0_end, ABSOLUTE (.))
                0x00099bac                _end = ABSOLUTE (.)
                0x00099bac                end = ABSOLUTE (.)
                0x00099bac                __alt_stack_base = ABSOLUTE (.)
                0x00099bac                PROVIDE (_alt_partition_sram_0_load_addr, LOADADDR (.sram_0))

.onchip_memory2_0
                0x001041bc        0x0 load address 0x00099bac
                0x001041bc                PROVIDE (_alt_partition_onchip_memory2_0_start, ABSOLUTE (.))
 *(.onchip_memory2_0. onchip_memory2_0.*)
                0x001041bc                . = ALIGN (0x4)
                0x001041bc                PROVIDE (_alt_partition_onchip_memory2_0_end, ABSOLUTE (.))
                0x00099bac                PROVIDE (_alt_partition_onchip_memory2_0_load_addr, LOADADDR (.onchip_memory2_0))

.stab
 *(.stab)

.stabstr
 *(.stabstr)

.stab.excl
 *(.stab.excl)

.stab.exclstr
 *(.stab.exclstr)

.stab.index
 *(.stab.index)

.stab.indexstr
 *(.stab.indexstr)

.comment        0x00000000       0x26
 *(.comment)
 .comment       0x00000000       0x26 obj/default/MIDISynthesizer.o
                                 0x27 (size before relaxing)
 .comment       0x00000000       0x27 c:/altera/12.1sp1/nios2eds/bin/gnu/h-i686-mingw32/bin/../lib/gcc/nios2-elf/4.1.2/../../../../nios2-elf/lib/mno-hw-mul\libc.a(lib_a-puts.o)
 .comment       0x00000000       0x27 c:/altera/12.1sp1/nios2eds/bin/gnu/h-i686-mingw32/bin/../lib/gcc/nios2-elf/4.1.2/../../../../nios2-elf/lib/mno-hw-mul\libc.a(lib_a-strlen.o)
 .comment       0x00000000       0x27 c:/altera/12.1sp1/nios2eds/bin/gnu/h-i686-mingw32/bin/../lib/gcc/nios2-elf/4.1.2/../../../../nios2-elf/lib/mno-hw-mul\libc.a(lib_a-fvwrite.o)
 .comment       0x00000000       0x27 c:/altera/12.1sp1/nios2eds/bin/gnu/h-i686-mingw32/bin/../lib/gcc/nios2-elf/4.1.2/../../../../nios2-elf/lib/mno-hw-mul\libc.a(lib_a-impure.o)
 .comment       0x00000000       0x27 c:/altera/12.1sp1/nios2eds/bin/gnu/h-i686-mingw32/bin/../lib/gcc/nios2-elf/4.1.2/../../../../nios2-elf/lib/mno-hw-mul\libc.a(lib_a-mallocr.o)
 .comment       0x00000000       0x27 c:/altera/12.1sp1/nios2eds/bin/gnu/h-i686-mingw32/bin/../lib/gcc/nios2-elf/4.1.2/../../../../nios2-elf/lib/mno-hw-mul\libc.a(lib_a-memchr.o)
 .comment       0x00000000       0x27 c:/altera/12.1sp1/nios2eds/bin/gnu/h-i686-mingw32/bin/../lib/gcc/nios2-elf/4.1.2/../../../../nios2-elf/lib/mno-hw-mul\libc.a(lib_a-memcpy.o)
 .comment       0x00000000       0x27 c:/altera/12.1sp1/nios2eds/bin/gnu/h-i686-mingw32/bin/../lib/gcc/nios2-elf/4.1.2/../../../../nios2-elf/lib/mno-hw-mul\libc.a(lib_a-memmove.o)
 .comment       0x00000000       0x27 c:/altera/12.1sp1/nios2eds/bin/gnu/h-i686-mingw32/bin/../lib/gcc/nios2-elf/4.1.2/../../../../nios2-elf/lib/mno-hw-mul\libc.a(lib_a-reallocr.o)
 .comment       0x00000000       0x27 c:/altera/12.1sp1/nios2eds/bin/gnu/h-i686-mingw32/bin/../lib/gcc/nios2-elf/4.1.2/../../../../nios2-elf/lib/mno-hw-mul\libc.a(lib_a-sbrkr.o)
 .comment       0x00000000       0x27 c:/altera/12.1sp1/nios2eds/bin/gnu/h-i686-mingw32/bin/../lib/gcc/nios2-elf/4.1.2/../../../../nios2-elf/lib/mno-hw-mul\libc.a(lib_a-wsetup.o)
 .comment       0x00000000       0x27 c:/altera/12.1sp1/nios2eds/bin/gnu/h-i686-mingw32/bin/../lib/gcc/nios2-elf/4.1.2/../../../../nios2-elf/lib/mno-hw-mul\libc.a(lib_a-fflush.o)
 .comment       0x00000000       0x27 c:/altera/12.1sp1/nios2eds/bin/gnu/h-i686-mingw32/bin/../lib/gcc/nios2-elf/4.1.2/../../../../nios2-elf/lib/mno-hw-mul\libc.a(lib_a-findfp.o)
 .comment       0x00000000       0x27 c:/altera/12.1sp1/nios2eds/bin/gnu/h-i686-mingw32/bin/../lib/gcc/nios2-elf/4.1.2/../../../../nios2-elf/lib/mno-hw-mul\libc.a(lib_a-freer.o)
 .comment       0x00000000       0x27 c:/altera/12.1sp1/nios2eds/bin/gnu/h-i686-mingw32/bin/../lib/gcc/nios2-elf/4.1.2/../../../../nios2-elf/lib/mno-hw-mul\libc.a(lib_a-fwalk.o)
 .comment       0x00000000       0x27 c:/altera/12.1sp1/nios2eds/bin/gnu/h-i686-mingw32/bin/../lib/gcc/nios2-elf/4.1.2/../../../../nios2-elf/lib/mno-hw-mul\libc.a(lib_a-int_errno.o)
 .comment       0x00000000       0x27 c:/altera/12.1sp1/nios2eds/bin/gnu/h-i686-mingw32/bin/../lib/gcc/nios2-elf/4.1.2/../../../../nios2-elf/lib/mno-hw-mul\libc.a(lib_a-makebuf.o)
 .comment       0x00000000       0x27 c:/altera/12.1sp1/nios2eds/bin/gnu/h-i686-mingw32/bin/../lib/gcc/nios2-elf/4.1.2/../../../../nios2-elf/lib/mno-hw-mul\libc.a(lib_a-memset.o)
 .comment       0x00000000       0x27 c:/altera/12.1sp1/nios2eds/bin/gnu/h-i686-mingw32/bin/../lib/gcc/nios2-elf/4.1.2/../../../../nios2-elf/lib/mno-hw-mul\libc.a(lib_a-stdio.o)
 .comment       0x00000000       0x27 c:/altera/12.1sp1/nios2eds/bin/gnu/h-i686-mingw32/bin/../lib/gcc/nios2-elf/4.1.2/../../../../nios2-elf/lib/mno-hw-mul\libc.a(lib_a-writer.o)
 .comment       0x00000000       0x27 c:/altera/12.1sp1/nios2eds/bin/gnu/h-i686-mingw32/bin/../lib/gcc/nios2-elf/4.1.2/../../../../nios2-elf/lib/mno-hw-mul\libc.a(lib_a-closer.o)
 .comment       0x00000000       0x27 c:/altera/12.1sp1/nios2eds/bin/gnu/h-i686-mingw32/bin/../lib/gcc/nios2-elf/4.1.2/../../../../nios2-elf/lib/mno-hw-mul\libc.a(lib_a-fclose.o)
 .comment       0x00000000       0x27 c:/altera/12.1sp1/nios2eds/bin/gnu/h-i686-mingw32/bin/../lib/gcc/nios2-elf/4.1.2/../../../../nios2-elf/lib/mno-hw-mul\libc.a(lib_a-fstatr.o)
 .comment       0x00000000       0x27 c:/altera/12.1sp1/nios2eds/bin/gnu/h-i686-mingw32/bin/../lib/gcc/nios2-elf/4.1.2/../../../../nios2-elf/lib/mno-hw-mul\libc.a(lib_a-isattyr.o)
 .comment       0x00000000       0x27 c:/altera/12.1sp1/nios2eds/bin/gnu/h-i686-mingw32/bin/../lib/gcc/nios2-elf/4.1.2/../../../../nios2-elf/lib/mno-hw-mul\libc.a(lib_a-lseekr.o)
 .comment       0x00000000       0x27 c:/altera/12.1sp1/nios2eds/bin/gnu/h-i686-mingw32/bin/../lib/gcc/nios2-elf/4.1.2/../../../../nios2-elf/lib/mno-hw-mul\libc.a(lib_a-readr.o)
 .comment       0x00000000       0x27 c:/altera/12.1sp1/nios2eds/bin/gnu/h-i686-mingw32/bin/../lib/gcc/nios2-elf/4.1.2/mno-hw-mul\libgcc.a(lib2-mul.o)
 .comment       0x00000000       0x27 ../SynthesizerSoftware_bsp/\libucosii_bsp.a(alt_close.o)
 .comment       0x00000000       0x27 ../SynthesizerSoftware_bsp/\libucosii_bsp.a(alt_dev.o)
 .comment       0x00000000       0x27 ../SynthesizerSoftware_bsp/\libucosii_bsp.a(alt_errno.o)
 .comment       0x00000000       0x27 ../SynthesizerSoftware_bsp/\libucosii_bsp.a(alt_fstat.o)
 .comment       0x00000000       0x27 ../SynthesizerSoftware_bsp/\libucosii_bsp.a(alt_isatty.o)
 .comment       0x00000000       0x27 ../SynthesizerSoftware_bsp/\libucosii_bsp.a(alt_load.o)
 .comment       0x00000000       0x27 ../SynthesizerSoftware_bsp/\libucosii_bsp.a(alt_lseek.o)
 .comment       0x00000000       0x27 ../SynthesizerSoftware_bsp/\libucosii_bsp.a(alt_main.o)
 .comment       0x00000000       0x27 ../SynthesizerSoftware_bsp/\libucosii_bsp.a(alt_read.o)
 .comment       0x00000000       0x27 ../SynthesizerSoftware_bsp/\libucosii_bsp.a(alt_release_fd.o)
 .comment       0x00000000       0x27 ../SynthesizerSoftware_bsp/\libucosii_bsp.a(alt_sbrk.o)
 .comment       0x00000000       0x27 ../SynthesizerSoftware_bsp/\libucosii_bsp.a(alt_write.o)
 .comment       0x00000000       0x27 ../SynthesizerSoftware_bsp/\libucosii_bsp.a(alt_env_lock.o)
 .comment       0x00000000       0x27 ../SynthesizerSoftware_bsp/\libucosii_bsp.a(alt_malloc_lock.o)
 .comment       0x00000000       0x27 ../SynthesizerSoftware_bsp/\libucosii_bsp.a(os_core.o)
 .comment       0x00000000       0x27 ../SynthesizerSoftware_bsp/\libucosii_bsp.a(os_dbg.o)
 .comment       0x00000000       0x27 ../SynthesizerSoftware_bsp/\libucosii_bsp.a(os_flag.o)
 .comment       0x00000000       0x27 ../SynthesizerSoftware_bsp/\libucosii_bsp.a(os_mem.o)
 .comment       0x00000000       0x27 ../SynthesizerSoftware_bsp/\libucosii_bsp.a(os_q.o)
 .comment       0x00000000       0x27 ../SynthesizerSoftware_bsp/\libucosii_bsp.a(os_sem.o)
 .comment       0x00000000       0x27 ../SynthesizerSoftware_bsp/\libucosii_bsp.a(os_task.o)
 .comment       0x00000000       0x27 ../SynthesizerSoftware_bsp/\libucosii_bsp.a(os_time.o)
 .comment       0x00000000       0x27 ../SynthesizerSoftware_bsp/\libucosii_bsp.a(alt_sys_init.o)
 .comment       0x00000000       0x27 ../SynthesizerSoftware_bsp/\libucosii_bsp.a(altera_avalon_jtag_uart_fd.o)
 .comment       0x00000000       0x27 ../SynthesizerSoftware_bsp/\libucosii_bsp.a(altera_avalon_jtag_uart_init.o)
 .comment       0x00000000       0x27 ../SynthesizerSoftware_bsp/\libucosii_bsp.a(altera_avalon_jtag_uart_ioctl.o)
 .comment       0x00000000       0x27 ../SynthesizerSoftware_bsp/\libucosii_bsp.a(altera_avalon_jtag_uart_read.o)
 .comment       0x00000000       0x27 ../SynthesizerSoftware_bsp/\libucosii_bsp.a(altera_avalon_jtag_uart_write.o)
 .comment       0x00000000       0x27 ../SynthesizerSoftware_bsp/\libucosii_bsp.a(altera_avalon_timer_sc.o)
 .comment       0x00000000       0x27 ../SynthesizerSoftware_bsp/\libucosii_bsp.a(altera_up_avalon_audio_and_video_config.o)
 .comment       0x00000000       0x27 ../SynthesizerSoftware_bsp/\libucosii_bsp.a(alt_alarm_start.o)
 .comment       0x00000000       0x27 ../SynthesizerSoftware_bsp/\libucosii_bsp.a(alt_dcache_flush_all.o)
 .comment       0x00000000       0x27 ../SynthesizerSoftware_bsp/\libucosii_bsp.a(alt_dev_llist_insert.o)
 .comment       0x00000000       0x27 ../SynthesizerSoftware_bsp/\libucosii_bsp.a(alt_do_ctors.o)
 .comment       0x00000000       0x27 ../SynthesizerSoftware_bsp/\libucosii_bsp.a(alt_do_dtors.o)
 .comment       0x00000000       0x27 ../SynthesizerSoftware_bsp/\libucosii_bsp.a(alt_find_dev.o)
 .comment       0x00000000       0x27 ../SynthesizerSoftware_bsp/\libucosii_bsp.a(alt_icache_flush_all.o)
 .comment       0x00000000       0x27 ../SynthesizerSoftware_bsp/\libucosii_bsp.a(alt_iic.o)
 .comment       0x00000000       0x27 ../SynthesizerSoftware_bsp/\libucosii_bsp.a(alt_iic_isr_register.o)
 .comment       0x00000000       0x27 ../SynthesizerSoftware_bsp/\libucosii_bsp.a(alt_io_redirect.o)
 .comment       0x00000000       0x27 ../SynthesizerSoftware_bsp/\libucosii_bsp.a(alt_irq_handler.o)
 .comment       0x00000000       0x27 ../SynthesizerSoftware_bsp/\libucosii_bsp.a(alt_irq_vars.o)
 .comment       0x00000000       0x27 ../SynthesizerSoftware_bsp/\libucosii_bsp.a(alt_open.o)
 .comment       0x00000000       0x27 ../SynthesizerSoftware_bsp/\libucosii_bsp.a(alt_tick.o)
 .comment       0x00000000       0x27 ../SynthesizerSoftware_bsp/\libucosii_bsp.a(altera_nios2_qsys_irq.o)
 .comment       0x00000000       0x27 ../SynthesizerSoftware_bsp/\libucosii_bsp.a(os_cpu_c.o)
 .comment       0x00000000       0x27 ../SynthesizerSoftware_bsp/\libucosii_bsp.a(alt_find_file.o)
 .comment       0x00000000       0x27 ../SynthesizerSoftware_bsp/\libucosii_bsp.a(alt_get_fd.o)
 .comment       0x00000000       0x27 c:/altera/12.1sp1/nios2eds/bin/gnu/h-i686-mingw32/bin/../lib/gcc/nios2-elf/4.1.2/../../../../nios2-elf/lib/mno-hw-mul\libc.a(lib_a-atexit.o)
 .comment       0x00000000       0x27 c:/altera/12.1sp1/nios2eds/bin/gnu/h-i686-mingw32/bin/../lib/gcc/nios2-elf/4.1.2/../../../../nios2-elf/lib/mno-hw-mul\libc.a(lib_a-exit.o)
 .comment       0x00000000       0x27 c:/altera/12.1sp1/nios2eds/bin/gnu/h-i686-mingw32/bin/../lib/gcc/nios2-elf/4.1.2/../../../../nios2-elf/lib/mno-hw-mul\libc.a(lib_a-memcmp.o)
 .comment       0x00000000       0x27 c:/altera/12.1sp1/nios2eds/bin/gnu/h-i686-mingw32/bin/../lib/gcc/nios2-elf/4.1.2/../../../../nios2-elf/lib/mno-hw-mul\libc.a(lib_a-__atexit.o)
 .comment       0x00000000       0x27 c:/altera/12.1sp1/nios2eds/bin/gnu/h-i686-mingw32/bin/../lib/gcc/nios2-elf/4.1.2/../../../../nios2-elf/lib/mno-hw-mul\libc.a(lib_a-__call_atexit.o)
 .comment       0x00000000       0x27 c:/altera/12.1sp1/nios2eds/bin/gnu/h-i686-mingw32/bin/../lib/gcc/nios2-elf/4.1.2/mno-hw-mul\libgcc.a(lib2-divmod.o)
 .comment       0x00000000       0x27 ../SynthesizerSoftware_bsp/\libucosii_bsp.a(alt_exit.o)

.debug
 *(.debug)

.line
 *(.line)

.debug_srcinfo
 *(.debug_srcinfo)

.debug_sfnames
 *(.debug_sfnames)

.debug_aranges  0x00000000      0xa98
 *(.debug_aranges)
 .debug_aranges
                0x00000000       0x28 ../SynthesizerSoftware_bsp//obj/HAL/src/crt0.o
 .debug_aranges
                0x00000028       0x20 obj/default/MIDISynthesizer.o
 .debug_aranges
                0x00000048       0x20 c:/altera/12.1sp1/nios2eds/bin/gnu/h-i686-mingw32/bin/../lib/gcc/nios2-elf/4.1.2/../../../../nios2-elf/lib/mno-hw-mul\libc.a(lib_a-puts.o)
 .debug_aranges
                0x00000068       0x20 c:/altera/12.1sp1/nios2eds/bin/gnu/h-i686-mingw32/bin/../lib/gcc/nios2-elf/4.1.2/../../../../nios2-elf/lib/mno-hw-mul\libc.a(lib_a-strlen.o)
 .debug_aranges
                0x00000088       0x20 c:/altera/12.1sp1/nios2eds/bin/gnu/h-i686-mingw32/bin/../lib/gcc/nios2-elf/4.1.2/../../../../nios2-elf/lib/mno-hw-mul\libc.a(lib_a-fvwrite.o)
 .debug_aranges
                0x000000a8       0x20 c:/altera/12.1sp1/nios2eds/bin/gnu/h-i686-mingw32/bin/../lib/gcc/nios2-elf/4.1.2/../../../../nios2-elf/lib/mno-hw-mul\libc.a(lib_a-mallocr.o)
 .debug_aranges
                0x000000c8       0x20 c:/altera/12.1sp1/nios2eds/bin/gnu/h-i686-mingw32/bin/../lib/gcc/nios2-elf/4.1.2/../../../../nios2-elf/lib/mno-hw-mul\libc.a(lib_a-memchr.o)
 .debug_aranges
                0x000000e8       0x20 c:/altera/12.1sp1/nios2eds/bin/gnu/h-i686-mingw32/bin/../lib/gcc/nios2-elf/4.1.2/../../../../nios2-elf/lib/mno-hw-mul\libc.a(lib_a-memcpy.o)
 .debug_aranges
                0x00000108       0x20 c:/altera/12.1sp1/nios2eds/bin/gnu/h-i686-mingw32/bin/../lib/gcc/nios2-elf/4.1.2/../../../../nios2-elf/lib/mno-hw-mul\libc.a(lib_a-memmove.o)
 .debug_aranges
                0x00000128       0x20 c:/altera/12.1sp1/nios2eds/bin/gnu/h-i686-mingw32/bin/../lib/gcc/nios2-elf/4.1.2/../../../../nios2-elf/lib/mno-hw-mul\libc.a(lib_a-reallocr.o)
 .debug_aranges
                0x00000148       0x20 c:/altera/12.1sp1/nios2eds/bin/gnu/h-i686-mingw32/bin/../lib/gcc/nios2-elf/4.1.2/../../../../nios2-elf/lib/mno-hw-mul\libc.a(lib_a-sbrkr.o)
 .debug_aranges
                0x00000168       0x20 c:/altera/12.1sp1/nios2eds/bin/gnu/h-i686-mingw32/bin/../lib/gcc/nios2-elf/4.1.2/../../../../nios2-elf/lib/mno-hw-mul\libc.a(lib_a-wsetup.o)
 .debug_aranges
                0x00000188       0x20 c:/altera/12.1sp1/nios2eds/bin/gnu/h-i686-mingw32/bin/../lib/gcc/nios2-elf/4.1.2/../../../../nios2-elf/lib/mno-hw-mul\libc.a(lib_a-fflush.o)
 .debug_aranges
                0x000001a8       0x20 c:/altera/12.1sp1/nios2eds/bin/gnu/h-i686-mingw32/bin/../lib/gcc/nios2-elf/4.1.2/../../../../nios2-elf/lib/mno-hw-mul\libc.a(lib_a-findfp.o)
 .debug_aranges
                0x000001c8       0x20 c:/altera/12.1sp1/nios2eds/bin/gnu/h-i686-mingw32/bin/../lib/gcc/nios2-elf/4.1.2/../../../../nios2-elf/lib/mno-hw-mul\libc.a(lib_a-freer.o)
 .debug_aranges
                0x000001e8       0x20 c:/altera/12.1sp1/nios2eds/bin/gnu/h-i686-mingw32/bin/../lib/gcc/nios2-elf/4.1.2/../../../../nios2-elf/lib/mno-hw-mul\libc.a(lib_a-fwalk.o)
 .debug_aranges
                0x00000208       0x20 c:/altera/12.1sp1/nios2eds/bin/gnu/h-i686-mingw32/bin/../lib/gcc/nios2-elf/4.1.2/../../../../nios2-elf/lib/mno-hw-mul\libc.a(lib_a-makebuf.o)
 .debug_aranges
                0x00000228       0x20 c:/altera/12.1sp1/nios2eds/bin/gnu/h-i686-mingw32/bin/../lib/gcc/nios2-elf/4.1.2/../../../../nios2-elf/lib/mno-hw-mul\libc.a(lib_a-memset.o)
 .debug_aranges
                0x00000248       0x20 c:/altera/12.1sp1/nios2eds/bin/gnu/h-i686-mingw32/bin/../lib/gcc/nios2-elf/4.1.2/../../../../nios2-elf/lib/mno-hw-mul\libc.a(lib_a-stdio.o)
 .debug_aranges
                0x00000268       0x20 c:/altera/12.1sp1/nios2eds/bin/gnu/h-i686-mingw32/bin/../lib/gcc/nios2-elf/4.1.2/../../../../nios2-elf/lib/mno-hw-mul\libc.a(lib_a-writer.o)
 .debug_aranges
                0x00000288       0x20 c:/altera/12.1sp1/nios2eds/bin/gnu/h-i686-mingw32/bin/../lib/gcc/nios2-elf/4.1.2/../../../../nios2-elf/lib/mno-hw-mul\libc.a(lib_a-closer.o)
 .debug_aranges
                0x000002a8       0x20 c:/altera/12.1sp1/nios2eds/bin/gnu/h-i686-mingw32/bin/../lib/gcc/nios2-elf/4.1.2/../../../../nios2-elf/lib/mno-hw-mul\libc.a(lib_a-fclose.o)
 .debug_aranges
                0x000002c8       0x20 c:/altera/12.1sp1/nios2eds/bin/gnu/h-i686-mingw32/bin/../lib/gcc/nios2-elf/4.1.2/../../../../nios2-elf/lib/mno-hw-mul\libc.a(lib_a-fstatr.o)
 .debug_aranges
                0x000002e8       0x20 c:/altera/12.1sp1/nios2eds/bin/gnu/h-i686-mingw32/bin/../lib/gcc/nios2-elf/4.1.2/../../../../nios2-elf/lib/mno-hw-mul\libc.a(lib_a-isattyr.o)
 .debug_aranges
                0x00000308       0x20 c:/altera/12.1sp1/nios2eds/bin/gnu/h-i686-mingw32/bin/../lib/gcc/nios2-elf/4.1.2/../../../../nios2-elf/lib/mno-hw-mul\libc.a(lib_a-lseekr.o)
 .debug_aranges
                0x00000328       0x20 c:/altera/12.1sp1/nios2eds/bin/gnu/h-i686-mingw32/bin/../lib/gcc/nios2-elf/4.1.2/../../../../nios2-elf/lib/mno-hw-mul\libc.a(lib_a-readr.o)
 .debug_aranges
                0x00000348       0x20 c:/altera/12.1sp1/nios2eds/bin/gnu/h-i686-mingw32/bin/../lib/gcc/nios2-elf/4.1.2/mno-hw-mul\libgcc.a(lib2-mul.o)
 .debug_aranges
                0x00000368       0x20 ../SynthesizerSoftware_bsp/\libucosii_bsp.a(alt_close.o)
 .debug_aranges
                0x00000388       0x20 ../SynthesizerSoftware_bsp/\libucosii_bsp.a(alt_dev.o)
 .debug_aranges
                0x000003a8       0x20 ../SynthesizerSoftware_bsp/\libucosii_bsp.a(alt_fstat.o)
 .debug_aranges
                0x000003c8       0x20 ../SynthesizerSoftware_bsp/\libucosii_bsp.a(alt_isatty.o)
 .debug_aranges
                0x000003e8       0x20 ../SynthesizerSoftware_bsp/\libucosii_bsp.a(alt_load.o)
 .debug_aranges
                0x00000408       0x20 ../SynthesizerSoftware_bsp/\libucosii_bsp.a(alt_lseek.o)
 .debug_aranges
                0x00000428       0x20 ../SynthesizerSoftware_bsp/\libucosii_bsp.a(alt_main.o)
 .debug_aranges
                0x00000448       0x20 ../SynthesizerSoftware_bsp/\libucosii_bsp.a(alt_read.o)
 .debug_aranges
                0x00000468       0x20 ../SynthesizerSoftware_bsp/\libucosii_bsp.a(alt_release_fd.o)
 .debug_aranges
                0x00000488       0x20 ../SynthesizerSoftware_bsp/\libucosii_bsp.a(alt_sbrk.o)
 .debug_aranges
                0x000004a8       0x20 ../SynthesizerSoftware_bsp/\libucosii_bsp.a(alt_write.o)
 .debug_aranges
                0x000004c8       0x20 ../SynthesizerSoftware_bsp/\libucosii_bsp.a(alt_env_lock.o)
 .debug_aranges
                0x000004e8       0x20 ../SynthesizerSoftware_bsp/\libucosii_bsp.a(alt_malloc_lock.o)
 .debug_aranges
                0x00000508       0x20 ../SynthesizerSoftware_bsp/\libucosii_bsp.a(os_core.o)
 .debug_aranges
                0x00000528       0x20 ../SynthesizerSoftware_bsp/\libucosii_bsp.a(os_dbg.o)
 .debug_aranges
                0x00000548       0x20 ../SynthesizerSoftware_bsp/\libucosii_bsp.a(os_flag.o)
 .debug_aranges
                0x00000568       0x20 ../SynthesizerSoftware_bsp/\libucosii_bsp.a(os_mem.o)
 .debug_aranges
                0x00000588       0x20 ../SynthesizerSoftware_bsp/\libucosii_bsp.a(os_q.o)
 .debug_aranges
                0x000005a8       0x20 ../SynthesizerSoftware_bsp/\libucosii_bsp.a(os_sem.o)
 .debug_aranges
                0x000005c8       0x20 ../SynthesizerSoftware_bsp/\libucosii_bsp.a(os_task.o)
 .debug_aranges
                0x000005e8       0x20 ../SynthesizerSoftware_bsp/\libucosii_bsp.a(os_time.o)
 .debug_aranges
                0x00000608       0x20 ../SynthesizerSoftware_bsp/\libucosii_bsp.a(alt_sys_init.o)
 .debug_aranges
                0x00000628       0x20 ../SynthesizerSoftware_bsp/\libucosii_bsp.a(altera_avalon_jtag_uart_fd.o)
 .debug_aranges
                0x00000648       0x20 ../SynthesizerSoftware_bsp/\libucosii_bsp.a(altera_avalon_jtag_uart_init.o)
 .debug_aranges
                0x00000668       0x20 ../SynthesizerSoftware_bsp/\libucosii_bsp.a(altera_avalon_jtag_uart_ioctl.o)
 .debug_aranges
                0x00000688       0x20 ../SynthesizerSoftware_bsp/\libucosii_bsp.a(altera_avalon_jtag_uart_read.o)
 .debug_aranges
                0x000006a8       0x20 ../SynthesizerSoftware_bsp/\libucosii_bsp.a(altera_avalon_jtag_uart_write.o)
 .debug_aranges
                0x000006c8       0x20 ../SynthesizerSoftware_bsp/\libucosii_bsp.a(altera_avalon_timer_sc.o)
 .debug_aranges
                0x000006e8       0x20 ../SynthesizerSoftware_bsp/\libucosii_bsp.a(altera_up_avalon_audio_and_video_config.o)
 .debug_aranges
                0x00000708       0x20 ../SynthesizerSoftware_bsp/\libucosii_bsp.a(alt_alarm_start.o)
 .debug_aranges
                0x00000728       0x20 ../SynthesizerSoftware_bsp/\libucosii_bsp.a(alt_dcache_flush_all.o)
 .debug_aranges
                0x00000748       0x20 ../SynthesizerSoftware_bsp/\libucosii_bsp.a(alt_dev_llist_insert.o)
 .debug_aranges
                0x00000768       0x20 ../SynthesizerSoftware_bsp/\libucosii_bsp.a(alt_do_ctors.o)
 .debug_aranges
                0x00000788       0x20 ../SynthesizerSoftware_bsp/\libucosii_bsp.a(alt_do_dtors.o)
 .debug_aranges
                0x000007a8       0x20 ../SynthesizerSoftware_bsp/\libucosii_bsp.a(alt_find_dev.o)
 .debug_aranges
                0x000007c8       0x20 ../SynthesizerSoftware_bsp/\libucosii_bsp.a(alt_icache_flush_all.o)
 .debug_aranges
                0x000007e8       0x20 ../SynthesizerSoftware_bsp/\libucosii_bsp.a(alt_iic.o)
 .debug_aranges
                0x00000808       0x20 ../SynthesizerSoftware_bsp/\libucosii_bsp.a(alt_iic_isr_register.o)
 .debug_aranges
                0x00000828       0x20 ../SynthesizerSoftware_bsp/\libucosii_bsp.a(alt_io_redirect.o)
 .debug_aranges
                0x00000848       0x30 ../SynthesizerSoftware_bsp/\libucosii_bsp.a(alt_irq_entry.o)
 .debug_aranges
                0x00000878       0x28 ../SynthesizerSoftware_bsp/\libucosii_bsp.a(alt_irq_handler.o)
 .debug_aranges
                0x000008a0       0x20 ../SynthesizerSoftware_bsp/\libucosii_bsp.a(alt_open.o)
 .debug_aranges
                0x000008c0       0x20 ../SynthesizerSoftware_bsp/\libucosii_bsp.a(alt_tick.o)
 .debug_aranges
                0x000008e0       0x20 ../SynthesizerSoftware_bsp/\libucosii_bsp.a(altera_nios2_qsys_irq.o)
 .debug_aranges
                0x00000900       0x20 ../SynthesizerSoftware_bsp/\libucosii_bsp.a(os_cpu_a.o)
 .debug_aranges
                0x00000920       0x20 ../SynthesizerSoftware_bsp/\libucosii_bsp.a(os_cpu_c.o)
 .debug_aranges
                0x00000940       0x38 ../SynthesizerSoftware_bsp/\libucosii_bsp.a(alt_exception_entry.o)
 .debug_aranges
                0x00000978       0x20 ../SynthesizerSoftware_bsp/\libucosii_bsp.a(alt_find_file.o)
 .debug_aranges
                0x00000998       0x20 ../SynthesizerSoftware_bsp/\libucosii_bsp.a(alt_get_fd.o)
 .debug_aranges
                0x000009b8       0x20 c:/altera/12.1sp1/nios2eds/bin/gnu/h-i686-mingw32/bin/../lib/gcc/nios2-elf/4.1.2/../../../../nios2-elf/lib/mno-hw-mul\libc.a(lib_a-atexit.o)
 .debug_aranges
                0x000009d8       0x20 c:/altera/12.1sp1/nios2eds/bin/gnu/h-i686-mingw32/bin/../lib/gcc/nios2-elf/4.1.2/../../../../nios2-elf/lib/mno-hw-mul\libc.a(lib_a-exit.o)
 .debug_aranges
                0x000009f8       0x20 c:/altera/12.1sp1/nios2eds/bin/gnu/h-i686-mingw32/bin/../lib/gcc/nios2-elf/4.1.2/../../../../nios2-elf/lib/mno-hw-mul\libc.a(lib_a-memcmp.o)
 .debug_aranges
                0x00000a18       0x20 c:/altera/12.1sp1/nios2eds/bin/gnu/h-i686-mingw32/bin/../lib/gcc/nios2-elf/4.1.2/../../../../nios2-elf/lib/mno-hw-mul\libc.a(lib_a-__atexit.o)
 .debug_aranges
                0x00000a38       0x20 c:/altera/12.1sp1/nios2eds/bin/gnu/h-i686-mingw32/bin/../lib/gcc/nios2-elf/4.1.2/../../../../nios2-elf/lib/mno-hw-mul\libc.a(lib_a-__call_atexit.o)
 .debug_aranges
                0x00000a58       0x20 c:/altera/12.1sp1/nios2eds/bin/gnu/h-i686-mingw32/bin/../lib/gcc/nios2-elf/4.1.2/mno-hw-mul\libgcc.a(lib2-divmod.o)
 .debug_aranges
                0x00000a78       0x20 ../SynthesizerSoftware_bsp/\libucosii_bsp.a(alt_exit.o)

.debug_pubnames
                0x00000000     0x1d22
 *(.debug_pubnames)
 .debug_pubnames
                0x00000000       0x4b obj/default/MIDISynthesizer.o
 .debug_pubnames
                0x0000004b       0x27 c:/altera/12.1sp1/nios2eds/bin/gnu/h-i686-mingw32/bin/../lib/gcc/nios2-elf/4.1.2/../../../../nios2-elf/lib/mno-hw-mul\libc.a(lib_a-puts.o)
 .debug_pubnames
                0x00000072       0x1d c:/altera/12.1sp1/nios2eds/bin/gnu/h-i686-mingw32/bin/../lib/gcc/nios2-elf/4.1.2/../../../../nios2-elf/lib/mno-hw-mul\libc.a(lib_a-strlen.o)
 .debug_pubnames
                0x0000008f       0x23 c:/altera/12.1sp1/nios2eds/bin/gnu/h-i686-mingw32/bin/../lib/gcc/nios2-elf/4.1.2/../../../../nios2-elf/lib/mno-hw-mul\libc.a(lib_a-fvwrite.o)
 .debug_pubnames
                0x000000b2       0x39 c:/altera/12.1sp1/nios2eds/bin/gnu/h-i686-mingw32/bin/../lib/gcc/nios2-elf/4.1.2/../../../../nios2-elf/lib/mno-hw-mul\libc.a(lib_a-impure.o)
 .debug_pubnames
                0x000000eb       0xce c:/altera/12.1sp1/nios2eds/bin/gnu/h-i686-mingw32/bin/../lib/gcc/nios2-elf/4.1.2/../../../../nios2-elf/lib/mno-hw-mul\libc.a(lib_a-mallocr.o)
 .debug_pubnames
                0x000001b9       0x1d c:/altera/12.1sp1/nios2eds/bin/gnu/h-i686-mingw32/bin/../lib/gcc/nios2-elf/4.1.2/../../../../nios2-elf/lib/mno-hw-mul\libc.a(lib_a-memchr.o)
 .debug_pubnames
                0x000001d6       0x1d c:/altera/12.1sp1/nios2eds/bin/gnu/h-i686-mingw32/bin/../lib/gcc/nios2-elf/4.1.2/../../../../nios2-elf/lib/mno-hw-mul\libc.a(lib_a-memcpy.o)
 .debug_pubnames
                0x000001f3       0x1e c:/altera/12.1sp1/nios2eds/bin/gnu/h-i686-mingw32/bin/../lib/gcc/nios2-elf/4.1.2/../../../../nios2-elf/lib/mno-hw-mul\libc.a(lib_a-memmove.o)
 .debug_pubnames
                0x00000211       0x21 c:/altera/12.1sp1/nios2eds/bin/gnu/h-i686-mingw32/bin/../lib/gcc/nios2-elf/4.1.2/../../../../nios2-elf/lib/mno-hw-mul\libc.a(lib_a-reallocr.o)
 .debug_pubnames
                0x00000232       0x1e c:/altera/12.1sp1/nios2eds/bin/gnu/h-i686-mingw32/bin/../lib/gcc/nios2-elf/4.1.2/../../../../nios2-elf/lib/mno-hw-mul\libc.a(lib_a-sbrkr.o)
 .debug_pubnames
                0x00000250       0x22 c:/altera/12.1sp1/nios2eds/bin/gnu/h-i686-mingw32/bin/../lib/gcc/nios2-elf/4.1.2/../../../../nios2-elf/lib/mno-hw-mul\libc.a(lib_a-wsetup.o)
 .debug_pubnames
                0x00000272       0x2b c:/altera/12.1sp1/nios2eds/bin/gnu/h-i686-mingw32/bin/../lib/gcc/nios2-elf/4.1.2/../../../../nios2-elf/lib/mno-hw-mul\libc.a(lib_a-fflush.o)
 .debug_pubnames
                0x0000029d       0xdb c:/altera/12.1sp1/nios2eds/bin/gnu/h-i686-mingw32/bin/../lib/gcc/nios2-elf/4.1.2/../../../../nios2-elf/lib/mno-hw-mul\libc.a(lib_a-findfp.o)
 .debug_pubnames
                0x00000378       0x31 c:/altera/12.1sp1/nios2eds/bin/gnu/h-i686-mingw32/bin/../lib/gcc/nios2-elf/4.1.2/../../../../nios2-elf/lib/mno-hw-mul\libc.a(lib_a-freer.o)
 .debug_pubnames
                0x000003a9       0x2e c:/altera/12.1sp1/nios2eds/bin/gnu/h-i686-mingw32/bin/../lib/gcc/nios2-elf/4.1.2/../../../../nios2-elf/lib/mno-hw-mul\libc.a(lib_a-fwalk.o)
 .debug_pubnames
                0x000003d7       0x1c c:/altera/12.1sp1/nios2eds/bin/gnu/h-i686-mingw32/bin/../lib/gcc/nios2-elf/4.1.2/../../../../nios2-elf/lib/mno-hw-mul\libc.a(lib_a-int_errno.o)
 .debug_pubnames
                0x000003f3       0x23 c:/altera/12.1sp1/nios2eds/bin/gnu/h-i686-mingw32/bin/../lib/gcc/nios2-elf/4.1.2/../../../../nios2-elf/lib/mno-hw-mul\libc.a(lib_a-makebuf.o)
 .debug_pubnames
                0x00000416       0x1d c:/altera/12.1sp1/nios2eds/bin/gnu/h-i686-mingw32/bin/../lib/gcc/nios2-elf/4.1.2/../../../../nios2-elf/lib/mno-hw-mul\libc.a(lib_a-memset.o)
 .debug_pubnames
                0x00000433       0x44 c:/altera/12.1sp1/nios2eds/bin/gnu/h-i686-mingw32/bin/../lib/gcc/nios2-elf/4.1.2/../../../../nios2-elf/lib/mno-hw-mul\libc.a(lib_a-stdio.o)
 .debug_pubnames
                0x00000477       0x1f c:/altera/12.1sp1/nios2eds/bin/gnu/h-i686-mingw32/bin/../lib/gcc/nios2-elf/4.1.2/../../../../nios2-elf/lib/mno-hw-mul\libc.a(lib_a-writer.o)
 .debug_pubnames
                0x00000496       0x1f c:/altera/12.1sp1/nios2eds/bin/gnu/h-i686-mingw32/bin/../lib/gcc/nios2-elf/4.1.2/../../../../nios2-elf/lib/mno-hw-mul\libc.a(lib_a-closer.o)
 .debug_pubnames
                0x000004b5       0x2b c:/altera/12.1sp1/nios2eds/bin/gnu/h-i686-mingw32/bin/../lib/gcc/nios2-elf/4.1.2/../../../../nios2-elf/lib/mno-hw-mul\libc.a(lib_a-fclose.o)
 .debug_pubnames
                0x000004e0       0x1f c:/altera/12.1sp1/nios2eds/bin/gnu/h-i686-mingw32/bin/../lib/gcc/nios2-elf/4.1.2/../../../../nios2-elf/lib/mno-hw-mul\libc.a(lib_a-fstatr.o)
 .debug_pubnames
                0x000004ff       0x20 c:/altera/12.1sp1/nios2eds/bin/gnu/h-i686-mingw32/bin/../lib/gcc/nios2-elf/4.1.2/../../../../nios2-elf/lib/mno-hw-mul\libc.a(lib_a-isattyr.o)
 .debug_pubnames
                0x0000051f       0x1f c:/altera/12.1sp1/nios2eds/bin/gnu/h-i686-mingw32/bin/../lib/gcc/nios2-elf/4.1.2/../../../../nios2-elf/lib/mno-hw-mul\libc.a(lib_a-lseekr.o)
 .debug_pubnames
                0x0000053e       0x1e c:/altera/12.1sp1/nios2eds/bin/gnu/h-i686-mingw32/bin/../lib/gcc/nios2-elf/4.1.2/../../../../nios2-elf/lib/mno-hw-mul\libc.a(lib_a-readr.o)
 .debug_pubnames
                0x0000055c       0x1f c:/altera/12.1sp1/nios2eds/bin/gnu/h-i686-mingw32/bin/../lib/gcc/nios2-elf/4.1.2/mno-hw-mul\libgcc.a(lib2-mul.o)
 .debug_pubnames