Archive member included because of file (symbol)

c:/altera/12.1sp1/nios2eds/bin/gnu/h-i686-mingw32/bin/../lib/gcc/nios2-elf/4.1.2/../../../../nios2-elf/lib/mno-hw-mul\libm.a(lib_a-w_pow.o)
                              obj/default/MIDISynthesizer.o (pow)
c:/altera/12.1sp1/nios2eds/bin/gnu/h-i686-mingw32/bin/../lib/gcc/nios2-elf/4.1.2/../../../../nios2-elf/lib/mno-hw-mul\libm.a(lib_a-e_pow.o)
                              c:/altera/12.1sp1/nios2eds/bin/gnu/h-i686-mingw32/bin/../lib/gcc/nios2-elf/4.1.2/../../../../nios2-elf/lib/mno-hw-mul\libm.a(lib_a-w_pow.o) (__ieee754_pow)
c:/altera/12.1sp1/nios2eds/bin/gnu/h-i686-mingw32/bin/../lib/gcc/nios2-elf/4.1.2/../../../../nios2-elf/lib/mno-hw-mul\libm.a(lib_a-e_sqrt.o)
                              c:/altera/12.1sp1/nios2eds/bin/gnu/h-i686-mingw32/bin/../lib/gcc/nios2-elf/4.1.2/../../../../nios2-elf/lib/mno-hw-mul\libm.a(lib_a-e_pow.o) (__ieee754_sqrt)
c:/altera/12.1sp1/nios2eds/bin/gnu/h-i686-mingw32/bin/../lib/gcc/nios2-elf/4.1.2/../../../../nios2-elf/lib/mno-hw-mul\libm.a(lib_a-s_fabs.o)
                              c:/altera/12.1sp1/nios2eds/bin/gnu/h-i686-mingw32/bin/../lib/gcc/nios2-elf/4.1.2/../../../../nios2-elf/lib/mno-hw-mul\libm.a(lib_a-e_pow.o) (fabs)
c:/altera/12.1sp1/nios2eds/bin/gnu/h-i686-mingw32/bin/../lib/gcc/nios2-elf/4.1.2/../../../../nios2-elf/lib/mno-hw-mul\libm.a(lib_a-s_finite.o)
                              c:/altera/12.1sp1/nios2eds/bin/gnu/h-i686-mingw32/bin/../lib/gcc/nios2-elf/4.1.2/../../../../nios2-elf/lib/mno-hw-mul\libm.a(lib_a-w_pow.o) (finite)
c:/altera/12.1sp1/nios2eds/bin/gnu/h-i686-mingw32/bin/../lib/gcc/nios2-elf/4.1.2/../../../../nios2-elf/lib/mno-hw-mul\libm.a(lib_a-s_isnand.o)
                              c:/altera/12.1sp1/nios2eds/bin/gnu/h-i686-mingw32/bin/../lib/gcc/nios2-elf/4.1.2/../../../../nios2-elf/lib/mno-hw-mul\libm.a(lib_a-w_pow.o) (__isnand)
c:/altera/12.1sp1/nios2eds/bin/gnu/h-i686-mingw32/bin/../lib/gcc/nios2-elf/4.1.2/../../../../nios2-elf/lib/mno-hw-mul\libm.a(lib_a-s_lib_ver.o)
                              c:/altera/12.1sp1/nios2eds/bin/gnu/h-i686-mingw32/bin/../lib/gcc/nios2-elf/4.1.2/../../../../nios2-elf/lib/mno-hw-mul\libm.a(lib_a-w_pow.o) (__fdlib_version)
c:/altera/12.1sp1/nios2eds/bin/gnu/h-i686-mingw32/bin/../lib/gcc/nios2-elf/4.1.2/../../../../nios2-elf/lib/mno-hw-mul\libm.a(lib_a-s_matherr.o)
                              c:/altera/12.1sp1/nios2eds/bin/gnu/h-i686-mingw32/bin/../lib/gcc/nios2-elf/4.1.2/../../../../nios2-elf/lib/mno-hw-mul\libm.a(lib_a-w_pow.o) (matherr)
c:/altera/12.1sp1/nios2eds/bin/gnu/h-i686-mingw32/bin/../lib/gcc/nios2-elf/4.1.2/../../../../nios2-elf/lib/mno-hw-mul\libm.a(lib_a-s_nan.o)
                              c:/altera/12.1sp1/nios2eds/bin/gnu/h-i686-mingw32/bin/../lib/gcc/nios2-elf/4.1.2/../../../../nios2-elf/lib/mno-hw-mul\libm.a(lib_a-e_pow.o) (nan)
c:/altera/12.1sp1/nios2eds/bin/gnu/h-i686-mingw32/bin/../lib/gcc/nios2-elf/4.1.2/../../../../nios2-elf/lib/mno-hw-mul\libm.a(lib_a-s_rint.o)
                              c:/altera/12.1sp1/nios2eds/bin/gnu/h-i686-mingw32/bin/../lib/gcc/nios2-elf/4.1.2/../../../../nios2-elf/lib/mno-hw-mul\libm.a(lib_a-w_pow.o) (rint)
c:/altera/12.1sp1/nios2eds/bin/gnu/h-i686-mingw32/bin/../lib/gcc/nios2-elf/4.1.2/../../../../nios2-elf/lib/mno-hw-mul\libm.a(lib_a-s_scalbn.o)
                              c:/altera/12.1sp1/nios2eds/bin/gnu/h-i686-mingw32/bin/../lib/gcc/nios2-elf/4.1.2/../../../../nios2-elf/lib/mno-hw-mul\libm.a(lib_a-e_pow.o) (scalbn)
c:/altera/12.1sp1/nios2eds/bin/gnu/h-i686-mingw32/bin/../lib/gcc/nios2-elf/4.1.2/../../../../nios2-elf/lib/mno-hw-mul\libm.a(lib_a-s_copysign.o)
                              c:/altera/12.1sp1/nios2eds/bin/gnu/h-i686-mingw32/bin/../lib/gcc/nios2-elf/4.1.2/../../../../nios2-elf/lib/mno-hw-mul\libm.a(lib_a-s_scalbn.o) (copysign)
c:/altera/12.1sp1/nios2eds/bin/gnu/h-i686-mingw32/bin/../lib/gcc/nios2-elf/4.1.2/mno-hw-mul\libgcc.a(_addsub_df.o)
                              c:/altera/12.1sp1/nios2eds/bin/gnu/h-i686-mingw32/bin/../lib/gcc/nios2-elf/4.1.2/../../../../nios2-elf/lib/mno-hw-mul\libm.a(lib_a-e_pow.o) (__subdf3)
c:/altera/12.1sp1/nios2eds/bin/gnu/h-i686-mingw32/bin/../lib/gcc/nios2-elf/4.1.2/mno-hw-mul\libgcc.a(_mul_df.o)
                              obj/default/MIDISynthesizer.o (__muldf3)
c:/altera/12.1sp1/nios2eds/bin/gnu/h-i686-mingw32/bin/../lib/gcc/nios2-elf/4.1.2/mno-hw-mul\libgcc.a(_div_df.o)
                              obj/default/MIDISynthesizer.o (__divdf3)
c:/altera/12.1sp1/nios2eds/bin/gnu/h-i686-mingw32/bin/../lib/gcc/nios2-elf/4.1.2/mno-hw-mul\libgcc.a(_eq_df.o)
                              c:/altera/12.1sp1/nios2eds/bin/gnu/h-i686-mingw32/bin/../lib/gcc/nios2-elf/4.1.2/../../../../nios2-elf/lib/mno-hw-mul\libm.a(lib_a-w_pow.o) (__eqdf2)
c:/altera/12.1sp1/nios2eds/bin/gnu/h-i686-mingw32/bin/../lib/gcc/nios2-elf/4.1.2/mno-hw-mul\libgcc.a(_ne_df.o)
[...]
Memory Configuration

Name             Origin             Length             Attributes
sram_0           0x00080000         0x00080000
reset            0x00104000         0x00000020
onchip_memory2_0 0x00104020         0x00003fe0
*default*        0x00000000         0xffffffff

Linker script and memory map

LOAD ../SynthesizerSoftware_bsp//obj/HAL/src/crt0.o
LOAD obj/default/MIDISynthesizer.o
LOAD obj/default/testing.o
LOAD c:/altera/12.1sp1/nios2eds/bin/gnu/h-i686-mingw32/bin/../lib/gcc/nios2-elf/4.1.2/../../../../nios2-elf/lib/mno-hw-mul\libstdc++.a
LOAD c:/altera/12.1sp1/nios2eds/bin/gnu/h-i686-mingw32/bin/../lib/gcc/nios2-elf/4.1.2/../../../../nios2-elf/lib/mno-hw-mul\libm.a
LOAD c:/altera/12.1sp1/nios2eds/bin/gnu/h-i686-mingw32/bin/../lib/gcc/nios2-elf/4.1.2/mno-hw-mul\libgcc.a
START GROUP
LOAD c:/altera/12.1sp1/nios2eds/bin/gnu/h-i686-mingw32/bin/../lib/gcc/nios2-elf/4.1.2/../../../../nios2-elf/lib/mno-hw-mul\libc.a
LOAD c:/altera/12.1sp1/nios2eds/bin/gnu/h-i686-mingw32/bin/../lib/gcc/nios2-elf/4.1.2/mno-hw-mul\libgcc.a
LOAD ../SynthesizerSoftware_bsp/\libucosii_bsp.a
END GROUP
LOAD c:/altera/12.1sp1/nios2eds/bin/gnu/h-i686-mingw32/bin/../lib/gcc/nios2-elf/4.1.2/mno-hw-mul\libgcc.a
                0x00080000                __alt_mem_sram_0 = 0x80000
                0x00104000                __alt_mem_onchip_memory2_0 = 0x104000

.entry          0x00104000       0x20
 *(.entry)
 .entry         0x00104000       0x20 ../SynthesizerSoftware_bsp//obj/HAL/src/crt0.o
                0x00104000                __reset

.exceptions     0x00104020      0x19c load address 0x00080000
                0x00104020                PROVIDE (__ram_exceptions_start, ABSOLUTE (.))
                0x00104020                . = ALIGN (0x20)
 *(.irq)
 *(.exceptions.entry.label)
 .exceptions.entry.label
                0x00104020        0x0 ../SynthesizerSoftware_bsp/\libucosii_bsp.a(alt_irq_entry.o)
                0x00104020                alt_irq_entry
 .exceptions.entry.label
                0x00104020        0x0 ../SynthesizerSoftware_bsp/\libucosii_bsp.a(alt_exception_entry.o)
                0x00104020                alt_exception
 *(.exceptions.entry.user)
 *(.exceptions.entry)
 .exceptions.entry
                0x00104020       0x54 ../SynthesizerSoftware_bsp/\libucosii_bsp.a(alt_exception_entry.o)
 *(.exceptions.irqtest.user)
 *(.exceptions.irqtest)
 .exceptions.irqtest
                0x00104074       0x10 ../SynthesizerSoftware_bsp/\libucosii_bsp.a(alt_irq_entry.o)
 *(.exceptions.irqhandler.user)
 *(.exceptions.irqhandler)
 .exceptions.irqhandler
                0x00104084        0x4 ../SynthesizerSoftware_bsp/\libucosii_bsp.a(alt_irq_entry.o)
 *(.exceptions.irqreturn.user)
 *(.exceptions.irqreturn)
 .exceptions.irqreturn
                0x00104088        0x4 ../SynthesizerSoftware_bsp/\libucosii_bsp.a(alt_irq_entry.o)
 *(.exceptions.notirq.label)
 .exceptions.notirq.label
                0x0010408c        0x0 ../SynthesizerSoftware_bsp/\libucosii_bsp.a(alt_irq_entry.o)
 *(.exceptions.notirq.user)
 *(.exceptions.notirq)
 .exceptions.notirq
                0x0010408c        0x8 ../SynthesizerSoftware_bsp/\libucosii_bsp.a(alt_exception_entry.o)
 *(.exceptions.soft.user)
 *(.exceptions.soft)
 *(.exceptions.unknown.user)
 *(.exceptions.unknown)
 .exceptions.unknown
                0x00104094        0x4 ../SynthesizerSoftware_bsp/\libucosii_bsp.a(alt_exception_entry.o)
 *(.exceptions.exit.label)
 .exceptions.exit.label
                0x00104098        0x0 ../SynthesizerSoftware_bsp/\libucosii_bsp.a(alt_irq_entry.o)
 .exceptions.exit.label
                0x00104098        0x0 ../SynthesizerSoftware_bsp/\libucosii_bsp.a(alt_exception_entry.o)
 *(.exceptions.exit.user)
 *(.exceptions.exit)
 .exceptions.exit
                0x00104098       0x54 ../SynthesizerSoftware_bsp/\libucosii_bsp.a(alt_exception_entry.o)
 *(.exceptions)
 .exceptions    0x001040ec       0xd0 ../SynthesizerSoftware_bsp/\libucosii_bsp.a(alt_irq_handler.o)
                0x001040ec                alt_irq_handler
                0x001041bc                PROVIDE (__ram_exceptions_end, ABSOLUTE (.))
                0x00080000                PROVIDE (__flash_exceptions_start, LOADADDR (.exceptions))

.text           0x0008019c     0xeefc
                0x0008019c                PROVIDE (stext, ABSOLUTE (.))
 *(.interp)
 *(.hash)
 *(.dynsym)
 *(.dynstr)
 *(.gnu.version)
 *(.gnu.version_d)
 *(.gnu.version_r)
 *(.rel.init)
 *(.rela.init)
 *(.rel.text .rel.text.* .rel.gnu.linkonce.t.*)
 *(.rela.text .rela.text.* .rela.gnu.linkonce.t.*)
 *(.rel.fini)
 *(.rela.fini)
 *(.rel.rodata .rel.rodata.* .rel.gnu.linkonce.r.*)
 *(.rela.rodata .rela.rodata.* .rela.gnu.linkonce.r.*)
 *(.rel.data .rel.data.* .rel.gnu.linkonce.d.*)
 *(.rela.data .rela.data.* .rela.gnu.linkonce.d.*)
 *(.rel.tdata .rel.tdata.* .rel.gnu.linkonce.td.*)
 *(.rela.tdata .rela.tdata.* .rela.gnu.linkonce.td.*)
 *(.rel.tbss .rel.tbss.* .rel.gnu.linkonce.tb.*)
 *(.rela.tbss .rela.tbss.* .rela.gnu.linkonce.tb.*)
 *(.rel.ctors)
 *(.rela.ctors)
 *(.rel.dtors)
 *(.rela.dtors)
 *(.rel.got)
 *(.rela.got)
 *(.rel.sdata .rel.sdata.* .rel.gnu.linkonce.s.*)
 *(.rela.sdata .rela.sdata.* .rela.gnu.linkonce.s.*)
 *(.rel.sbss .rel.sbss.* .rel.gnu.linkonce.sb.*)
 *(.rela.sbss .rela.sbss.* .rela.gnu.linkonce.sb.*)
 *(.rel.sdata2 .rel.sdata2.* .rel.gnu.linkonce.s2.*)
 *(.rela.sdata2 .rela.sdata2.* .rela.gnu.linkonce.s2.*)
 *(.rel.sbss2 .rel.sbss2.* .rel.gnu.linkonce.sb2.*)
 *(.rela.sbss2 .rela.sbss2.* .rela.gnu.linkonce.sb2.*)
 *(.rel.bss .rel.bss.* .rel.gnu.linkonce.b.*)
 *(.rela.bss .rela.bss.* .rela.gnu.linkonce.b.*)
 *(.rel.plt)
 *(.rela.plt)
 *(.rel.dyn)
 *(.init)
 *(.plt)
 *(.text .stub .text.* .gnu.linkonce.t.*)
 .text          0x0008019c       0x3c ../SynthesizerSoftware_bsp//obj/HAL/src/crt0.o
                0x0008019c                _start
 .text          0x000801d8      0x5b4 obj/default/MIDISynthesizer.o
                0x000801d8                sendNoteOn2Voice
                0x00080374                turnOnVoice
                0x00080480                turnOffVoice
                0x00080574                midiNote2midiFreq
                0x00080618                midiFreq2sampleFreq
                0x000806a4                task3
                0x000806c0                PollForNotesTask
                0x00080770                main
 .text          0x0008078c        0x0 obj/default/testing.o
 .text          0x0008078c      0x488 c:/altera/12.1sp1/nios2eds/bin/gnu/h-i686-mingw32/bin/../lib/gcc/nios2-elf/4.1.2/../../../../nios2-elf/lib/mno-hw-mul\libm.a(lib_a-w_pow.o)
                0x0008078c                pow
 .text          0x00080c14     0x1300 c:/altera/12.1sp1/nios2eds/bin/gnu/h-i686-mingw32/bin/../lib/gcc/nios2-elf/4.1.2/../../../../nios2-elf/lib/mno-hw-mul\libm.a(lib_a-e_pow.o)
                0x00080c14                __ieee754_pow
 .text          0x00081f14      0x2c8 c:/altera/12.1sp1/nios2eds/bin/gnu/h-i686-mingw32/bin/../lib/gcc/nios2-elf/4.1.2/../../../../nios2-elf/lib/mno-hw-mul\libm.a(lib_a-e_sqrt.o)
                0x00081f14                __ieee754_sqrt
 .text          0x000821dc       0x18 c:/altera/12.1sp1/nios2eds/bin/gnu/h-i686-mingw32/bin/../lib/gcc/nios2-elf/4.1.2/../../../../nios2-elf/lib/mno-hw-mul\libm.a(lib_a-s_fabs.o)
                0x000821dc                fabs
 .text          0x000821f4       0x1c c:/altera/12.1sp1/nios2eds/bin/gnu/h-i686-mingw32/bin/../lib/gcc/nios2-elf/4.1.2/../../../../nios2-elf/lib/mno-hw-mul\libm.a(lib_a-s_finite.o)
                0x000821f4                finite
 .text          0x00082210       0x30 c:/altera/12.1sp1/nios2eds/bin/gnu/h-i686-mingw32/bin/../lib/gcc/nios2-elf/4.1.2/../../../../nios2-elf/lib/mno-hw-mul\libm.a(lib_a-s_isnand.o)
                0x00082210                __isnand
 .text          0x00082240        0x0 c:/altera/12.1sp1/nios2eds/bin/gnu/h-i686-mingw32/bin/../lib/gcc/nios2-elf/4.1.2/../../../../nios2-elf/lib/mno-hw-mul\libm.a(lib_a-s_lib_ver.o)
 .text          0x00082240        0x8 c:/altera/12.1sp1/nios2eds/bin/gnu/h-i686-mingw32/bin/../lib/gcc/nios2-elf/4.1.2/../../../../nios2-elf/lib/mno-hw-mul\libm.a(lib_a-s_matherr.o)
                0x00082240                matherr
 .text          0x00082248       0x10 c:/altera/12.1sp1/nios2eds/bin/gnu/h-i686-mingw32/bin/../lib/gcc/nios2-elf/4.1.2/../../../../nios2-elf/lib/mno-hw-mul\libm.a(lib_a-s_nan.o)
                0x00082248                nan
 .text          0x00082258      0x210 c:/altera/12.1sp1/nios2eds/bin/gnu/h-i686-mingw32/bin/../lib/gcc/nios2-elf/4.1.2/../../../../nios2-elf/lib/mno-hw-mul\libm.a(lib_a-s_rint.o)
                0x00082258                rint
 .text          0x00082468      0x1e0 c:/altera/12.1sp1/nios2eds/bin/gnu/h-i686-mingw32/bin/../lib/gcc/nios2-elf/4.1.2/../../../../nios2-elf/lib/mno-hw-mul\libm.a(lib_a-s_scalbn.o)
                0x00082468                scalbn
 .text          0x00082648       0x24 c:/altera/12.1sp1/nios2eds/bin/gnu/h-i686-mingw32/bin/../lib/gcc/nios2-elf/4.1.2/../../../../nios2-elf/lib/mno-hw-mul\libm.a(lib_a-s_copysign.o)
                0x00082648                copysign
 .text          0x0008266c      0x504 c:/altera/12.1sp1/nios2eds/bin/gnu/h-i686-mingw32/bin/../lib/gcc/nios2-elf/4.1.2/mno-hw-mul\libgcc.a(_addsub_df.o)
                0x00082a7c                __subdf3
                0x00082afc                __adddf3
 .text          0x00082b70      0x3c4 c:/altera/12.1sp1/nios2eds/bin/gnu/h-i686-mingw32/bin/../lib/gcc/nios2-elf/4.1.2/mno-hw-mul\libgcc.a(_mul_df.o)
                0x00082b70                __muldf3
 .text          0x00082f34      0x258 c:/altera/12.1sp1/nios2eds/bin/gnu/h-i686-mingw32/bin/../lib/gcc/nios2-elf/4.1.2/mno-hw-mul\libgcc.a(_div_df.o)
                0x00082f34                __divdf3
 .text          0x0008318c       0x88 c:/altera/12.1sp1/nios2eds/bin/gnu/h-i686-mingw32/bin/../lib/gcc/nios2-elf/4.1.2/mno-hw-mul\libgcc.a(_eq_df.o)
                0x0008318c                __eqdf2
 .text          0x00083214       0x88 c:/altera/12.1sp1/nios2eds/bin/gnu/h-i686-mingw32/bin/../lib/gcc/nios2-elf/4.1.2/mno-hw-mul\libgcc.a(_ne_df.o)
                0x00083214                __nedf2
 .text          0x0008329c       0x88 c:/altera/12.1sp1/nios2eds/bin/gnu/h-i686-mingw32/bin/../lib/gcc/nios2-elf/4.1.2/mno-hw-mul\libgcc.a(_gt_df.o)
                0x0008329c                __gtdf2
 .text          0x00083324       0x88 c:/altera/12.1sp1/nios2eds/bin/gnu/h-i686-mingw32/bin/../lib/gcc/nios2-elf/4.1.2/mno-hw-mul\libgcc.a(_lt_df.o)
                0x00083324                __ltdf2
 .text          0x000833ac       0x88 c:/altera/12.1sp1/nios2eds/bin/gnu/h-i686-mingw32/bin/../lib/gcc/nios2-elf/4.1.2/mno-hw-mul\libgcc.a(_le_df.o)
                0x000833ac                __ledf2
 .text          0x00083434       0xf8 c:/altera/12.1sp1/nios2eds/bin/gnu/h-i686-mingw32/bin/../lib/gcc/nios2-elf/4.1.2/mno-hw-mul\libgcc.a(_si_to_df.o)
                0x00083434                __floatsidf
 .text          0x0008352c       0xd8 c:/altera/12.1sp1/nios2eds/bin/gnu/h-i686-mingw32/bin/../lib/gcc/nios2-elf/4.1.2/mno-hw-mul\libgcc.a(_df_to_si.o)
                0x0008352c                __fixdfsi
 .text          0x00083604        0x0 c:/altera/12.1sp1/nios2eds/bin/gnu/h-i686-mingw32/bin/../lib/gcc/nios2-elf/4.1.2/mno-hw-mul\libgcc.a(_thenan_df.o)
 .text          0x00083604      0x14c c:/altera/12.1sp1/nios2eds/bin/gnu/h-i686-mingw32/bin/../lib/gcc/nios2-elf/4.1.2/mno-hw-mul\libgcc.a(lib2-divmod.o)
                0x00083680                __divsi3
                0x000836e0                __modsi3
                0x00083740                __udivsi3
                0x00083748                __umodsi3
 .text          0x00083750       0x38 c:/altera/12.1sp1/nios2eds/bin/gnu/h-i686-mingw32/bin/../lib/gcc/nios2-elf/4.1.2/mno-hw-mul\libgcc.a(lib2-mul.o)
                0x00083750                __mulsi3
 .text          0x00083788      0x124 c:/altera/12.1sp1/nios2eds/bin/gnu/h-i686-mingw32/bin/../lib/gcc/nios2-elf/4.1.2/mno-hw-mul\libgcc.a(_muldi3.o)
                0x00083788                __muldi3
 .text          0x000838ac       0x80 c:/altera/12.1sp1/nios2eds/bin/gnu/h-i686-mingw32/bin/../lib/gcc/nios2-elf/4.1.2/mno-hw-mul\libgcc.a(_clzsi2.o)
                0x000838ac                __clzsi2
 .text          0x0008392c      0x314 c:/altera/12.1sp1/nios2eds/bin/gnu/h-i686-mingw32/bin/../lib/gcc/nios2-elf/4.1.2/mno-hw-mul\libgcc.a(_pack_df.o)
                0x0008392c                __pack_d
 .text          0x00083c40      0x138 c:/altera/12.1sp1/nios2eds/bin/gnu/h-i686-mingw32/bin/../lib/gcc/nios2-elf/4.1.2/mno-hw-mul\libgcc.a(_unpack_df.o)
                0x00083c40                __unpack_d
 .text          0x00083d78       0xc8 c:/altera/12.1sp1/nios2eds/bin/gnu/h-i686-mingw32/bin/../lib/gcc/nios2-elf/4.1.2/mno-hw-mul\libgcc.a(_fpcmp_parts_df.o)
                0x00083d78                __fpcmp_parts_d
 .text          0x00083e40        0x0 c:/altera/12.1sp1/nios2eds/bin/gnu/h-i686-mingw32/bin/../lib/gcc/nios2-elf/4.1.2/mno-hw-mul\libgcc.a(_clz.o)
 .text          0x00083e40       0x10 c:/altera/12.1sp1/nios2eds/bin/gnu/h-i686-mingw32/bin/../lib/gcc/nios2-elf/4.1.2/../../../../nios2-elf/lib/mno-hw-mul\libc.a(lib_a-errno.o)
                0x00083e40                __errno
 .text          0x00083e50        0x0 c:/altera/12.1sp1/nios2eds/bin/gnu/h-i686-mingw32/bin/../lib/gcc/nios2-elf/4.1.2/../../../../nios2-elf/lib/mno-hw-mul\libc.a(lib_a-impure.o)
 .text          0x00083e50       0xec ../SynthesizerSoftware_bsp/\libucosii_bsp.a(alt_load.o)
                0x00083e50                alt_load
 .text          0x00083f3c       0xc8 ../SynthesizerSoftware_bsp/\libucosii_bsp.a(alt_main.o)
                0x00083f3c                alt_main
 .text          0x00084004      0x108 ../SynthesizerSoftware_bsp/\libucosii_bsp.a(alt_env_lock.o)
                0x00084004                __env_lock
                0x000840b0                __env_unlock
 .text          0x0008410c      0x1d8 ../SynthesizerSoftware_bsp/\libucosii_bsp.a(alt_malloc_lock.o)
                0x0008410c                __malloc_lock
                0x00084214                __malloc_unlock
 .text          0x000842e4     0x2128 ../SynthesizerSoftware_bsp/\libucosii_bsp.a(os_core.o)
                0x000842e4                OSEventNameGet
                0x00084414                OSEventNameSet
                0x00084558                OSEventPendMulti
                0x00084c0c                OSInit
                0x00084c60                OSIntEnter
                0x00084cdc                OSIntExit
                0x00084ddc                OSSchedLock
                0x00084e68                OSSchedUnlock
                0x00084f4c                OSStart
                0x00084fbc                OSStatInit
                0x00085068                OSTimeTick
                0x000852a8                OSVersion
                0x000852c8                OS_Dummy
                0x000852e4                OS_EventTaskRdy
                0x00085478                OS_EventTaskWait
                0x00085588                OS_EventTaskWaitMulti
                0x000856dc                OS_EventTaskRemove
                0x00085794                OS_EventTaskRemoveMulti
                0x00085898                OS_EventWaitListInit
                0x00085c64                OS_MemClr
                0x00085cb8                OS_MemCopy
                0x00085d24                OS_Sched
                0x00085e68                OS_StrCopy
                0x00085ee8                OS_StrLen
                0x00085f40                OS_TaskIdle
                0x00085f9c                OS_TaskStat
                0x00086064                OS_TaskStatStkChk
                0x0008612c                OS_TCBInit
 .text          0x0008640c      0x18c ../SynthesizerSoftware_bsp/\libucosii_bsp.a(os_dbg.o)
                0x0008640c                OSDebugInit
 .text          0x00086598     0x193c ../SynthesizerSoftware_bsp/\libucosii_bsp.a(os_flag.o)
                0x00086598                OSFlagAccept
                0x000868cc                OSFlagCreate
                0x00086a08                OSFlagDel
                0x00086cb0                OSFlagNameGet
                0x00086df4                OSFlagNameSet
                0x00086f48                OSFlagPend
                0x0008758c                OSFlagPendGetFlagsRdy
                0x000875f4                OSFlagPost
                0x0008799c                OSFlagQuery
                0x00087c34                OS_FlagInit
                0x00087e28                OS_FlagUnlink
 .text          0x00087ed4      0x80c ../SynthesizerSoftware_bsp/\libucosii_bsp.a(os_mem.o)
                0x00087ed4                OSMemCreate
                0x000880f0                OSMemGet
                0x000881f4                OSMemNameGet
                0x00088300                OSMemNameSet
                0x00088420                OSMemPut
                0x00088510                OSMemQuery
                0x0008860c                OS_MemInit
 .text          0x000886e0     0x1334 ../SynthesizerSoftware_bsp/\libucosii_bsp.a(os_q.o)
                0x000886e0                OSQAccept
                0x00088834                OSQCreate
                0x00088a48                OSQDel
                0x00088d48                OSQFlush
                0x00088e10                OSQPend
                0x00089130                OSQPendAbort
                0x000892ac                OSQPost
                0x0008942c                OSQPostFront
                0x000895b4                OSQPostOpt
                0x000897e8                OSQQuery
                0x00089968                OS_QInit
 .text          0x00089a14      0xbc8 ../SynthesizerSoftware_bsp/\libucosii_bsp.a(os_sem.o)
                0x00089a14                OSSemAccept
                0x00089ad4                OSSemCreate
                0x00089be8                OSSemDel
                0x00089e88                OSSemPend
                0x0008a104                OSSemPendAbort
                0x0008a280                OSSemPost
                0x0008a3a8                OSSemQuery
                0x0008a4d8                OSSemSet
 .text          0x0008a5dc     0x1a40 ../SynthesizerSoftware_bsp/\libucosii_bsp.a(os_task.o)
                0x0008a5dc                OSTaskChangePrio
                0x0008ab50                OSTaskCreate
                0x0008ad24                OSTaskCreateExt
                0x0008af24                OSTaskDel
                0x0008b330                OSTaskDelReq
                0x0008b4a0                OSTaskNameGet
                0x0008b658                OSTaskNameSet
                0x0008b81c                OSTaskResume
                0x0008ba34                OSTaskStkChk
                0x0008bc30                OSTaskSuspend
                0x0008be5c                OSTaskQuery
                0x0008bfa0                OS_TaskStkClr
 .text          0x0008c01c      0x5b4 ../SynthesizerSoftware_bsp/\libucosii_bsp.a(os_time.o)
                0x0008c01c                OSTimeDly
                0x0008c168                OSTimeDlyHMSM
                0x0008c2f8                OSTimeDlyResume
                0x0008c508                OSTimeGet
                0x0008c56c                OSTimeSet
 .text          0x0008c5d0       0xd4 ../SynthesizerSoftware_bsp/\libucosii_bsp.a(alt_sys_init.o)
                0x0008c5d0                alt_irq_init
                0x0008c604                alt_sys_init
 .text          0x0008c6a4      0x148 ../SynthesizerSoftware_bsp/\libucosii_bsp.a(altera_avalon_jtag_uart_fd.o)
                0x0008c6a4                altera_avalon_jtag_uart_read_fd
                0x0008c6fc                altera_avalon_jtag_uart_write_fd
                0x0008c754                altera_avalon_jtag_uart_close_fd
                0x0008c79c                altera_avalon_jtag_uart_ioctl_fd
 .text          0x0008c7ec      0x584 ../SynthesizerSoftware_bsp/\libucosii_bsp.a(altera_avalon_jtag_uart_init.o)
                0x0008c7ec                altera_avalon_jtag_uart_init
                0x0008ccfc                altera_avalon_jtag_uart_close
 .text          0x0008cd70       0xf4 ../SynthesizerSoftware_bsp/\libucosii_bsp.a(altera_avalon_jtag_uart_ioctl.o)
                0x0008cd70                altera_avalon_jtag_uart_ioctl
 .text          0x0008ce64      0x2c0 ../SynthesizerSoftware_bsp/\libucosii_bsp.a(altera_avalon_jtag_uart_read.o)
                0x0008ce64                altera_avalon_jtag_uart_read
 .text          0x0008d124      0x2dc ../SynthesizerSoftware_bsp/\libucosii_bsp.a(altera_avalon_jtag_uart_write.o)
                0x0008d124                altera_avalon_jtag_uart_write
 .text          0x0008d400      0x100 ../SynthesizerSoftware_bsp/\libucosii_bsp.a(altera_avalon_timer_sc.o)
                0x0008d470                alt_avalon_timer_sc_init
 .text          0x0008d500      0x154 ../SynthesizerSoftware_bsp/\libucosii_bsp.a(alt_alarm_start.o)
                0x0008d500                alt_alarm_start
 .text          0x0008d654      0x160 ../SynthesizerSoftware_bsp/\libucosii_bsp.a(alt_close.o)
                0x0008d654                close
 .text          0x0008d7b4       0x1c ../SynthesizerSoftware_bsp/\libucosii_bsp.a(alt_dcache_flush_all.o)
                0x0008d7b4                alt_dcache_flush_all
 .text          0x0008d7d0       0x2c ../SynthesizerSoftware_bsp/\libucosii_bsp.a(alt_dev.o)
 .text          0x0008d7fc      0x114 ../SynthesizerSoftware_bsp/\libucosii_bsp.a(alt_dev_llist_insert.o)
                0x0008d7fc                alt_dev_llist_insert
 .text          0x0008d910       0x64 ../SynthesizerSoftware_bsp/\libucosii_bsp.a(alt_do_ctors.o)
                0x0008d910                _do_ctors
 .text          0x0008d974       0x64 ../SynthesizerSoftware_bsp/\libucosii_bsp.a(alt_do_dtors.o)
                0x0008d974                _do_dtors
 .text          0x0008d9d8        0x0 ../SynthesizerSoftware_bsp/\libucosii_bsp.a(alt_errno.o)
 .text          0x0008d9d8       0x1c ../SynthesizerSoftware_bsp/\libucosii_bsp.a(alt_icache_flush_all.o)
                0x0008d9d8                alt_icache_flush_all
 .text          0x0008d9f4      0x1d4 ../SynthesizerSoftware_bsp/\libucosii_bsp.a(alt_iic.o)
                0x0008d9f4                alt_ic_isr_register
                0x0008da44                alt_ic_irq_enable
                0x0008dae0                alt_ic_irq_disable
                0x0008db80                alt_ic_irq_enabled
 .text          0x0008dbc8       0xf8 ../SynthesizerSoftware_bsp/\libucosii_bsp.a(alt_iic_isr_register.o)
                0x0008dbc8                alt_iic_isr_register
 .text          0x0008dcc0      0x150 ../SynthesizerSoftware_bsp/\libucosii_bsp.a(alt_io_redirect.o)
                0x0008dd98                alt_io_redirect
 .text          0x0008de10        0x0 ../SynthesizerSoftware_bsp/\libucosii_bsp.a(alt_irq_entry.o)
 .text          0x0008de10        0x0 ../SynthesizerSoftware_bsp/\libucosii_bsp.a(alt_irq_handler.o)
 .text          0x0008de10        0x0 ../SynthesizerSoftware_bsp/\libucosii_bsp.a(alt_irq_vars.o)
 .text          0x0008de10      0x2e4 ../SynthesizerSoftware_bsp/\libucosii_bsp.a(alt_open.o)
                0x0008df08                open
 .text          0x0008e0f4       0x78 ../SynthesizerSoftware_bsp/\libucosii_bsp.a(alt_release_fd.o)
                0x0008e0f4                alt_release_fd
 .text          0x0008e16c      0x1a8 ../SynthesizerSoftware_bsp/\libucosii_bsp.a(alt_tick.o)
                0x0008e16c                alt_alarm_stop
                0x0008e204                alt_tick
 .text          0x0008e314       0x20 ../SynthesizerSoftware_bsp/\libucosii_bsp.a(altera_nios2_qsys_irq.o)
                0x0008e314                altera_nios2_qsys_irq_init
 .text          0x0008e334       0xd0 ../SynthesizerSoftware_bsp/\libucosii_bsp.a(os_cpu_a.o)
                0x0008e334                OSCtxSw
                0x0008e334                OSIntCtxSw
                0x0008e3c0                OSStartHighRdy
                0x0008e3e0                OSStartTsk
 .text          0x0008e404      0x418 ../SynthesizerSoftware_bsp/\libucosii_bsp.a(os_cpu_c.o)
                0x0008e404                OSTaskStkInit
                0x0008e714                OSTaskCreateHook
                0x0008e734                OSTaskDelHook
                0x0008e754                OSTaskSwHook
                0x0008e770                OSTaskStatHook
                0x0008e78c                OSTimeTickHook
                0x0008e7a8                OSInitHookBegin
                0x0008e7c4                OSInitHookEnd
                0x0008e7e0                OSTaskIdleHook
                0x0008e7fc                OSTCBInitHook
 .text          0x0008e81c        0x0 ../SynthesizerSoftware_bsp/\libucosii_bsp.a(alt_exception_entry.o)
 .text          0x0008e81c       0x94 ../SynthesizerSoftware_bsp/\libucosii_bsp.a(alt_find_dev.o)
                0x0008e81c                alt_find_dev
 .text          0x0008e8b0      0x120 ../SynthesizerSoftware_bsp/\libucosii_bsp.a(alt_find_file.o)
                0x0008e8b0                alt_find_file
 .text          0x0008e9d0      0x104 ../SynthesizerSoftware_bsp/\libucosii_bsp.a(alt_get_fd.o)
                0x0008e9d0                alt_get_fd
 .text          0x0008ead4       0x14 c:/altera/12.1sp1/nios2eds/bin/gnu/h-i686-mingw32/bin/../lib/gcc/nios2-elf/4.1.2/../../../../nios2-elf/lib/mno-hw-mul\libc.a(lib_a-atexit.o)
                0x0008ead4                atexit
 .text          0x0008eae8       0x38 c:/altera/12.1sp1/nios2eds/bin/gnu/h-i686-mingw32/bin/../lib/gcc/nios2-elf/4.1.2/../../../../nios2-elf/lib/mno-hw-mul\libc.a(lib_a-exit.o)
                0x0008eae8                exit
 .text          0x0008eb20        0x0 c:/altera/12.1sp1/nios2eds/bin/gnu/h-i686-mingw32/bin/../lib/gcc/nios2-elf/4.1.2/../../../../nios2-elf/lib/mno-hw-mul\libc.a(lib_a-int_errno.o)
 .text          0x0008eb20       0x74 c:/altera/12.1sp1/nios2eds/bin/gnu/h-i686-mingw32/bin/../lib/gcc/nios2-elf/4.1.2/../../../../nios2-elf/lib/mno-hw-mul\libc.a(lib_a-memcmp.o)
                0x0008eb20                memcmp
 .text          0x0008eb94       0xa0 c:/altera/12.1sp1/nios2eds/bin/gnu/h-i686-mingw32/bin/../lib/gcc/nios2-elf/4.1.2/../../../../nios2-elf/lib/mno-hw-mul\libc.a(lib_a-memcpy.o)
                0x0008eb94                memcpy
 .text          0x0008ec34       0x98 c:/altera/12.1sp1/nios2eds/bin/gnu/h-i686-mingw32/bin/../lib/gcc/nios2-elf/4.1.2/../../../../nios2-elf/lib/mno-hw-mul\libc.a(lib_a-memset.o)
                0x0008ec34                memset
 .text          0x0008eccc       0x74 c:/altera/12.1sp1/nios2eds/bin/gnu/h-i686-mingw32/bin/../lib/gcc/nios2-elf/4.1.2/../../../../nios2-elf/lib/mno-hw-mul\libc.a(lib_a-strlen.o)
                0x0008eccc                strlen
 .text          0x0008ed40      0x134 c:/altera/12.1sp1/nios2eds/bin/gnu/h-i686-mingw32/bin/../lib/gcc/nios2-elf/4.1.2/../../../../nios2-elf/lib/mno-hw-mul\libc.a(lib_a-__atexit.o)
                0x0008ed40                __register_exitproc
 .text          0x0008ee74      0x1b4 c:/altera/12.1sp1/nios2eds/bin/gnu/h-i686-mingw32/bin/../lib/gcc/nios2-elf/4.1.2/../../../../nios2-elf/lib/mno-hw-mul\libc.a(lib_a-__call_atexit.o)
                0x0008ee78                __call_exitprocs
 .text          0x0008f028       0x6c ../SynthesizerSoftware_bsp/\libucosii_bsp.a(alt_exit.o)
                0x0008f068                _exit
 *(.gnu.warning.*)
 *(.fini)
                0x0008f094                PROVIDE (__etext, ABSOLUTE (.))
                0x0008f094                PROVIDE (_etext, ABSOLUTE (.))
                0x0008f094                PROVIDE (etext, ABSOLUTE (.))
 *(.eh_frame_hdr)
                0x0008f094                . = ALIGN (0x4)
                0x0008f094                PROVIDE (__preinit_array_start, ABSOLUTE (.))
 *(.preinit_array)
                0x0008f094                PROVIDE (__preinit_array_end, ABSOLUTE (.))
                0x0008f094                PROVIDE (__init_array_start, ABSOLUTE (.))
 *(.init_array)
                0x0008f094                PROVIDE (__init_array_end, ABSOLUTE (.))
                0x0008f094                PROVIDE (__fini_array_start, ABSOLUTE (.))
 *(.fini_array)
                0x0008f094                PROVIDE (__fini_array_end, ABSOLUTE (.))
 *(.eh_frame)
 *(.gcc_except_table)
 *(.dynamic)
                0x0008f094                PROVIDE (__CTOR_LIST__, ABSOLUTE (.))
 *(.ctors)
 *(SORT(.ctors.*))
 .ctors.65535   0x0008f094        0x4 c:/altera/12.1sp1/nios2eds/bin/gnu/h-i686-mingw32/bin/../lib/gcc/nios2-elf/4.1.2/../../../../nios2-elf/lib/mno-hw-mul\libc.a(lib_a-__call_atexit.o)
                0x0008f098                PROVIDE (__CTOR_END__, ABSOLUTE (.))
                0x0008f098                PROVIDE (__DTOR_LIST__, ABSOLUTE (.))
 *(.dtors)
 *(SORT(.dtors.*))
                0x0008f098                PROVIDE (__DTOR_END__, ABSOLUTE (.))
 *(.jcr)
                0x0008f098                . = ALIGN (0x4)

.rodata         0x0008f098      0x2d8
                0x0008f098                PROVIDE (__ram_rodata_start, ABSOLUTE (.))
                0x0008f098                . = ALIGN (0x4)
 *(.rodata .rodata.* .gnu.linkonce.r.*)
 .rodata.str1.4
                0x0008f098        0x4 c:/altera/12.1sp1/nios2eds/bin/gnu/h-i686-mingw32/bin/../lib/gcc/nios2-elf/4.1.2/../../../../nios2-elf/lib/mno-hw-mul\libm.a(lib_a-w_pow.o)
 .rodata.str1.4
                0x0008f09c        0x1 c:/altera/12.1sp1/nios2eds/bin/gnu/h-i686-mingw32/bin/../lib/gcc/nios2-elf/4.1.2/../../../../nios2-elf/lib/mno-hw-mul\libm.a(lib_a-e_pow.o)
                                  0x4 (size before relaxing)
 *fill*         0x0008f09d        0x3 00
 .rodata        0x0008f0a0       0x30 c:/altera/12.1sp1/nios2eds/bin/gnu/h-i686-mingw32/bin/../lib/gcc/nios2-elf/4.1.2/../../../../nios2-elf/lib/mno-hw-mul\libm.a(lib_a-e_pow.o)
 .rodata        0x0008f0d0       0x10 c:/altera/12.1sp1/nios2eds/bin/gnu/h-i686-mingw32/bin/../lib/gcc/nios2-elf/4.1.2/../../../../nios2-elf/lib/mno-hw-mul\libm.a(lib_a-s_rint.o)
 .rodata        0x0008f0e0       0x14 c:/altera/12.1sp1/nios2eds/bin/gnu/h-i686-mingw32/bin/../lib/gcc/nios2-elf/4.1.2/mno-hw-mul\libgcc.a(_thenan_df.o)
                0x0008f0e0                __thenan_df
 .rodata        0x0008f0f4      0x100 c:/altera/12.1sp1/nios2eds/bin/gnu/h-i686-mingw32/bin/../lib/gcc/nios2-elf/4.1.2/mno-hw-mul\libgcc.a(_clz.o)
                0x0008f0f4                __clz_tab
 .rodata.str1.4
                0x0008f1f4        0x4 c:/altera/12.1sp1/nios2eds/bin/gnu/h-i686-mingw32/bin/../lib/gcc/nios2-elf/4.1.2/../../../../nios2-elf/lib/mno-hw-mul\libc.a(lib_a-impure.o)
 .rodata        0x0008f1f8       0x14 ../SynthesizerSoftware_bsp/\libucosii_bsp.a(alt_main.o)
 .rodata        0x0008f20c      0x120 ../SynthesizerSoftware_bsp/\libucosii_bsp.a(os_core.o)
                0x0008f20c                OSUnMapTbl
 .rodata        0x0008f32c       0x34 ../SynthesizerSoftware_bsp/\libucosii_bsp.a(alt_sys_init.o)
 .rodata        0x0008f360        0xc ../SynthesizerSoftware_bsp/\libucosii_bsp.a(alt_dev.o)
 .rodata        0x0008f36c        0x4 ../SynthesizerSoftware_bsp/\libucosii_bsp.a(os_cpu_c.o)
 *(.rodata1)
                0x0008f370                . = ALIGN (0x4)
                0x0008f370                PROVIDE (__ram_rodata_end, ABSOLUTE (.))
                0x0008f098                PROVIDE (__flash_rodata_start, LOADADDR (.rodata))

.rwdata         0x0008f370     0x16f0 load address 0x00090a60
                0x0008f370                PROVIDE (__ram_rwdata_start, ABSOLUTE (.))
                0x0008f370                . = ALIGN (0x4)
 *(.got.plt)
 *(.got)
 *(.data1)
 *(.data .data.* .gnu.linkonce.d.*)
 .data          0x0008f370        0x0 ../SynthesizerSoftware_bsp//obj/HAL/src/crt0.o
 .data          0x0008f370        0x0 obj/default/MIDISynthesizer.o
 .data          0x0008f370        0x0 obj/default/testing.o
 .data          0x0008f370        0x0 c:/altera/12.1sp1/nios2eds/bin/gnu/h-i686-mingw32/bin/../lib/gcc/nios2-elf/4.1.2/../../../../nios2-elf/lib/mno-hw-mul\libm.a(lib_a-w_pow.o)
 .data          0x0008f370        0x0 c:/altera/12.1sp1/nios2eds/bin/gnu/h-i686-mingw32/bin/../lib/gcc/nios2-elf/4.1.2/../../../../nios2-elf/lib/mno-hw-mul\libm.a(lib_a-e_pow.o)
 .data          0x0008f370        0x0 c:/altera/12.1sp1/nios2eds/bin/gnu/h-i686-mingw32/bin/../lib/gcc/nios2-elf/4.1.2/../../../../nios2-elf/lib/mno-hw-mul\libm.a(lib_a-e_sqrt.o)
 .data          0x0008f370        0x0 c:/altera/12.1sp1/nios2eds/bin/gnu/h-i686-mingw32/bin/../lib/gcc/nios2-elf/4.1.2/../../../../nios2-elf/lib/mno-hw-mul\libm.a(lib_a-s_fabs.o)
 .data          0x0008f370        0x0 c:/altera/12.1sp1/nios2eds/bin/gnu/h-i686-mingw32/bin/../lib/gcc/nios2-elf/4.1.2/../../../../nios2-elf/lib/mno-hw-mul\libm.a(lib_a-s_finite.o)
 .data          0x0008f370        0x0 c:/altera/12.1sp1/nios2eds/bin/gnu/h-i686-mingw32/bin/../lib/gcc/nios2-elf/4.1.2/../../../../nios2-elf/lib/mno-hw-mul\libm.a(lib_a-s_isnand.o)
 .data          0x0008f370        0x0 c:/altera/12.1sp1/nios2eds/bin/gnu/h-i686-mingw32/bin/../lib/gcc/nios2-elf/4.1.2/../../../../nios2-elf/lib/mno-hw-mul\libm.a(lib_a-s_lib_ver.o)
 .data          0x0008f370        0x0 c:/altera/12.1sp1/nios2eds/bin/gnu/h-i686-mingw32/bin/../lib/gcc/nios2-elf/4.1.2/../../../../nios2-elf/lib/mno-hw-mul\libm.a(lib_a-s_matherr.o)
 .data          0x0008f370        0x0 c:/altera/12.1sp1/nios2eds/bin/gnu/h-i686-mingw32/bin/../lib/gcc/nios2-elf/4.1.2/../../../../nios2-elf/lib/mno-hw-mul\libm.a(lib_a-s_nan.o)
 .data          0x0008f370        0x0 c:/altera/12.1sp1/nios2eds/bin/gnu/h-i686-mingw32/bin/../lib/gcc/nios2-elf/4.1.2/../../../../nios2-elf/lib/mno-hw-mul\libm.a(lib_a-s_rint.o)
 .data          0x0008f370        0x0 c:/altera/12.1sp1/nios2eds/bin/gnu/h-i686-mingw32/bin/../lib/gcc/nios2-elf/4.1.2/../../../../nios2-elf/lib/mno-hw-mul\libm.a(lib_a-s_scalbn.o)
 .data          0x0008f370        0x0 c:/altera/12.1sp1/nios2eds/bin/gnu/h-i686-mingw32/bin/../lib/gcc/nios2-elf/4.1.2/../../../../nios2-elf/lib/mno-hw-mul\libm.a(lib_a-s_copysign.o)
 .data          0x0008f370        0x0 c:/altera/12.1sp1/nios2eds/bin/gnu/h-i686-mingw32/bin/../lib/gcc/nios2-elf/4.1.2/mno-hw-mul\libgcc.a(_addsub_df.o)
 .data          0x0008f370        0x0 c:/altera/12.1sp1/nios2eds/bin/gnu/h-i686-mingw32/bin/../lib/gcc/nios2-elf/4.1.2/mno-hw-mul\libgcc.a(_mul_df.o)
 .data          0x0008f370        0x0 c:/altera/12.1sp1/nios2eds/bin/gnu/h-i686-mingw32/bin/../lib/gcc/nios2-elf/4.1.2/mno-hw-mul\libgcc.a(_div_df.o)
 .data          0x0008f370        0x0 c:/altera/12.1sp1/nios2eds/bin/gnu/h-i686-mingw32/bin/../lib/gcc/nios2-elf/4.1.2/mno-hw-mul\libgcc.a(_eq_df.o)
 .data          0x0008f370        0x0 c:/altera/12.1sp1/nios2eds/bin/gnu/h-i686-mingw32/bin/../lib/gcc/nios2-elf/4.1.2/mno-hw-mul\libgcc.a(_ne_df.o)
 .data          0x0008f370        0x0 c:/altera/12.1sp1/nios2eds/bin/gnu/h-i686-mingw32/bin/../lib/gcc/nios2-elf/4.1.2/mno-hw-mul\libgcc.a(_gt_df.o)
 .data          0x0008f370        0x0 c:/altera/12.1sp1/nios2eds/bin/gnu/h-i686-mingw32/bin/../lib/gcc/nios2-elf/4.1.2/mno-hw-mul\libgcc.a(_lt_df.o)
 .data          0x0008f370        0x0 c:/altera/12.1sp1/nios2eds/bin/gnu/h-i686-mingw32/bin/../lib/gcc/nios2-elf/4.1.2/mno-hw-mul\libgcc.a(_le_df.o)
 .data          0x0008f370        0x0 c:/altera/12.1sp1/nios2eds/bin/gnu/h-i686-mingw32/bin/../lib/gcc/nios2-elf/4.1.2/mno-hw-mul\libgcc.a(_si_to_df.o)
 .data          0x0008f370        0x0 c:/altera/12.1sp1/nios2eds/bin/gnu/h-i686-mingw32/bin/../lib/gcc/nios2-elf/4.1.2/mno-hw-mul\libgcc.a(_df_to_si.o)
 .data          0x0008f370        0x0 c:/altera/12.1sp1/nios2eds/bin/gnu/h-i686-mingw32/bin/../lib/gcc/nios2-elf/4.1.2/mno-hw-mul\libgcc.a(_thenan_df.o)
 .data          0x0008f370        0x0 c:/altera/12.1sp1/nios2eds/bin/gnu/h-i686-mingw32/bin/../lib/gcc/nios2-elf/4.1.2/mno-hw-mul\libgcc.a(lib2-divmod.o)
 .data          0x0008f370        0x0 c:/altera/12.1sp1/nios2eds/bin/gnu/h-i686-mingw32/bin/../lib/gcc/nios2-elf/4.1.2/mno-hw-mul\libgcc.a(lib2-mul.o)
 .data          0x0008f370        0x0 c:/altera/12.1sp1/nios2eds/bin/gnu/h-i686-mingw32/bin/../lib/gcc/nios2-elf/4.1.2/mno-hw-mul\libgcc.a(_muldi3.o)
 .data          0x0008f370        0x0 c:/altera/12.1sp1/nios2eds/bin/gnu/h-i686-mingw32/bin/../lib/gcc/nios2-elf/4.1.2/mno-hw-mul\libgcc.a(_clzsi2.o)
 .data          0x0008f370        0x0 c:/altera/12.1sp1/nios2eds/bin/gnu/h-i686-mingw32/bin/../lib/gcc/nios2-elf/4.1.2/mno-hw-mul\libgcc.a(_pack_df.o)
 .data          0x0008f370        0x0 c:/altera/12.1sp1/nios2eds/bin/gnu/h-i686-mingw32/bin/../lib/gcc/nios2-elf/4.1.2/mno-hw-mul\libgcc.a(_unpack_df.o)
 .data          0x0008f370        0x0 c:/altera/12.1sp1/nios2eds/bin/gnu/h-i686-mingw32/bin/../lib/gcc/nios2-elf/4.1.2/mno-hw-mul\libgcc.a(_fpcmp_parts_df.o)
 .data          0x0008f370        0x0 c:/altera/12.1sp1/nios2eds/bin/gnu/h-i686-mingw32/bin/../lib/gcc/nios2-elf/4.1.2/mno-hw-mul\libgcc.a(_clz.o)
 .data          0x0008f370        0x0 c:/altera/12.1sp1/nios2eds/bin/gnu/h-i686-mingw32/bin/../lib/gcc/nios2-elf/4.1.2/../../../../nios2-elf/lib/mno-hw-mul\libc.a(lib_a-errno.o)
 .data          0x0008f370      0x400 c:/altera/12.1sp1/nios2eds/bin/gnu/h-i686-mingw32/bin/../lib/gcc/nios2-elf/4.1.2/../../../../nios2-elf/lib/mno-hw-mul\libc.a(lib_a-impure.o)
 .data          0x0008f770        0x0 ../SynthesizerSoftware_bsp/\libucosii_bsp.a(alt_load.o)
 .data          0x0008f770        0x0 ../SynthesizerSoftware_bsp/\libucosii_bsp.a(alt_main.o)
 .data          0x0008f770        0x0 ../SynthesizerSoftware_bsp/\libucosii_bsp.a(alt_env_lock.o)
 .data          0x0008f770        0x0 ../SynthesizerSoftware_bsp/\libucosii_bsp.a(alt_malloc_lock.o)
 .data          0x0008f770        0x0 ../SynthesizerSoftware_bsp/\libucosii_bsp.a(os_core.o)
 .data          0x0008f770        0x0 ../SynthesizerSoftware_bsp/\libucosii_bsp.a(os_dbg.o)
 .data          0x0008f770        0x0 ../SynthesizerSoftware_bsp/\libucosii_bsp.a(os_flag.o)
 .data          0x0008f770        0x0 ../SynthesizerSoftware_bsp/\libucosii_bsp.a(os_mem.o)
 .data          0x0008f770        0x0 ../SynthesizerSoftware_bsp/\libucosii_bsp.a(os_q.o)
 .data          0x0008f770        0x0 ../SynthesizerSoftware_bsp/\libucosii_bsp.a(os_sem.o)
 .data          0x0008f770        0x0 ../SynthesizerSoftware_bsp/\libucosii_bsp.a(os_task.o)
 .data          0x0008f770        0x0 ../SynthesizerSoftware_bsp/\libucosii_bsp.a(os_time.o)
 .data          0x0008f770     0x109c ../SynthesizerSoftware_bsp/\libucosii_bsp.a(alt_sys_init.o)
 .data          0x0009080c        0x0 ../SynthesizerSoftware_bsp/\libucosii_bsp.a(altera_avalon_jtag_uart_fd.o)
 .data          0x0009080c        0x0 ../SynthesizerSoftware_bsp/\libucosii_bsp.a(altera_avalon_jtag_uart_init.o)
 .data          0x0009080c        0x0 ../SynthesizerSoftware_bsp/\libucosii_bsp.a(altera_avalon_jtag_uart_ioctl.o)
 .data          0x0009080c        0x0 ../SynthesizerSoftware_bsp/\libucosii_bsp.a(altera_avalon_jtag_uart_read.o)
 .data          0x0009080c        0x0 ../SynthesizerSoftware_bsp/\libucosii_bsp.a(altera_avalon_jtag_uart_write.o)
 .data          0x0009080c        0x0 ../SynthesizerSoftware_bsp/\libucosii_bsp.a(altera_avalon_timer_sc.o)
 .data          0x0009080c        0x0 ../SynthesizerSoftware_bsp/\libucosii_bsp.a(alt_alarm_start.o)
 .data          0x0009080c        0x0 ../SynthesizerSoftware_bsp/\libucosii_bsp.a(alt_close.o)
 .data          0x0009080c        0x0 ../SynthesizerSoftware_bsp/\libucosii_bsp.a(alt_dcache_flush_all.o)
 .data          0x0009080c      0x1a8 ../SynthesizerSoftware_bsp/\libucosii_bsp.a(alt_dev.o)
                0x0009080c                alt_dev_null
                0x00090834                alt_fd_list
 .data          0x000909b4        0x0 ../SynthesizerSoftware_bsp/\libucosii_bsp.a(alt_dev_llist_insert.o)
 .data          0x000909b4        0x0 ../SynthesizerSoftware_bsp/\libucosii_bsp.a(alt_do_ctors.o)
 .data          0x000909b4        0x0 ../SynthesizerSoftware_bsp/\libucosii_bsp.a(alt_do_dtors.o)
 .data          0x000909b4        0x0 ../SynthesizerSoftware_bsp/\libucosii_bsp.a(alt_errno.o)
 .data          0x000909b4        0x0 ../SynthesizerSoftware_bsp/\libucosii_bsp.a(alt_icache_flush_all.o)
 .data          0x000909b4        0x0 ../SynthesizerSoftware_bsp/\libucosii_bsp.a(alt_iic.o)
 .data          0x000909b4        0x0 ../SynthesizerSoftware_bsp/\libucosii_bsp.a(alt_iic_isr_register.o)
 .data          0x000909b4        0x0 ../SynthesizerSoftware_bsp/\libucosii_bsp.a(alt_io_redirect.o)
 .data          0x000909b4        0x0 ../SynthesizerSoftware_bsp/\libucosii_bsp.a(alt_irq_entry.o)
 .data          0x000909b4        0x0 ../SynthesizerSoftware_bsp/\libucosii_bsp.a(alt_irq_handler.o)
 .data          0x000909b4        0x0 ../SynthesizerSoftware_bsp/\libucosii_bsp.a(alt_irq_vars.o)
 .data          0x000909b4        0x0 ../SynthesizerSoftware_bsp/\libucosii_bsp.a(alt_open.o)
 .data          0x000909b4        0x0 ../SynthesizerSoftware_bsp/\libucosii_bsp.a(alt_release_fd.o)
 .data          0x000909b4        0x0 ../SynthesizerSoftware_bsp/\libucosii_bsp.a(alt_tick.o)
 .data          0x000909b4        0x0 ../SynthesizerSoftware_bsp/\libucosii_bsp.a(altera_nios2_qsys_irq.o)
 .data          0x000909b4        0x0 ../SynthesizerSoftware_bsp/\libucosii_bsp.a(os_cpu_a.o)
 .data          0x000909b4        0x0 ../SynthesizerSoftware_bsp/\libucosii_bsp.a(os_cpu_c.o)
 .data          0x000909b4        0x0 ../SynthesizerSoftware_bsp/\libucosii_bsp.a(alt_exception_entry.o)
 .data          0x000909b4        0x0 ../SynthesizerSoftware_bsp/\libucosii_bsp.a(alt_find_dev.o)
 .data          0x000909b4        0x0 ../SynthesizerSoftware_bsp/\libucosii_bsp.a(alt_find_file.o)
 .data          0x000909b4        0x0 ../SynthesizerSoftware_bsp/\libucosii_bsp.a(alt_get_fd.o)
 .data          0x000909b4        0x0 c:/altera/12.1sp1/nios2eds/bin/gnu/h-i686-mingw32/bin/../lib/gcc/nios2-elf/4.1.2/../../../../nios2-elf/lib/mno-hw-mul\libc.a(lib_a-atexit.o)
 .data          0x000909b4        0x0 c:/altera/12.1sp1/nios2eds/bin/gnu/h-i686-mingw32/bin/../lib/gcc/nios2-elf/4.1.2/../../../../nios2-elf/lib/mno-hw-mul\libc.a(lib_a-exit.o)
 .data          0x000909b4        0x0 c:/altera/12.1sp1/nios2eds/bin/gnu/h-i686-mingw32/bin/../lib/gcc/nios2-elf/4.1.2/../../../../nios2-elf/lib/mno-hw-mul\libc.a(lib_a-int_errno.o)
 .data          0x000909b4        0x0 c:/altera/12.1sp1/nios2eds/bin/gnu/h-i686-mingw32/bin/../lib/gcc/nios2-elf/4.1.2/../../../../nios2-elf/lib/mno-hw-mul\libc.a(lib_a-memcmp.o)
 .data          0x000909b4        0x0 c:/altera/12.1sp1/nios2eds/bin/gnu/h-i686-mingw32/bin/../lib/gcc/nios2-elf/4.1.2/../../../../nios2-elf/lib/mno-hw-mul\libc.a(lib_a-memcpy.o)
 .data          0x000909b4        0x0 c:/altera/12.1sp1/nios2eds/bin/gnu/h-i686-mingw32/bin/../lib/gcc/nios2-elf/4.1.2/../../../../nios2-elf/lib/mno-hw-mul\libc.a(lib_a-memset.o)
 .data          0x000909b4        0x0 c:/altera/12.1sp1/nios2eds/bin/gnu/h-i686-mingw32/bin/../lib/gcc/nios2-elf/4.1.2/../../../../nios2-elf/lib/mno-hw-mul\libc.a(lib_a-strlen.o)
 .data          0x000909b4        0x0 c:/altera/12.1sp1/nios2eds/bin/gnu/h-i686-mingw32/bin/../lib/gcc/nios2-elf/4.1.2/../../../../nios2-elf/lib/mno-hw-mul\libc.a(lib_a-__atexit.o)
 .data          0x000909b4        0x0 c:/altera/12.1sp1/nios2eds/bin/gnu/h-i686-mingw32/bin/../lib/gcc/nios2-elf/4.1.2/../../../../nios2-elf/lib/mno-hw-mul\libc.a(lib_a-__call_atexit.o)
 .data          0x000909b4        0x0 ../SynthesizerSoftware_bsp/\libucosii_bsp.a(alt_exit.o)
                0x000989b4                _gp = ABSOLUTE ((. + 0x8000))
                0x000989b4                PROVIDE (gp, _gp)
 *(.rwdata .rwdata.*)
 *(.sdata .sdata.* .gnu.linkonce.s.*)
 .sdata         0x000909b4        0x4 c:/altera/12.1sp1/nios2eds/bin/gnu/h-i686-mingw32/bin/../lib/gcc/nios2-elf/4.1.2/../../../../nios2-elf/lib/mno-hw-mul\libm.a(lib_a-s_lib_ver.o)
                0x000909b4                __fdlib_version
 .sdata         0x000909b8        0x8 c:/altera/12.1sp1/nios2eds/bin/gnu/h-i686-mingw32/bin/../lib/gcc/nios2-elf/4.1.2/../../../../nios2-elf/lib/mno-hw-mul\libc.a(lib_a-impure.o)
                0x000909b8                _impure_ptr
                0x000909bc                _global_impure_ptr
 .sdata         0x000909c0        0x4 ../SynthesizerSoftware_bsp/\libucosii_bsp.a(alt_env_lock.o)
 .sdata         0x000909c4        0x4 ../SynthesizerSoftware_bsp/\libucosii_bsp.a(alt_malloc_lock.o)
 .sdata         0x000909c8       0x74 ../SynthesizerSoftware_bsp/\libucosii_bsp.a(os_dbg.o)
                0x000909c8                OSDebugEn
                0x000909cc                OSEndiannessTest
                0x000909d0                OSEventEn
                0x000909d2                OSEventMax
                0x000909d4                OSEventNameSize
                0x000909d6                OSEventSize
                0x000909d8                OSEventTblSize
                0x000909da                OSEventMultiEn
                0x000909dc                OSFlagEn
                0x000909de                OSFlagGrpSize
                0x000909e0                OSFlagNodeSize
                0x000909e2                OSFlagWidth
                0x000909e4                OSFlagMax
                0x000909e6                OSFlagNameSize
                0x000909e8                OSLowestPrio
                0x000909ea                OSMboxEn
                0x000909ec                OSMemEn
                0x000909ee                OSMemMax
                0x000909f0                OSMemNameSize
                0x000909f2                OSMemSize
                0x000909f4                OSMemTblSize
                0x000909f6                OSMutexEn
                0x000909f8                OSPtrSize
                0x000909fa                OSQEn
                0x000909fc                OSQMax
                0x000909fe                OSQSize
                0x00090a00                OSRdyTblSize
                0x00090a02                OSSemEn
                0x00090a04                OSStkWidth
                0x00090a06                OSTaskCreateEn
                0x00090a08                OSTaskCreateExtEn
                0x00090a0a                OSTaskDelEn
                0x00090a0c                OSTaskIdleStkSize
                0x00090a0e                OSTaskProfileEn
                0x00090a10                OSTaskMax
                0x00090a12                OSTaskNameSize
                0x00090a14                OSTaskStatEn
                0x00090a16                OSTaskStatStkSize
                0x00090a18                OSTaskStatStkChkEn
                0x00090a1a                OSTaskSwHookEn
                0x00090a1c                OSTCBPrioTblMax
                0x00090a1e                OSTCBSize
                0x00090a20                OSTicksPerSec
                0x00090a22                OSTimeTickHookEn
                0x00090a24                OSVersionNbr
                0x00090a26                OSTmrEn
                0x00090a28                OSTmrCfgMax
                0x00090a2a                OSTmrCfgNameSize
                0x00090a2c                OSTmrCfgWheelSize
                0x00090a2e                OSTmrCfgTicksPerSec
                0x00090a30                OSTmrSize
                0x00090a32                OSTmrTblSize
                0x00090a34                OSTmrWheelSize
                0x00090a36                OSTmrWheelTblSize
                0x00090a38                OSDataSize
 .sdata         0x00090a3c       0x14 ../SynthesizerSoftware_bsp/\libucosii_bsp.a(alt_dev.o)
                0x00090a3c                alt_fs_list
                0x00090a44                alt_dev_list
                0x00090a4c                alt_max_fd
 .sdata         0x00090a50        0x4 ../SynthesizerSoftware_bsp/\libucosii_bsp.a(alt_errno.o)
                0x00090a50                alt_errno
 .sdata         0x00090a54        0x4 ../SynthesizerSoftware_bsp/\libucosii_bsp.a(alt_irq_vars.o)
                0x00090a54                alt_priority_mask
 .sdata         0x00090a58        0x8 ../SynthesizerSoftware_bsp/\libucosii_bsp.a(alt_tick.o)
                0x00090a58                alt_alarm_list
 *(.sdata2 .sdata2.* .gnu.linkonce.s2.*)
                0x00090a60                . = ALIGN (0x4)
                0x00090a60                _edata = ABSOLUTE (.)
                0x00090a60                PROVIDE (edata, ABSOLUTE (.))
                0x00090a60                PROVIDE (__ram_rwdata_end, ABSOLUTE (.))
                0x00090a60                PROVIDE (__flash_rwdata_start, LOADADDR (.rwdata))

.bss            0x00092150     0x7594
                0x00092150                __bss_start = ABSOLUTE (.)
                0x00092150                PROVIDE (__sbss_start, ABSOLUTE (.))
                0x00092150                PROVIDE (___sbss_start, ABSOLUTE (.))
 *(.dynsbss)
 *(.sbss .sbss.* .gnu.linkonce.sb.*)
 .sbss          0x00092150        0xc ../SynthesizerSoftware_bsp/\libucosii_bsp.a(alt_main.o)
                0x00092150                alt_argc
                0x00092154                alt_argv
                0x00092158                alt_envp
 .sbss          0x0009215c        0x4 ../SynthesizerSoftware_bsp/\libucosii_bsp.a(alt_env_lock.o)
 .sbss          0x00092160        0x4 ../SynthesizerSoftware_bsp/\libucosii_bsp.a(alt_env_lock.o)
                0x00092160                alt_envsem
 .sbss          0x00092164        0x8 ../SynthesizerSoftware_bsp/\libucosii_bsp.a(alt_malloc_lock.o)
                0x00092168                alt_heapsem
 .sbss          0x0009216c       0x50 ../SynthesizerSoftware_bsp/\libucosii_bsp.a(os_core.o)
                0x0009216c                OSLockNesting
                0x0009216d                OSRunning
                0x00092170                OSIdleCtr
                0x00092174                OSPrioHighRdy
                0x00092175                OSPrioCur
                0x00092178                OSTCBList
                0x0009217c                OSTickStepState
                0x00092180                OSCtxSwCtr
                0x00092184                OSIdleCtrMax
                0x00092188                OSTCBFreeList
                0x0009218c                OSCPUUsage
                0x0009218d                OSTaskCtr
                0x00092190                OSMemFreeList
                0x00092194                OSTCBHighRdy
                0x00092198                OSQFreeList
                0x0009219c                OSRdyGrp
                0x0009219d                OSRdyTbl
                0x000921a0                OSEventFreeList
                0x000921a4                OSIntNesting
                0x000921a8                OSTCBCur
                0x000921ac                OSTime
                0x000921b0                OSFlagFreeList
                0x000921b4                OSStatRdy
                0x000921b8                OSIdleCtrRun
 .sbss          0x000921bc        0x4 ../SynthesizerSoftware_bsp/\libucosii_bsp.a(alt_dev.o)
                0x000921bc                alt_fd_list_lock
 .sbss          0x000921c0        0x4 ../SynthesizerSoftware_bsp/\libucosii_bsp.a(alt_irq_vars.o)
                0x000921c0                alt_irq_active
 .sbss          0x000921c4        0x8 ../SynthesizerSoftware_bsp/\libucosii_bsp.a(alt_tick.o)
                0x000921c4                _alt_tick_rate
                0x000921c8                _alt_nticks
 .sbss          0x000921cc        0x4 c:/altera/12.1sp1/nios2eds/bin/gnu/h-i686-mingw32/bin/../lib/gcc/nios2-elf/4.1.2/../../../../nios2-elf/lib/mno-hw-mul\libc.a(lib_a-int_errno.o)
                0x000921cc                errno
 *(.sbss2 .sbss2.* .gnu.linkonce.sb2.*)
 *(.scommon)
                0x000921d0                PROVIDE (__sbss_end, ABSOLUTE (.))
                0x000921d0                PROVIDE (___sbss_end, ABSOLUTE (.))
 *(.dynbss)
 *(.bss .bss.* .gnu.linkonce.b.*)
 .bss           0x000921d0        0x0 ../SynthesizerSoftware_bsp//obj/HAL/src/crt0.o
 .bss           0x000921d0       0x60 obj/default/MIDISynthesizer.o
 .bss           0x00092230        0x0 obj/default/testing.o
 .bss           0x00092230        0x0 c:/altera/12.1sp1/nios2eds/bin/gnu/h-i686-mingw32/bin/../lib/gcc/nios2-elf/4.1.2/../../../../nios2-elf/lib/mno-hw-mul\libm.a(lib_a-w_pow.o)
 .bss           0x00092230        0x0 c:/altera/12.1sp1/nios2eds/bin/gnu/h-i686-mingw32/bin/../lib/gcc/nios2-elf/4.1.2/../../../../nios2-elf/lib/mno-hw-mul\libm.a(lib_a-e_pow.o)
 .bss           0x00092230        0x0 c:/altera/12.1sp1/nios2eds/bin/gnu/h-i686-mingw32/bin/../lib/gcc/nios2-elf/4.1.2/../../../../nios2-elf/lib/mno-hw-mul\libm.a(lib_a-e_sqrt.o)
 .bss           0x00092230        0x0 c:/altera/12.1sp1/nios2eds/bin/gnu/h-i686-mingw32/bin/../lib/gcc/nios2-elf/4.1.2/../../../../nios2-elf/lib/mno-hw-mul\libm.a(lib_a-s_fabs.o)
 .bss           0x00092230        0x0 c:/altera/12.1sp1/nios2eds/bin/gnu/h-i686-mingw32/bin/../lib/gcc/nios2-elf/4.1.2/../../../../nios2-elf/lib/mno-hw-mul\libm.a(lib_a-s_finite.o)
 .bss           0x00092230        0x0 c:/altera/12.1sp1/nios2eds/bin/gnu/h-i686-mingw32/bin/../lib/gcc/nios2-elf/4.1.2/../../../../nios2-elf/lib/mno-hw-mul\libm.a(lib_a-s_isnand.o)
 .bss           0x00092230        0x0 c:/altera/12.1sp1/nios2eds/bin/gnu/h-i686-mingw32/bin/../lib/gcc/nios2-elf/4.1.2/../../../../nios2-elf/lib/mno-hw-mul\libm.a(lib_a-s_lib_ver.o)
 .bss           0x00092230        0x0 c:/altera/12.1sp1/nios2eds/bin/gnu/h-i686-mingw32/bin/../lib/gcc/nios2-elf/4.1.2/../../../../nios2-elf/lib/mno-hw-mul\libm.a(lib_a-s_matherr.o)
 .bss           0x00092230        0x0 c:/altera/12.1sp1/nios2eds/bin/gnu/h-i686-mingw32/bin/../lib/gcc/nios2-elf/4.1.2/../../../../nios2-elf/lib/mno-hw-mul\libm.a(lib_a-s_nan.o)
 .bss           0x00092230        0x0 c:/altera/12.1sp1/nios2eds/bin/gnu/h-i686-mingw32/bin/../lib/gcc/nios2-elf/4.1.2/../../../../nios2-elf/lib/mno-hw-mul\libm.a(lib_a-s_rint.o)
 .bss           0x00092230        0x0 c:/altera/12.1sp1/nios2eds/bin/gnu/h-i686-mingw32/bin/../lib/gcc/nios2-elf/4.1.2/../../../../nios2-elf/lib/mno-hw-mul\libm.a(lib_a-s_scalbn.o)
 .bss           0x00092230        0x0 c:/altera/12.1sp1/nios2eds/bin/gnu/h-i686-mingw32/bin/../lib/gcc/nios2-elf/4.1.2/../../../../nios2-elf/lib/mno-hw-mul\libm.a(lib_a-s_copysign.o)
 .bss           0x00092230        0x0 c:/altera/12.1sp1/nios2eds/bin/gnu/h-i686-mingw32/bin/../lib/gcc/nios2-elf/4.1.2/mno-hw-mul\libgcc.a(_addsub_df.o)
 .bss           0x00092230        0x0 c:/altera/12.1sp1/nios2eds/bin/gnu/h-i686-mingw32/bin/../lib/gcc/nios2-elf/4.1.2/mno-hw-mul\libgcc.a(_mul_df.o)
 .bss           0x00092230        0x0 c:/altera/12.1sp1/nios2eds/bin/gnu/h-i686-mingw32/bin/../lib/gcc/nios2-elf/4.1.2/mno-hw-mul\libgcc.a(_div_df.o)
 .bss           0x00092230        0x0 c:/altera/12.1sp1/nios2eds/bin/gnu/h-i686-mingw32/bin/../lib/gcc/nios2-elf/4.1.2/mno-hw-mul\libgcc.a(_eq_df.o)
 .bss           0x00092230        0x0 c:/altera/12.1sp1/nios2eds/bin/gnu/h-i686-mingw32/bin/../lib/gcc/nios2-elf/4.1.2/mno-hw-mul\libgcc.a(_ne_df.o)
 .bss           0x00092230        0x0 c:/altera/12.1sp1/nios2eds/bin/gnu/h-i686-mingw32/bin/../lib/gcc/nios2-elf/4.1.2/mno-hw-mul\libgcc.a(_gt_df.o)
 .bss           0x00092230        0x0 c:/altera/12.1sp1/nios2eds/bin/gnu/h-i686-mingw32/bin/../lib/gcc/nios2-elf/4.1.2/mno-hw-mul\libgcc.a(_lt_df.o)
 .bss           0x00092230        0x0 c:/altera/12.1sp1/nios2eds/bin/gnu/h-i686-mingw32/bin/../lib/gcc/nios2-elf/4.1.2/mno-hw-mul\libgcc.a(_le_df.o)
 .bss           0x00092230        0x0 c:/altera/12.1sp1/nios2eds/bin/gnu/h-i686-mingw32/bin/../lib/gcc/nios2-elf/4.1.2/mno-hw-mul\libgcc.a(_si_to_df.o)
 .bss           0x00092230        0x0 c:/altera/12.1sp1/nios2eds/bin/gnu/h-i686-mingw32/bin/../lib/gcc/nios2-elf/4.1.2/mno-hw-mul\libgcc.a(_df_to_si.o)
 .bss           0x00092230        0x0 c:/altera/12.1sp1/nios2eds/bin/gnu/h-i686-mingw32/bin/../lib/gcc/nios2-elf/4.1.2/mno-hw-mul\libgcc.a(_thenan_df.o)
 .bss           0x00092230        0x0 c:/altera/12.1sp1/nios2eds/bin/gnu/h-i686-mingw32/bin/../lib/gcc/nios2-elf/4.1.2/mno-hw-mul\libgcc.a(lib2-divmod.o)
 .bss           0x00092230        0x0 c:/altera/12.1sp1/nios2eds/bin/gnu/h-i686-mingw32/bin/../lib/gcc/nios2-elf/4.1.2/mno-hw-mul\libgcc.a(lib2-mul.o)
 .bss           0x00092230        0x0 c:/altera/12.1sp1/nios2eds/bin/gnu/h-i686-mingw32/bin/../lib/gcc/nios2-elf/4.1.2/mno-hw-mul\libgcc.a(_muldi3.o)
 .bss           0x00092230        0x0 c:/altera/12.1sp1/nios2eds/bin/gnu/h-i686-mingw32/bin/../lib/gcc/nios2-elf/4.1.2/mno-hw-mul\libgcc.a(_clzsi2.o)
 .bss           0x00092230        0x0 c:/altera/12.1sp1/nios2eds/bin/gnu/h-i686-mingw32/bin/../lib/gcc/nios2-elf/4.1.2/mno-hw-mul\libgcc.a(_pack_df.o)
 .bss           0x00092230        0x0 c:/altera/12.1sp1/nios2eds/bin/gnu/h-i686-mingw32/bin/../lib/gcc/nios2-elf/4.1.2/mno-hw-mul\libgcc.a(_unpack_df.o)
 .bss           0x00092230        0x0 c:/altera/12.1sp1/nios2eds/bin/gnu/h-i686-mingw32/bin/../lib/gcc/nios2-elf/4.1.2/mno-hw-mul\libgcc.a(_fpcmp_parts_df.o)
 .bss           0x00092230        0x0 c:/altera/12.1sp1/nios2eds/bin/gnu/h-i686-mingw32/bin/../lib/gcc/nios2-elf/4.1.2/mno-hw-mul\libgcc.a(_clz.o)
 .bss           0x00092230        0x0 c:/altera/12.1sp1/nios2eds/bin/gnu/h-i686-mingw32/bin/../lib/gcc/nios2-elf/4.1.2/../../../../nios2-elf/lib/mno-hw-mul\libc.a(lib_a-errno.o)
 .bss           0x00092230        0x0 c:/altera/12.1sp1/nios2eds/bin/gnu/h-i686-mingw32/bin/../lib/gcc/nios2-elf/4.1.2/../../../../nios2-elf/lib/mno-hw-mul\libc.a(lib_a-impure.o)
 .bss           0x00092230        0x0 ../SynthesizerSoftware_bsp/\libucosii_bsp.a(alt_load.o)
 .bss           0x00092230        0x0 ../SynthesizerSoftware_bsp/\libucosii_bsp.a(alt_main.o)
 .bss           0x00092230        0x0 ../SynthesizerSoftware_bsp/\libucosii_bsp.a(alt_env_lock.o)
 .bss           0x00092230        0x0 ../SynthesizerSoftware_bsp/\libucosii_bsp.a(alt_malloc_lock.o)
 .bss           0x00092230        0x0 ../SynthesizerSoftware_bsp/\libucosii_bsp.a(os_core.o)
 .bss           0x00092230        0x0 ../SynthesizerSoftware_bsp/\libucosii_bsp.a(os_dbg.o)
 .bss           0x00092230        0x0 ../SynthesizerSoftware_bsp/\libucosii_bsp.a(os_flag.o)
 .bss           0x00092230        0x0 ../SynthesizerSoftware_bsp/\libucosii_bsp.a(os_mem.o)
 .bss           0x00092230        0x0 ../SynthesizerSoftware_bsp/\libucosii_bsp.a(os_q.o)
 .bss           0x00092230        0x0 ../SynthesizerSoftware_bsp/\libucosii_bsp.a(os_sem.o)
 .bss           0x00092230        0x0 ../SynthesizerSoftware_bsp/\libucosii_bsp.a(os_task.o)
 .bss           0x00092230        0x0 ../SynthesizerSoftware_bsp/\libucosii_bsp.a(os_time.o)
 .bss           0x00092230        0x0 ../SynthesizerSoftware_bsp/\libucosii_bsp.a(alt_sys_init.o)
 .bss           0x00092230        0x0 ../SynthesizerSoftware_bsp/\libucosii_bsp.a(altera_avalon_jtag_uart_fd.o)
 .bss           0x00092230        0x0 ../SynthesizerSoftware_bsp/\libucosii_bsp.a(altera_avalon_jtag_uart_init.o)
 .bss           0x00092230        0x0 ../SynthesizerSoftware_bsp/\libucosii_bsp.a(altera_avalon_jtag_uart_ioctl.o)
 .bss           0x00092230        0x0 ../SynthesizerSoftware_bsp/\libucosii_bsp.a(altera_avalon_jtag_uart_read.o)
 .bss           0x00092230        0x0 ../SynthesizerSoftware_bsp/\libucosii_bsp.a(altera_avalon_jtag_uart_write.o)
 .bss           0x00092230        0x0 ../SynthesizerSoftware_bsp/\libucosii_bsp.a(altera_avalon_timer_sc.o)
 .bss           0x00092230        0x0 ../SynthesizerSoftware_bsp/\libucosii_bsp.a(alt_alarm_start.o)
 .bss           0x00092230        0x0 ../SynthesizerSoftware_bsp/\libucosii_bsp.a(alt_close.o)
 .bss           0x00092230        0x0 ../SynthesizerSoftware_bsp/\libucosii_bsp.a(alt_dcache_flush_all.o)
 .bss           0x00092230        0x0 ../SynthesizerSoftware_bsp/\libucosii_bsp.a(alt_dev.o)
 .bss           0x00092230        0x0 ../SynthesizerSoftware_bsp/\libucosii_bsp.a(alt_dev_llist_insert.o)
 .bss           0x00092230        0x0 ../SynthesizerSoftware_bsp/\libucosii_bsp.a(alt_do_ctors.o)
 .bss           0x00092230        0x0 ../SynthesizerSoftware_bsp/\libucosii_bsp.a(alt_do_dtors.o)
 .bss           0x00092230        0x0 ../SynthesizerSoftware_bsp/\libucosii_bsp.a(alt_errno.o)
 .bss           0x00092230        0x0 ../SynthesizerSoftware_bsp/\libucosii_bsp.a(alt_icache_flush_all.o)
 .bss           0x00092230        0x0 ../SynthesizerSoftware_bsp/\libucosii_bsp.a(alt_iic.o)
 .bss           0x00092230        0x0 ../SynthesizerSoftware_bsp/\libucosii_bsp.a(alt_iic_isr_register.o)
 .bss           0x00092230        0x0 ../SynthesizerSoftware_bsp/\libucosii_bsp.a(alt_io_redirect.o)
 .bss           0x00092230        0x0 ../SynthesizerSoftware_bsp/\libucosii_bsp.a(alt_irq_entry.o)
 .bss           0x00092230        0x0 ../SynthesizerSoftware_bsp/\libucosii_bsp.a(alt_irq_handler.o)
 .bss           0x00092230        0x0 ../SynthesizerSoftware_bsp/\libucosii_bsp.a(alt_irq_vars.o)
 .bss           0x00092230        0x0 ../SynthesizerSoftware_bsp/\libucosii_bsp.a(alt_open.o)
 .bss           0x00092230        0x0 ../SynthesizerSoftware_bsp/\libucosii_bsp.a(alt_release_fd.o)
 .bss           0x00092230        0x0 ../SynthesizerSoftware_bsp/\libucosii_bsp.a(alt_tick.o)
 .bss           0x00092230        0x0 ../SynthesizerSoftware_bsp/\libucosii_bsp.a(altera_nios2_qsys_irq.o)
 .bss           0x00092230        0x0 ../SynthesizerSoftware_bsp/\libucosii_bsp.a(os_cpu_a.o)
 .bss           0x00092230        0x0 ../SynthesizerSoftware_bsp/\libucosii_bsp.a(os_cpu_c.o)
 .bss           0x00092230        0x0 ../SynthesizerSoftware_bsp/\libucosii_bsp.a(alt_exception_entry.o)
 .bss           0x00092230        0x0 ../SynthesizerSoftware_bsp/\libucosii_bsp.a(alt_find_dev.o)
 .bss           0x00092230        0x0 ../SynthesizerSoftware_bsp/\libucosii_bsp.a(alt_find_file.o)
 .bss           0x00092230        0x0 ../SynthesizerSoftware_bsp/\libucosii_bsp.a(alt_get_fd.o)
 .bss           0x00092230        0x0 c:/altera/12.1sp1/nios2eds/bin/gnu/h-i686-mingw32/bin/../lib/gcc/nios2-elf/4.1.2/../../../../nios2-elf/lib/mno-hw-mul\libc.a(lib_a-atexit.o)
 .bss           0x00092230        0x0 c:/altera/12.1sp1/nios2eds/bin/gnu/h-i686-mingw32/bin/../lib/gcc/nios2-elf/4.1.2/../../../../nios2-elf/lib/mno-hw-mul\libc.a(lib_a-exit.o)
 .bss           0x00092230        0x0 c:/altera/12.1sp1/nios2eds/bin/gnu/h-i686-mingw32/bin/../lib/gcc/nios2-elf/4.1.2/../../../../nios2-elf/lib/mno-hw-mul\libc.a(lib_a-int_errno.o)
 .bss           0x00092230        0x0 c:/altera/12.1sp1/nios2eds/bin/gnu/h-i686-mingw32/bin/../lib/gcc/nios2-elf/4.1.2/../../../../nios2-elf/lib/mno-hw-mul\libc.a(lib_a-memcmp.o)
 .bss           0x00092230        0x0 c:/altera/12.1sp1/nios2eds/bin/gnu/h-i686-mingw32/bin/../lib/gcc/nios2-elf/4.1.2/../../../../nios2-elf/lib/mno-hw-mul\libc.a(lib_a-memcpy.o)
 .bss           0x00092230        0x0 c:/altera/12.1sp1/nios2eds/bin/gnu/h-i686-mingw32/bin/../lib/gcc/nios2-elf/4.1.2/../../../../nios2-elf/lib/mno-hw-mul\libc.a(lib_a-memset.o)
 .bss           0x00092230        0x0 c:/altera/12.1sp1/nios2eds/bin/gnu/h-i686-mingw32/bin/../lib/gcc/nios2-elf/4.1.2/../../../../nios2-elf/lib/mno-hw-mul\libc.a(lib_a-strlen.o)
 .bss           0x00092230        0x0 c:/altera/12.1sp1/nios2eds/bin/gnu/h-i686-mingw32/bin/../lib/gcc/nios2-elf/4.1.2/../../../../nios2-elf/lib/mno-hw-mul\libc.a(lib_a-__atexit.o)
 .bss           0x00092230        0x0 c:/altera/12.1sp1/nios2eds/bin/gnu/h-i686-mingw32/bin/../lib/gcc/nios2-elf/4.1.2/../../../../nios2-elf/lib/mno-hw-mul\libc.a(lib_a-__call_atexit.o)
 .bss           0x00092230        0x0 ../SynthesizerSoftware_bsp/\libucosii_bsp.a(alt_exit.o)
 *(COMMON)
 COMMON         0x00092230     0x4000 obj/default/MIDISynthesizer.o
                0x00092230                task1_stk
                0x00094230                task2_stk
 COMMON         0x00096230     0x3224 ../SynthesizerSoftware_bsp/\libucosii_bsp.a(os_core.o)
                0x00096230                OSFlagTbl
                0x000965a0                OSMemTbl
                0x000971d0                OSTaskStatStk
                0x000979d0                OSQTbl
                0x00097bb0                OSTaskIdleStk
                0x000983b0                OSEventTbl
                0x00098ef0                OSTCBTbl
                0x00099400                OSTCBPrioTbl
 COMMON         0x00099454      0x100 ../SynthesizerSoftware_bsp/\libucosii_bsp.a(alt_irq_handler.o)
                0x00099454                alt_irq
 COMMON         0x00099554      0x190 c:/altera/12.1sp1/nios2eds/bin/gnu/h-i686-mingw32/bin/../lib/gcc/nios2-elf/4.1.2/../../../../nios2-elf/lib/mno-hw-mul\libc.a(lib_a-atexit.o)
                0x00099554                _atexit0
                0x000996e4                . = ALIGN (0x4)
                0x000996e4                __bss_end = ABSOLUTE (.)

.sram_0         0x000996e4        0x0
                0x000996e4                PROVIDE (_alt_partition_sram_0_start, ABSOLUTE (.))
 *(.sram_0. sram_0.*)
                0x000996e4                . = ALIGN (0x4)
                0x000996e4                PROVIDE (_alt_partition_sram_0_end, ABSOLUTE (.))
                0x000996e4                _end = ABSOLUTE (.)
                0x000996e4                end = ABSOLUTE (.)
                0x000996e4                __alt_stack_base = ABSOLUTE (.)
                0x000996e4                PROVIDE (_alt_partition_sram_0_load_addr, LOADADDR (.sram_0))

.onchip_memory2_0
                0x001041bc        0x0 load address 0x000996e4
                0x001041bc                PROVIDE (_alt_partition_onchip_memory2_0_start, ABSOLUTE (.))
 *(.onchip_memory2_0. onchip_memory2_0.*)
                0x001041bc                . = ALIGN (0x4)
                0x001041bc                PROVIDE (_alt_partition_onchip_memory2_0_end, ABSOLUTE (.))
                0x000996e4                PROVIDE (_alt_partition_onchip_memory2_0_load_addr, LOADADDR (.onchip_memory2_0))

.stab
 *(.stab)

.stabstr
 *(.stabstr)

.stab.excl
 *(.stab.excl)

.stab.exclstr
 *(.stab.exclstr)

.stab.index
 *(.stab.index)

.stab.indexstr
 *(.stab.indexstr)

.comment        0x00000000       0x26
 *(.comment)
 .comment       0x00000000       0x26 obj/default/MIDISynthesizer.o
                                 0x27 (size before relaxing)
 .comment       0x00000000       0x27 obj/default/testing.o
 .comment       0x00000000       0x27 c:/altera/12.1sp1/nios2eds/bin/gnu/h-i686-mingw32/bin/../lib/gcc/nios2-elf/4.1.2/../../../../nios2-elf/lib/mno-hw-mul\libm.a(lib_a-w_pow.o)
 .comment       0x00000000       0x27 c:/altera/12.1sp1/nios2eds/bin/gnu/h-i686-mingw32/bin/../lib/gcc/nios2-elf/4.1.2/../../../../nios2-elf/lib/mno-hw-mul\libm.a(lib_a-e_pow.o)
 .comment       0x00000000       0x27 c:/altera/12.1sp1/nios2eds/bin/gnu/h-i686-mingw32/bin/../lib/gcc/nios2-elf/4.1.2/../../../../nios2-elf/lib/mno-hw-mul\libm.a(lib_a-e_sqrt.o)
 .comment       0x00000000       0x27 c:/altera/12.1sp1/nios2eds/bin/gnu/h-i686-mingw32/bin/../lib/gcc/nios2-elf/4.1.2/../../../../nios2-elf/lib/mno-hw-mul\libm.a(lib_a-s_fabs.o)
 .comment       0x00000000       0x27 c:/altera/12.1sp1/nios2eds/bin/gnu/h-i686-mingw32/bin/../lib/gcc/nios2-elf/4.1.2/../../../../nios2-elf/lib/mno-hw-mul\libm.a(lib_a-s_finite.o)
 .comment       0x00000000       0x27 c:/altera/12.1sp1/nios2eds/bin/gnu/h-i686-mingw32/bin/../lib/gcc/nios2-elf/4.1.2/../../../../nios2-elf/lib/mno-hw-mul\libm.a(lib_a-s_isnand.o)
 .comment       0x00000000       0x27 c:/altera/12.1sp1/nios2eds/bin/gnu/h-i686-mingw32/bin/../lib/gcc/nios2-elf/4.1.2/../../../../nios2-elf/lib/mno-hw-mul\libm.a(lib_a-s_lib_ver.o)
 .comment       0x00000000       0x27 c:/altera/12.1sp1/nios2eds/bin/gnu/h-i686-mingw32/bin/../lib/gcc/nios2-elf/4.1.2/../../../../nios2-elf/lib/mno-hw-mul\libm.a(lib_a-s_matherr.o)
 .comment       0x00000000       0x27 c:/altera/12.1sp1/nios2eds/bin/gnu/h-i686-mingw32/bin/../lib/gcc/nios2-elf/4.1.2/../../../../nios2-elf/lib/mno-hw-mul\libm.a(lib_a-s_nan.o)
 .comment       0x00000000       0x27 c:/altera/12.1sp1/nios2eds/bin/gnu/h-i686-mingw32/bin/../lib/gcc/nios2-elf/4.1.2/../../../../nios2-elf/lib/mno-hw-mul\libm.a(lib_a-s_rint.o)
 .comment       0x00000000       0x27 c:/altera/12.1sp1/nios2eds/bin/gnu/h-i686-mingw32/bin/../lib/gcc/nios2-elf/4.1.2/../../../../nios2-elf/lib/mno-hw-mul\libm.a(lib_a-s_scalbn.o)
 .comment       0x00000000       0x27 c:/altera/12.1sp1/nios2eds/bin/gnu/h-i686-mingw32/bin/../lib/gcc/nios2-elf/4.1.2/../../../../nios2-elf/lib/mno-hw-mul\libm.a(lib_a-s_copysign.o)
 .comment       0x00000000       0x27 c:/altera/12.1sp1/nios2eds/bin/gnu/h-i686-mingw32/bin/../lib/gcc/nios2-elf/4.1.2/mno-hw-mul\libgcc.a(_addsub_df.o)
 .comment       0x00000000       0x27 c:/altera/12.1sp1/nios2eds/bin/gnu/h-i686-mingw32/bin/../lib/gcc/nios2-elf/4.1.2/mno-hw-mul\libgcc.a(_mul_df.o)
 .comment       0x00000000       0x27 c:/altera/12.1sp1/nios2eds/bin/gnu/h-i686-mingw32/bin/../lib/gcc/nios2-elf/4.1.2/mno-hw-mul\libgcc.a(_div_df.o)
 .comment       0x00000000       0x27 c:/altera/12.1sp1/nios2eds/bin/gnu/h-i686-mingw32/bin/../lib/gcc/nios2-elf/4.1.2/mno-hw-mul\libgcc.a(_eq_df.o)
 .comment       0x00000000       0x27 c:/altera/12.1sp1/nios2eds/bin/gnu/h-i686-mingw32/bin/../lib/gcc/nios2-elf/4.1.2/mno-hw-mul\libgcc.a(_ne_df.o)
 .comment       0x00000000       0x27 c:/altera/12.1sp1/nios2eds/bin/gnu/h-i686-mingw32/bin/../lib/gcc/nios2-elf/4.1.2/mno-hw-mul\libgcc.a(_gt_df.o)
 .comment       0x00000000       0x27 c:/altera/12.1sp1/nios2eds/bin/gnu/h-i686-mingw32/bin/../lib/gcc/nios2-elf/4.1.2/mno-hw-mul\libgcc.a(_lt_df.o)
 .comment       0x00000000       0x27 c:/altera/12.1sp1/nios2eds/bin/gnu/h-i686-mingw32/bin/../lib/gcc/nios2-elf/4.1.2/mno-hw-mul\libgcc.a(_le_df.o)
 .comment       0x00000000       0x27 c:/altera/12.1sp1/nios2eds/bin/gnu/h-i686-mingw32/bin/../lib/gcc/nios2-elf/4.1.2/mno-hw-mul\libgcc.a(_si_to_df.o)
 .comment       0x00000000       0x27 c:/altera/12.1sp1/nios2eds/bin/gnu/h-i686-mingw32/bin/../lib/gcc/nios2-elf/4.1.2/mno-hw-mul\libgcc.a(_df_to_si.o)
 .comment       0x00000000       0x27 c:/altera/12.1sp1/nios2eds/bin/gnu/h-i686-mingw32/bin/../lib/gcc/nios2-elf/4.1.2/mno-hw-mul\libgcc.a(_thenan_df.o)
 .comment       0x00000000       0x27 c:/altera/12.1sp1/nios2eds/bin/gnu/h-i686-mingw32/bin/../lib/gcc/nios2-elf/4.1.2/mno-hw-mul\libgcc.a(lib2-divmod.o)
 .comment       0x00000000       0x27 c:/altera/12.1sp1/nios2eds/bin/gnu/h-i686-mingw32/bin/../lib/gcc/nios2-elf/4.1.2/mno-hw-mul\libgcc.a(lib2-mul.o)
 .comment       0x00000000       0x27 c:/altera/12.1sp1/nios2eds/bin/gnu/h-i686-mingw32/bin/../lib/gcc/nios2-elf/4.1.2/mno-hw-mul\libgcc.a(_muldi3.o)
 .comment       0x00000000       0x27 c:/altera/12.1sp1/nios2eds/bin/gnu/h-i686-mingw32/bin/../lib/gcc/nios2-elf/4.1.2/mno-hw-mul\libgcc.a(_clzsi2.o)
 .comment       0x00000000       0x27 c:/altera/12.1sp1/nios2eds/bin/gnu/h-i686-mingw32/bin/../lib/gcc/nios2-elf/4.1.2/mno-hw-mul\libgcc.a(_pack_df.o)
 .comment       0x00000000       0x27 c:/altera/12.1sp1/nios2eds/bin/gnu/h-i686-mingw32/bin/../lib/gcc/nios2-elf/4.1.2/mno-hw-mul\libgcc.a(_unpack_df.o)
 .comment       0x00000000       0x27 c:/altera/12.1sp1/nios2eds/bin/gnu/h-i686-mingw32/bin/../lib/gcc/nios2-elf/4.1.2/mno-hw-mul\libgcc.a(_fpcmp_parts_df.o)
 .comment       0x00000000       0x27 c:/altera/12.1sp1/nios2eds/bin/gnu/h-i686-mingw32/bin/../lib/gcc/nios2-elf/4.1.2/mno-hw-mul\libgcc.a(_clz.o)
 .comment       0x00000000       0x27 c:/altera/12.1sp1/nios2eds/bin/gnu/h-i686-mingw32/bin/../lib/gcc/nios2-elf/4.1.2/../../../../nios2-elf/lib/mno-hw-mul\libc.a(lib_a-errno.o)
 .comment       0x00000000       0x27 c:/altera/12.1sp1/nios2eds/bin/gnu/h-i686-mingw32/bin/../lib/gcc/nios2-elf/4.1.2/../../../../nios2-elf/lib/mno-hw-mul\libc.a(lib_a-impure.o)
 .comment       0x00000000       0x27 ../SynthesizerSoftware_bsp/\libucosii_bsp.a(alt_load.o)
 .comment       0x00000000       0x27 ../SynthesizerSoftware_bsp/\libucosii_bsp.a(alt_main.o)
 .comment       0x00000000       0x27 ../SynthesizerSoftware_bsp/\libucosii_bsp.a(alt_env_lock.o)
 .comment       0x00000000       0x27 ../SynthesizerSoftware_bsp/\libucosii_bsp.a(alt_malloc_lock.o)
 .comment       0x00000000       0x27 ../SynthesizerSoftware_bsp/\libucosii_bsp.a(os_core.o)
 .comment       0x00000000       0x27 ../SynthesizerSoftware_bsp/\libucosii_bsp.a(os_dbg.o)
 .comment       0x00000000       0x27 ../SynthesizerSoftware_bsp/\libucosii_bsp.a(os_flag.o)
 .comment       0x00000000       0x27 ../SynthesizerSoftware_bsp/\libucosii_bsp.a(os_mem.o)
 .comment       0x00000000       0x27 ../SynthesizerSoftware_bsp/\libucosii_bsp.a(os_q.o)
 .comment       0x00000000       0x27 ../SynthesizerSoftware_bsp/\libucosii_bsp.a(os_sem.o)
 .comment       0x00000000       0x27 ../SynthesizerSoftware_bsp/\libucosii_bsp.a(os_task.o)
 .comment       0x00000000       0x27 ../SynthesizerSoftware_bsp/\libucosii_bsp.a(os_time.o)
 .comment       0x00000000       0x27 ../SynthesizerSoftware_bsp/\libucosii_bsp.a(alt_sys_init.o)
 .comment       0x00000000       0x27 ../SynthesizerSoftware_bsp/\libucosii_bsp.a(altera_avalon_jtag_uart_fd.o)
 .comment       0x00000000       0x27 ../SynthesizerSoftware_bsp/\libucosii_bsp.a(altera_avalon_jtag_uart_init.o)
 .comment       0x00000000       0x27 ../SynthesizerSoftware_bsp/\libucosii_bsp.a(altera_avalon_jtag_uart_ioctl.o)
 .comment       0x00000000       0x27 ../SynthesizerSoftware_bsp/\libucosii_bsp.a(altera_avalon_jtag_uart_read.o)
 .comment       0x00000000       0x27 ../SynthesizerSoftware_bsp/\libucosii_bsp.a(altera_avalon_jtag_uart_write.o)
 .comment       0x00000000       0x27 ../SynthesizerSoftware_bsp/\libucosii_bsp.a(altera_avalon_timer_sc.o)
 .comment       0x00000000       0x27 ../SynthesizerSoftware_bsp/\libucosii_bsp.a(alt_alarm_start.o)
 .comment       0x00000000       0x27 ../SynthesizerSoftware_bsp/\libucosii_bsp.a(alt_close.o)
 .comment       0x00000000       0x27 ../SynthesizerSoftware_bsp/\libucosii_bsp.a(alt_dcache_flush_all.o)
 .comment       0x00000000       0x27 ../SynthesizerSoftware_bsp/\libucosii_bsp.a(alt_dev.o)
 .comment       0x00000000       0x27 ../SynthesizerSoftware_bsp/\libucosii_bsp.a(alt_dev_llist_insert.o)
 .comment       0x00000000       0x27 ../SynthesizerSoftware_bsp/\libucosii_bsp.a(alt_do_ctors.o)
 .comment       0x00000000       0x27 ../SynthesizerSoftware_bsp/\libucosii_bsp.a(alt_do_dtors.o)
 .comment       0x00000000       0x27 ../SynthesizerSoftware_bsp/\libucosii_bsp.a(alt_errno.o)
 .comment       0x00000000       0x27 ../SynthesizerSoftware_bsp/\libucosii_bsp.a(alt_icache_flush_all.o)
 .comment       0x00000000       0x27 ../SynthesizerSoftware_bsp/\libucosii_bsp.a(alt_iic.o)
 .comment       0x00000000       0x27 ../SynthesizerSoftware_bsp/\libucosii_bsp.a(alt_iic_isr_register.o)
 .comment       0x00000000       0x27 ../SynthesizerSoftware_bsp/\libucosii_bsp.a(alt_io_redirect.o)
 .comment       0x00000000       0x27 ../SynthesizerSoftware_bsp/\libucosii_bsp.a(alt_irq_handler.o)
 .comment       0x00000000       0x27 ../SynthesizerSoftware_bsp/\libucosii_bsp.a(alt_irq_vars.o)
 .comment       0x00000000       0x27 ../SynthesizerSoftware_bsp/\libucosii_bsp.a(alt_open.o)
 .comment       0x00000000       0x27 ../SynthesizerSoftware_bsp/\libucosii_bsp.a(alt_release_fd.o)
 .comment       0x00000000       0x27 ../SynthesizerSoftware_bsp/\libucosii_bsp.a(alt_tick.o)
 .comment       0x00000000       0x27 ../SynthesizerSoftware_bsp/\libucosii_bsp.a(altera_nios2_qsys_irq.o)
 .comment       0x00000000       0x27 ../SynthesizerSoftware_bsp/\libucosii_bsp.a(os_cpu_c.o)
 .comment       0x00000000       0x27 ../SynthesizerSoftware_bsp/\libucosii_bsp.a(alt_find_dev.o)
 .comment       0x00000000       0x27 ../SynthesizerSoftware_bsp/\libucosii_bsp.a(alt_find_file.o)
 .comment       0x00000000       0x27 ../SynthesizerSoftware_bsp/\libucosii_bsp.a(alt_get_fd.o)
 .comment       0x00000000       0x27 c:/altera/12.1sp1/nios2eds/bin/gnu/h-i686-mingw32/bin/../lib/gcc/nios2-elf/4.1.2/../../../../nios2-elf/lib/mno-hw-mul\libc.a(lib_a-atexit.o)
 .comment       0x00000000       0x27 c:/altera/12.1sp1/nios2eds/bin/gnu/h-i686-mingw32/bin/../lib/gcc/nios2-elf/4.1.2/../../../../nios2-elf/lib/mno-hw-mul\libc.a(lib_a-exit.o)
 .comment       0x00000000       0x27 c:/altera/12.1sp1/nios2eds/bin/gnu/h-i686-mingw32/bin/../lib/gcc/nios2-elf/4.1.2/../../../../nios2-elf/lib/mno-hw-mul\libc.a(lib_a-int_errno.o)
 .comment       0x00000000       0x27 c:/altera/12.1sp1/nios2eds/bin/gnu/h-i686-mingw32/bin/../lib/gcc/nios2-elf/4.1.2/../../../../nios2-elf/lib/mno-hw-mul\libc.a(lib_a-memcmp.o)
 .comment       0x00000000       0x27 c:/altera/12.1sp1/nios2eds/bin/gnu/h-i686-mingw32/bin/../lib/gcc/nios2-elf/4.1.2/../../../../nios2-elf/lib/mno-hw-mul\libc.a(lib_a-memcpy.o)
 .comment       0x00000000       0x27 c:/altera/12.1sp1/nios2eds/bin/gnu/h-i686-mingw32/bin/../lib/gcc/nios2-elf/4.1.2/../../../../nios2-elf/lib/mno-hw-mul\libc.a(lib_a-memset.o)
 .comment       0x00000000       0x27 c:/altera/12.1sp1/nios2eds/bin/gnu/h-i686-mingw32/bin/../lib/gcc/nios2-elf/4.1.2/../../../../nios2-elf/lib/mno-hw-mul\libc.a(lib_a-strlen.o)
 .comment       0x00000000       0x27 c:/altera/12.1sp1/nios2eds/bin/gnu/h-i686-mingw32/bin/../lib/gcc/nios2-elf/4.1.2/../../../../nios2-elf/lib/mno-hw-mul\libc.a(lib_a-__atexit.o)
 .comment       0x00000000       0x27 c:/altera/12.1sp1/nios2eds/bin/gnu/h-i686-mingw32/bin/../lib/gcc/nios2-elf/4.1.2/../../../../nios2-elf/lib/mno-hw-mul\libc.a(lib_a-__call_atexit.o)
 .comment       0x00000000       0x27 ../SynthesizerSoftware_bsp/\libucosii_bsp.a(alt_exit.o)

.debug
 *(.debug)

.line
 *(.line)

.debug_srcinfo
 *(.debug_srcinfo)

.debug_sfnames
 *(.debug_sfnames)

.debug_aranges  0x00000000      0xa78
 *(.debug_aranges)
 .debug_aranges
                0x00000000       0x28 ../SynthesizerSoftware_bsp//obj/HAL/src/crt0.o
 .debug_aranges
                0x00000028       0x20 obj/default/MIDISynthesizer.o
 .debug_aranges
                0x00000048       0x20 c:/altera/12.1sp1/nios2eds/bin/gnu/h-i686-mingw32/bin/../lib/gcc/nios2-elf/4.1.2/../../../../nios2-elf/lib/mno-hw-mul\libm.a(lib_a-w_pow.o)
 .debug_aranges
                0x00000068       0x20 c:/altera/12.1sp1/nios2eds/bin/gnu/h-i686-mingw32/bin/../lib/gcc/nios2-elf/4.1.2/../../../../nios2-elf/lib/mno-hw-mul\libm.a(lib_a-e_pow.o)
 .debug_aranges
                0x00000088       0x20 c:/altera/12.1sp1/nios2eds/bin/gnu/h-i686-mingw32/bin/../lib/gcc/nios2-elf/4.1.2/../../../../nios2-elf/lib/mno-hw-mul\libm.a(lib_a-e_sqrt.o)
 .debug_aranges
                0x000000a8       0x20 c:/altera/12.1sp1/nios2eds/bin/gnu/h-i686-mingw32/bin/../lib/gcc/nios2-elf/4.1.2/../../../../nios2-elf/lib/mno-hw-mul\libm.a(lib_a-s_fabs.o)
 .debug_aranges
                0x000000c8       0x20 c:/altera/12.1sp1/nios2eds/bin/gnu/h-i686-mingw32/bin/../lib/gcc/nios2-elf/4.1.2/../../../../nios2-elf/lib/mno-hw-mul\libm.a(lib_a-s_finite.o)
 .debug_aranges
                0x000000e8       0x20 c:/altera/12.1sp1/nios2eds/bin/gnu/h-i686-mingw32/bin/../lib/gcc/nios2-elf/4.1.2/../../../../nios2-elf/lib/mno-hw-mul\libm.a(lib_a-s_isnand.o)
 .debug_aranges
                0x00000108       0x20 c:/altera/12.1sp1/nios2eds/bin/gnu/h-i686-mingw32/bin/../lib/gcc/nios2-elf/4.1.2/../../../../nios2-elf/lib/mno-hw-mul\libm.a(lib_a-s_matherr.o)
 .debug_aranges
                0x00000128       0x20 c:/altera/12.1sp1/nios2eds/bin/gnu/h-i686-mingw32/bin/../lib/gcc/nios2-elf/4.1.2/../../../../nios2-elf/lib/mno-hw-mul\libm.a(lib_a-s_nan.o)
 .debug_aranges
                0x00000148       0x20 c:/altera/12.1sp1/nios2eds/bin/gnu/h-i686-mingw32/bin/../lib/gcc/nios2-elf/4.1.2/../../../../nios2-elf/lib/mno-hw-mul\libm.a(lib_a-s_rint.o)
 .debug_aranges
                0x00000168       0x20 c:/altera/12.1sp1/nios2eds/bin/gnu/h-i686-mingw32/bin/../lib/gcc/nios2-elf/4.1.2/../../../../nios2-elf/lib/mno-hw-mul\libm.a(lib_a-s_scalbn.o)
 .debug_aranges
                0x00000188       0x20 c:/altera/12.1sp1/nios2eds/bin/gnu/h-i686-mingw32/bin/../lib/gcc/nios2-elf/4.1.2/../../../../nios2-elf/lib/mno-hw-mul\libm.a(lib_a-s_copysign.o)
 .debug_aranges
                0x000001a8       0x20 c:/altera/12.1sp1/nios2eds/bin/gnu/h-i686-mingw32/bin/../lib/gcc/nios2-elf/4.1.2/mno-hw-mul\libgcc.a(_addsub_df.o)
 .debug_aranges
                0x000001c8       0x20 c:/altera/12.1sp1/nios2eds/bin/gnu/h-i686-mingw32/bin/../lib/gcc/nios2-elf/4.1.2/mno-hw-mul\libgcc.a(_mul_df.o)
 .debug_aranges
                0x000001e8       0x20 c:/altera/12.1sp1/nios2eds/bin/gnu/h-i686-mingw32/bin/../lib/gcc/nios2-elf/4.1.2/mno-hw-mul\libgcc.a(_div_df.o)
 .debug_aranges
                0x00000208       0x20 c:/altera/12.1sp1/nios2eds/bin/gnu/h-i686-mingw32/bin/../lib/gcc/nios2-elf/4.1.2/mno-hw-mul\libgcc.a(_eq_df.o)
 .debug_aranges
                0x00000228       0x20 c:/altera/12.1sp1/nios2eds/bin/gnu/h-i686-mingw32/bin/../lib/gcc/nios2-elf/4.1.2/mno-hw-mul\libgcc.a(_ne_df.o)
 .debug_aranges
                0x00000248       0x20 c:/altera/12.1sp1/nios2eds/bin/gnu/h-i686-mingw32/bin/../lib/gcc/nios2-elf/4.1.2/mno-hw-mul\libgcc.a(_gt_df.o)
 .debug_aranges
                0x00000268       0x20 c:/altera/12.1sp1/nios2eds/bin/gnu/h-i686-mingw32/bin/../lib/gcc/nios2-elf/4.1.2/mno-hw-mul\libgcc.a(_lt_df.o)
 .debug_aranges
                0x00000288       0x20 c:/altera/12.1sp1/nios2eds/bin/gnu/h-i686-mingw32/bin/../lib/gcc/nios2-elf/4.1.2/mno-hw-mul\libgcc.a(_le_df.o)
 .debug_aranges
                0x000002a8       0x20 c:/altera/12.1sp1/nios2eds/bin/gnu/h-i686-mingw32/bin/../lib/gcc/nios2-elf/4.1.2/mno-hw-mul\libgcc.a(_si_to_df.o)
 .debug_aranges
                0x000002c8       0x20 c:/altera/12.1sp1/nios2eds/bin/gnu/h-i686-mingw32/bin/../lib/gcc/nios2-elf/4.1.2/mno-hw-mul\libgcc.a(_df_to_si.o)
 .debug_aranges
                0x000002e8       0x20 c:/altera/12.1sp1/nios2eds/bin/gnu/h-i686-mingw32/bin/../lib/gcc/nios2-elf/4.1.2/mno-hw-mul\libgcc.a(lib2-divmod.o)
 .debug_aranges
                0x00000308       0x20 c:/altera/12.1sp1/nios2eds/bin/gnu/h-i686-mingw32/bin/../lib/gcc/nios2-elf/4.1.2/mno-hw-mul\libgcc.a(lib2-mul.o)
 .debug_aranges
                0x00000328       0x20 c:/altera/12.1sp1/nios2eds/bin/gnu/h-i686-mingw32/bin/../lib/gcc/nios2-elf/4.1.2/mno-hw-mul\libgcc.a(_muldi3.o)
 .debug_aranges
                0x00000348       0x20 c:/altera/12.1sp1/nios2eds/bin/gnu/h-i686-mingw32/bin/../lib/gcc/nios2-elf/4.1.2/mno-hw-mul\libgcc.a(_clzsi2.o)
 .debug_aranges
                0x00000368       0x20 c:/altera/12.1sp1/nios2eds/bin/gnu/h-i686-mingw32/bin/../lib/gcc/nios2-elf/4.1.2/mno-hw-mul\libgcc.a(_pack_df.o)
 .debug_aranges
                0x00000388       0x20 c:/altera/12.1sp1/nios2eds/bin/gnu/h-i686-mingw32/bin/../lib/gcc/nios2-elf/4.1.2/mno-hw-mul\libgcc.a(_unpack_df.o)
 .debug_aranges
                0x000003a8       0x20 c:/altera/12.1sp1/nios2eds/bin/gnu/h-i686-mingw32/bin/../lib/gcc/nios2-elf/4.1.2/mno-hw-mul\libgcc.a(_fpcmp_parts_df.o)
 .debug_aranges
                0x000003c8       0x20 c:/altera/12.1sp1/nios2eds/bin/gnu/h-i686-mingw32/bin/../lib/gcc/nios2-elf/4.1.2/../../../../nios2-elf/lib/mno-hw-mul\libc.a(lib_a-errno.o)
 .debug_aranges
                0x000003e8       0x20 ../SynthesizerSoftware_bsp/\libucosii_bsp.a(alt_load.o)
 .debug_aranges
                0x00000408       0x20 ../SynthesizerSoftware_bsp/\libucosii_bsp.a(alt_main.o)
 .debug_aranges
                0x00000428       0x20 ../SynthesizerSoftware_bsp/\libucosii_bsp.a(alt_env_lock.o)
 .debug_aranges
                0x00000448       0x20 ../SynthesizerSoftware_bsp/\libucosii_bsp.a(alt_malloc_lock.o)
 .debug_aranges
                0x00000468       0x20 ../SynthesizerSoftware_bsp/\libucosii_bsp.a(os_core.o)
 .debug_aranges
                0x00000488       0x20 ../SynthesizerSoftware_bsp/\libucosii_bsp.a(os_dbg.o)
 .debug_aranges
                0x000004a8       0x20 ../SynthesizerSoftware_bsp/\libucosii_bsp.a(os_flag.o)
 .debug_aranges
                0x000004c8       0x20 ../SynthesizerSoftware_bsp/\libucosii_bsp.a(os_mem.o)
 .debug_aranges
                0x000004e8       0x20 ../SynthesizerSoftware_bsp/\libucosii_bsp.a(os_q.o)
 .debug_aranges
                0x00000508       0x20 ../SynthesizerSoftware_bsp/\libucosii_bsp.a(os_sem.o)
 .debug_aranges
                0x00000528       0x20 ../SynthesizerSoftware_bsp/\libucosii_bsp.a(os_task.o)
 .debug_aranges
                0x00000548       0x20 ../SynthesizerSoftware_bsp/\libucosii_bsp.a(os_time.o)
 .debug_aranges
                0x00000568       0x20 ../SynthesizerSoftware_bsp/\libucosii_bsp.a(alt_sys_init.o)
 .debug_aranges
                0x00000588       0x20 ../SynthesizerSoftware_bsp/\libucosii_bsp.a(altera_avalon_jtag_uart_fd.o)
 .debug_aranges
                0x000005a8       0x20 ../SynthesizerSoftware_bsp/\libucosii_bsp.a(altera_avalon_jtag_uart_init.o)
 .debug_aranges
                0x000005c8       0x20 ../SynthesizerSoftware_bsp/\libucosii_bsp.a(altera_avalon_jtag_uart_ioctl.o)
 .debug_aranges
                0x000005e8       0x20 ../SynthesizerSoftware_bsp/\libucosii_bsp.a(altera_avalon_jtag_uart_read.o)
 .debug_aranges
                0x00000608       0x20 ../SynthesizerSoftware_bsp/\libucosii_bsp.a(altera_avalon_jtag_uart_write.o)
 .debug_aranges
                0x00000628       0x20 ../SynthesizerSoftware_bsp/\libucosii_bsp.a(altera_avalon_timer_sc.o)
 .debug_aranges
                0x00000648       0x20 ../SynthesizerSoftware_bsp/\libucosii_bsp.a(alt_alarm_start.o)
 .debug_aranges
                0x00000668       0x20 ../SynthesizerSoftware_bsp/\libucosii_bsp.a(alt_close.o)
 .debug_aranges
                0x00000688       0x20 ../SynthesizerSoftware_bsp/\libucosii_bsp.a(alt_dcache_flush_all.o)
 .debug_aranges
                0x000006a8       0x20 ../SynthesizerSoftware_bsp/\libucosii_bsp.a(alt_dev.o)
 .debug_aranges
                0x000006c8       0x20 ../SynthesizerSoftware_bsp/\libucosii_bsp.a(alt_dev_llist_insert.o)
 .debug_aranges
                0x000006e8       0x20 ../SynthesizerSoftware_bsp/\libucosii_bsp.a(alt_do_ctors.o)
 .debug_aranges
                0x00000708       0x20 ../SynthesizerSoftware_bsp/\libucosii_bsp.a(alt_do_dtors.o)
 .debug_aranges
                0x00000728       0x20 ../SynthesizerSoftware_bsp/\libucosii_bsp.a(alt_icache_flush_all.o)
 .debug_aranges
                0x00000748       0x20 ../SynthesizerSoftware_bsp/\libucosii_bsp.a(alt_iic.o)
 .debug_aranges
                0x00000768       0x20 ../SynthesizerSoftware_bsp/\libucosii_bsp.a(alt_iic_isr_register.o)
 .debug_aranges
                0x00000788       0x20 ../SynthesizerSoftware_bsp/\libucosii_bsp.a(alt_io_redirect.o)
 .debug_aranges
                0x000007a8       0x30 ../SynthesizerSoftware_bsp/\libucosii_bsp.a(alt_irq_entry.o)
 .debug_aranges
                0x000007d8       0x28 ../SynthesizerSoftware_bsp/\libucosii_bsp.a(alt_irq_handler.o)
 .debug_aranges
                0x00000800       0x20 ../SynthesizerSoftware_bsp/\libucosii_bsp.a(alt_open.o)
 .debug_aranges
                0x00000820       0x20 ../SynthesizerSoftware_bsp/\libucosii_bsp.a(alt_release_fd.o)
 .debug_aranges
                0x00000840       0x20 ../SynthesizerSoftware_bsp/\libucosii_bsp.a(alt_tick.o)
 .debug_aranges
                0x00000860       0x20 ../SynthesizerSoftware_bsp/\libucosii_bsp.a(altera_nios2_qsys_irq.o)
 .debug_aranges
                0x00000880       0x20 ../SynthesizerSoftware_bsp/\libucosii_bsp.a(os_cpu_a.o)
 .debug_aranges
                0x000008a0       0x20 ../SynthesizerSoftware_bsp/\libucosii_bsp.a(os_cpu_c.o)
 .debug_aranges
                0x000008c0       0x38 ../SynthesizerSoftware_bsp/\libucosii_bsp.a(alt_exception_entry.o)
 .debug_aranges
                0x000008f8       0x20 ../SynthesizerSoftware_bsp/\libucosii_bsp.a(alt_find_dev.o)
 .debug_aranges
                0x00000918       0x20 ../SynthesizerSoftware_bsp/\libucosii_bsp.a(alt_find_file.o)
 .debug_aranges
                0x00000938       0x20 ../SynthesizerSoftware_bsp/\libucosii_bsp.a(alt_get_fd.o)
 .debug_aranges
                0x00000958       0x20 c:/altera/12.1sp1/nios2eds/bin/gnu/h-i686-mingw32/bin/../lib/gcc/nios2-elf/4.1.2/../../../../nios2-elf/lib/mno-hw-mul\libc.a(lib_a-atexit.o)
 .debug_aranges
                0x00000978       0x20 c:/altera/12.1sp1/nios2eds/bin/gnu/h-i686-mingw32/bin/../lib/gcc/nios2-elf/4.1.2/../../../../nios2-elf/lib/mno-hw-mul\libc.a(lib_a-exit.o)
 .debug_aranges
                0x00000998       0x20 c:/altera/12.1sp1/nios2eds/bin/gnu/h-i686-mingw32/bin/../lib/gcc/nios2-elf/4.1.2/../../../../nios2-elf/lib/mno-hw-mul\libc.a(lib_a-memcmp.o)
 .debug_aranges
                0x000009b8       0x20 c:/altera/12.1sp1/nios2eds/bin/gnu/h-i686-mingw32/bin/../lib/gcc/nios2-elf/4.1.2/../../../../nios2-elf/lib/mno-hw-mul\libc.a(lib_a-memcpy.o)
 .debug_aranges
                0x000009d8       0x20 c:/altera/12.1sp1/nios2eds/bin/gnu/h-i686-mingw32/bin/../lib/gcc/nios2-elf/4.1.2/../../../../nios2-elf/lib/mno-hw-mul\libc.a(lib_a-memset.o)
 .debug_aranges
                0x000009f8       0x20 c:/altera/12.1sp1/nios2eds/bin/gnu/h-i686-mingw32/bin/../lib/gcc/nios2-elf/4.1.2/../../../../nios2-elf/lib/mno-hw-mul\libc.a(lib_a-strlen.o)
 .debug_aranges
                0x00000a18       0x20 c:/altera/12.1sp1/nios2eds/bin/gnu/h-i686-mingw32/bin/../lib/gcc/nios2-elf/4.1.2/../../../../nios2-elf/lib/mno-hw-mul\libc.a(lib_a-__atexit.o)
 .debug_aranges
                0x00000a38       0x20 c:/altera/12.1sp1/nios2eds/bin/gnu/h-i686-mingw32/bin/../lib/gcc/nios2-elf/4.1.2/../../../../nios2-elf/lib/mno-hw-mul\libc.a(lib_a-__call_atexit.o)
 .debug_aranges
                0x00000a58       0x20 ../SynthesizerSoftware_bsp/\libucosii_bsp.a(alt_exit.o)

.debug_pubnames
                0x00000000     0x198f
 *(.debug_pubnames)
 .debug_pubnames
                0x00000000       0xba obj/default/MIDISynthesizer.o
 .debug_pubnames
                0x000000ba       0x1a c:/altera/12.1sp1/nios2eds/bin/gnu/h-i686-mingw32/bin/../lib/gcc/nios2-elf/4.1.2/../../../../nios2-elf/lib/mno-hw-mul\libm.a(lib_a-w_pow.o)
 .debug_pubnames
                0x000000d4       0x24 c:/altera/12.1sp1/nios2eds/bin/gnu/h-i686-mingw32/bin/../lib/gcc/nios2-elf/4.1.2/../../../../nios2-elf/lib/mno-hw-mul\libm.a(lib_a-e_pow.o)
 .debug_pubnames
                0x000000f8       0x25 c:/altera/12.1sp1/nios2eds/bin/gnu/h-i686-mingw32/bin/../lib/gcc/nios2-elf/4.1.2/../../../../nios2-elf/lib/mno-hw-mul\libm.a(lib_a-e_sqrt.o)
 .debug_pubnames
                0x0000011d       0x1b c:/altera/12.1sp1/nios2eds/bin/gnu/h-i686-mingw32/bin/../lib/gcc/nios2-elf/4.1.2/../../../../nios2-elf/lib/mno-hw-mul\libm.a(lib_a-s_fabs.o)
 .debug_pubnames
                0x00000138       0x1d c:/altera/12.1sp1/nios2eds/bin/gnu/h-i686-mingw32/bin/../lib/gcc/nios2-elf/4.1.2/../../../../nios2-elf/lib/mno-hw-mul\libm.a(lib_a-s_finite.o)
 .debug_pubnames
                0x00000155       0x1f c:/altera/12.1sp1/nios2eds/bin/gnu/h-i686-mingw32/bin/../lib/gcc/nios2-elf/4.1.2/../../../../nios2-elf/lib/mno-hw-mul\libm.a(lib_a-s_isnand.o)
 .debug_pubnames
                0x00000174       0x26 c:/altera/12.1sp1/nios2eds/bin/gnu/h-i686-mingw32/bin/../lib/gcc/nios2-elf/4.1.2/../../../../nios2-elf/lib/mno-hw-mul\libm.a(lib_a-s_lib_ver.o)
 .debug_pubnames
                0x0000019a       0x1e c:/altera/12.1sp1/nios2eds/bin/gnu/h-i686-mingw32/bin/../lib/gcc/nios2-elf/4.1.2/../../../../nios2-elf/lib/mno-hw-mul\libm.a(lib_a-s_matherr.o)
 .debug_pubnames
                0x000001b8       0x1a c:/altera/12.1sp1/nios2eds/bin/gnu/h-i686-mingw32/bin/../lib/gcc/nios2-elf/4.1.2/../../../../nios2-elf/lib/mno-hw-mul\libm.a(lib_a-s_nan.o)
 .debug_pubnames
                0x000001d2       0x1b c:/altera/12.1sp1/nios2eds/bin/gnu/h-i686-mingw32/bin/../lib/gcc/nios2-elf/4.1.2/../../../../nios2-elf/lib/mno-hw-mul\libm.a(lib_a-s_rint.o)
 .debug_pubnames
                0x000001ed       0x1d c:/altera/12.1sp1/nios2eds/bin/gnu/h-i686-mingw32/bin/../lib/gcc/nios2-elf/4.1.2/../../../../nios2-elf/lib/mno-hw-mul\libm.a(lib_a-s_scalbn.o)
 .debug_pubnames
                0x0000020a       0x1f c:/altera/12.1sp1/nios2eds/bin/gnu/h-i686-mingw32/bin/../lib/gcc/nios2-elf/4.1.2/../../../../nios2-elf/lib/mno-hw-mul\libm.a(lib_a-s_copysign.o)
 .debug_pubnames
                0x00000229       0x2c c:/altera/12.1sp1/nios2eds/bin/gnu/h-i686-mingw32/bin/../lib/gcc/nios2-elf/4.1.2/mno-hw-mul\libgcc.a(_addsub_df.o)
 .debug_pubnames
                0x00000255       0x1f c:/altera/12.1sp1/nios2eds/bin/gnu/h-i686-mingw32/bin/../lib/gcc/nios2-elf/4.1.2/mno-hw-mul\libgcc.a(_mul_df.o)
 .debug_pubnames
                0x00000274       0x1f c:/altera/12.1sp1/nios2eds/bin/gnu/h-i686-mingw32/bin/../lib/gcc/nios2-elf/4.1.2/mno-hw-mul\libgcc.a(_div_df.o)
 .debug_pubnames
                0x00000293       0x1e c:/altera/12.1sp1/nios2eds/bin/gnu/h-i686-mingw32/bin/../lib/gcc/nios2-elf/4.1.2/mno-hw-mul\libgcc.a(_eq_df.o)
 .debug_pubnames
                0x000002b1       0x1e c:/altera/12.1sp1/nios2eds/bin/gnu/h-i686-mingw32/bin/../lib/gcc/nios2-elf/4.1.2/mno-hw-mul\libgcc.a(_ne_df.o)
 .debug_pubnames
                0x000002cf       0x1e c:/altera/12.1sp1/nios2eds/bin/gnu/h-i686-mingw32/bin/../lib/gcc/nios2-elf/4.1.2/mno-hw-mul\libgcc.a(_gt_df.o)
 .debug_pubnames
                0x000002ed       0x1e c:/altera/12.1sp1/nios2eds/bin/gnu/h-i686-mingw32/bin/../lib/gcc/nios2-elf/4.1.2/mno-hw-mul\libgcc.a(_lt_df.o)
 .debug_pubnames
                0x0000030b       0x1e c:/altera/12.1sp1/nios2eds/bin/gnu/h-i686-mingw32/bin/../lib/gcc/nios2-elf/4.1.2/mno-hw-mul\libgcc.a(_le_df.o)
 .debug_pubnames
                0x00000329       0x22 c:/altera/12.1sp1/nios2eds/bin/gnu/h-i686-mingw32/bin/../lib/gcc/nios2-elf/4.1.2/mno-hw-mul\libgcc.a(_si_to_df.o)
 .debug_pubnames
                0x0000034b       0x20 c:/altera/12.1sp1/nios2eds/bin/gnu/h-i686-mingw32/bin/../lib/gcc/nios2-elf/4.1.2/mno-hw-mul\libgcc.a(_df_to_si.o)
 .debug_pubnames
                0x0000036b       0x22 c:/altera/12.1sp1/nios2eds/bin/gnu/h-i686-mingw32/bin/../lib/gcc/nios2-elf/4.1.2/mno-hw-mul\libgcc.a(_thenan_df.o)
 .debug_pubnames
                0x0000038d       0x48 c:/altera/12.1sp1/nios2eds/bin/gnu/h-i686-mingw32/bin/../lib/gcc/nios2-elf/4.1.2/mno-hw-mul\libgcc.a(lib2-divmod.o)
 .debug_pubnames
                0x000003d5       0x1f c:/altera/12.1sp1/nios2eds/bin/gnu/h-i686-mingw32/bin/../lib/gcc/nios2-elf/4.1.2/mno-hw-mul\libgcc.a(lib2-mul.o)
 .debug_pubnames
                0x000003f4       0x1f c:/altera/12.1sp1/nios2eds/bin/gnu/h-i686-mingw32/bin/../lib/gcc/nios2-elf/4.1.2/mno-hw-mul\libgcc.a(_muldi3.o)
 .debug_pubnames